<!doctype html public "-//w3c//dtd html 4.0 transitional//en">
<html><head>
<title>Static Call Graph - [.\Objects\template_stm32f4_rt-thread_c.axf]</title></head>
<body><HR>
<H1>Static Call Graph for image .\Objects\template_stm32f4_rt-thread_c.axf</H1><HR>
<BR><P>#&#060CALLGRAPH&#062# ARM Linker, 5060422: Last Updated: Fri Dec 27 23:46:27 2024
<BR><P>
<H3>Maximum Stack Usage =        744 bytes + Unknown(Functions without stacksize, Cycles, Untraceable Function Pointers)</H3><H3>
Call chain for Maximum Stack Depth:</H3>
Func_2_Init &rArr; Drv_MccSetStepmotorLine5 &rArr; Drv_StepmotorCalcMotorFre5 &rArr; __hardfp_pow &rArr; sqrt &rArr; _dsqrt &rArr; __fpl_dnaninf
<P>
<H3>
Functions with no stack information
</H3><UL>
 <LI><a href="#[f9]">__user_initial_stackheap</a>
</UL>
</UL>
<P>
<H3>
Mutually Recursive functions
</H3> <LI><a href="#[1e]">ADC_IRQHandler</a>&nbsp;&nbsp;&nbsp;&rArr;&nbsp;&nbsp;&nbsp;<a href="#[1e]">ADC_IRQHandler</a><BR>
 <LI><a href="#[1b8]">_rt_scheduler_stack_check</a>&nbsp;&nbsp;&nbsp;&rArr;&nbsp;&nbsp;&nbsp;<a href="#[d0]">list_thread</a><BR>
</UL>
<P>
<H3>
Function Pointers
</H3><UL>
 <LI><a href="#[1e]">ADC_IRQHandler</a> from startup_stm32f40xx.o(.text) referenced from startup_stm32f40xx.o(RESET)
 <LI><a href="#[6]">BusFault_Handler</a> from stm32f4xx_it.o(i.BusFault_Handler) referenced from startup_stm32f40xx.o(RESET)
 <LI><a href="#[20]">CAN1_RX0_IRQHandler</a> from hal_can.o(i.CAN1_RX0_IRQHandler) referenced from startup_stm32f40xx.o(RESET)
 <LI><a href="#[21]">CAN1_RX1_IRQHandler</a> from startup_stm32f40xx.o(.text) referenced from startup_stm32f40xx.o(RESET)
 <LI><a href="#[22]">CAN1_SCE_IRQHandler</a> from startup_stm32f40xx.o(.text) referenced from startup_stm32f40xx.o(RESET)
 <LI><a href="#[1f]">CAN1_TX_IRQHandler</a> from startup_stm32f40xx.o(.text) referenced from startup_stm32f40xx.o(RESET)
 <LI><a href="#[4c]">CAN2_RX0_IRQHandler</a> from hal_can.o(i.CAN2_RX0_IRQHandler) referenced from startup_stm32f40xx.o(RESET)
 <LI><a href="#[4d]">CAN2_RX1_IRQHandler</a> from startup_stm32f40xx.o(.text) referenced from startup_stm32f40xx.o(RESET)
 <LI><a href="#[4e]">CAN2_SCE_IRQHandler</a> from startup_stm32f40xx.o(.text) referenced from startup_stm32f40xx.o(RESET)
 <LI><a href="#[4b]">CAN2_TX_IRQHandler</a> from startup_stm32f40xx.o(.text) referenced from startup_stm32f40xx.o(RESET)
 <LI><a href="#[5b]">CRYP_IRQHandler</a> from startup_stm32f40xx.o(.text) referenced from startup_stm32f40xx.o(RESET)
 <LI><a href="#[5a]">DCMI_IRQHandler</a> from startup_stm32f40xx.o(.text) referenced from startup_stm32f40xx.o(RESET)
 <LI><a href="#[17]">DMA1_Stream0_IRQHandler</a> from startup_stm32f40xx.o(.text) referenced from startup_stm32f40xx.o(RESET)
 <LI><a href="#[18]">DMA1_Stream1_IRQHandler</a> from startup_stm32f40xx.o(.text) referenced from startup_stm32f40xx.o(RESET)
 <LI><a href="#[19]">DMA1_Stream2_IRQHandler</a> from startup_stm32f40xx.o(.text) referenced from startup_stm32f40xx.o(RESET)
 <LI><a href="#[1a]">DMA1_Stream3_IRQHandler</a> from startup_stm32f40xx.o(.text) referenced from startup_stm32f40xx.o(RESET)
 <LI><a href="#[1b]">DMA1_Stream4_IRQHandler</a> from startup_stm32f40xx.o(.text) referenced from startup_stm32f40xx.o(RESET)
 <LI><a href="#[1c]">DMA1_Stream5_IRQHandler</a> from startup_stm32f40xx.o(.text) referenced from startup_stm32f40xx.o(RESET)
 <LI><a href="#[1d]">DMA1_Stream6_IRQHandler</a> from startup_stm32f40xx.o(.text) referenced from startup_stm32f40xx.o(RESET)
 <LI><a href="#[3b]">DMA1_Stream7_IRQHandler</a> from startup_stm32f40xx.o(.text) referenced from startup_stm32f40xx.o(RESET)
 <LI><a href="#[44]">DMA2_Stream0_IRQHandler</a> from startup_stm32f40xx.o(.text) referenced from startup_stm32f40xx.o(RESET)
 <LI><a href="#[45]">DMA2_Stream1_IRQHandler</a> from startup_stm32f40xx.o(.text) referenced from startup_stm32f40xx.o(RESET)
 <LI><a href="#[46]">DMA2_Stream2_IRQHandler</a> from startup_stm32f40xx.o(.text) referenced from startup_stm32f40xx.o(RESET)
 <LI><a href="#[47]">DMA2_Stream3_IRQHandler</a> from startup_stm32f40xx.o(.text) referenced from startup_stm32f40xx.o(RESET)
 <LI><a href="#[48]">DMA2_Stream4_IRQHandler</a> from startup_stm32f40xx.o(.text) referenced from startup_stm32f40xx.o(RESET)
 <LI><a href="#[50]">DMA2_Stream5_IRQHandler</a> from startup_stm32f40xx.o(.text) referenced from startup_stm32f40xx.o(RESET)
 <LI><a href="#[51]">DMA2_Stream6_IRQHandler</a> from startup_stm32f40xx.o(.text) referenced from startup_stm32f40xx.o(RESET)
 <LI><a href="#[52]">DMA2_Stream7_IRQHandler</a> from startup_stm32f40xx.o(.text) referenced from startup_stm32f40xx.o(RESET)
 <LI><a href="#[9]">DebugMon_Handler</a> from stm32f4xx_it.o(i.DebugMon_Handler) referenced from startup_stm32f40xx.o(RESET)
 <LI><a href="#[6d]">Drv_Mcc1CodeDiskExtiIrqHandler</a> from drv_motion_control_components.o(i.Drv_Mcc1CodeDiskExtiIrqHandler) referenced from drv_motion_control_components.o(i.Drv_MccCreate)
 <LI><a href="#[6c]">Drv_Mcc1ResetExtiIrqHandler</a> from drv_motion_control_components.o(i.Drv_Mcc1ResetExtiIrqHandler) referenced from drv_motion_control_components.o(i.Drv_MccCreate)
 <LI><a href="#[6e]">Drv_Mcc1StrikeExtiIrqHandler</a> from drv_motion_control_components.o(i.Drv_Mcc1StrikeExtiIrqHandler) referenced from drv_motion_control_components.o(i.Drv_MccCreate)
 <LI><a href="#[70]">Drv_Mcc2CodeDiskExtiIrqHandler</a> from drv_motion_control_components.o(i.Drv_Mcc2CodeDiskExtiIrqHandler) referenced from drv_motion_control_components.o(i.Drv_MccCreate)
 <LI><a href="#[6f]">Drv_Mcc2ResetExtiIrqHandler</a> from drv_motion_control_components.o(i.Drv_Mcc2ResetExtiIrqHandler) referenced from drv_motion_control_components.o(i.Drv_MccCreate)
 <LI><a href="#[71]">Drv_Mcc2StrikeExtiIrqHandler</a> from drv_motion_control_components.o(i.Drv_Mcc2StrikeExtiIrqHandler) referenced from drv_motion_control_components.o(i.Drv_MccCreate)
 <LI><a href="#[73]">Drv_Mcc3CodeDiskExtiIrqHandler</a> from drv_motion_control_components.o(i.Drv_Mcc3CodeDiskExtiIrqHandler) referenced from drv_motion_control_components.o(i.Drv_MccCreate)
 <LI><a href="#[72]">Drv_Mcc3ResetExtiIrqHandler</a> from drv_motion_control_components.o(i.Drv_Mcc3ResetExtiIrqHandler) referenced from drv_motion_control_components.o(i.Drv_MccCreate)
 <LI><a href="#[74]">Drv_Mcc3StrikeExtiIrqHandler</a> from drv_motion_control_components.o(i.Drv_Mcc3StrikeExtiIrqHandler) referenced from drv_motion_control_components.o(i.Drv_MccCreate)
 <LI><a href="#[76]">Drv_Mcc4CodeDiskExtiIrqHandler</a> from drv_motion_control_components.o(i.Drv_Mcc4CodeDiskExtiIrqHandler) referenced from drv_motion_control_components.o(i.Drv_MccCreate)
 <LI><a href="#[75]">Drv_Mcc4ResetExtiIrqHandler</a> from drv_motion_control_components.o(i.Drv_Mcc4ResetExtiIrqHandler) referenced from drv_motion_control_components.o(i.Drv_MccCreate)
 <LI><a href="#[77]">Drv_Mcc4StrikeExtiIrqHandler</a> from drv_motion_control_components.o(i.Drv_Mcc4StrikeExtiIrqHandler) referenced from drv_motion_control_components.o(i.Drv_MccCreate)
 <LI><a href="#[79]">Drv_Mcc5CodeDiskExtiIrqHandler</a> from drv_motion_control_components.o(i.Drv_Mcc5CodeDiskExtiIrqHandler) referenced from drv_motion_control_components.o(i.Drv_MccCreate)
 <LI><a href="#[78]">Drv_Mcc5ResetExtiIrqHandler</a> from drv_motion_control_components.o(i.Drv_Mcc5ResetExtiIrqHandler) referenced from drv_motion_control_components.o(i.Drv_MccCreate)
 <LI><a href="#[7a]">Drv_Mcc5StrikeExtiIrqHandler</a> from drv_motion_control_components.o(i.Drv_Mcc5StrikeExtiIrqHandler) referenced from drv_motion_control_components.o(i.Drv_MccCreate)
 <LI><a href="#[7c]">Drv_Mcc6CodeDiskExtiIrqHandler</a> from drv_motion_control_components.o(i.Drv_Mcc6CodeDiskExtiIrqHandler) referenced from drv_motion_control_components.o(i.Drv_MccCreate)
 <LI><a href="#[7b]">Drv_Mcc6ResetExtiIrqHandler</a> from drv_motion_control_components.o(i.Drv_Mcc6ResetExtiIrqHandler) referenced from drv_motion_control_components.o(i.Drv_MccCreate)
 <LI><a href="#[7d]">Drv_Mcc6StrikeExtiIrqHandler</a> from drv_motion_control_components.o(i.Drv_Mcc6StrikeExtiIrqHandler) referenced from drv_motion_control_components.o(i.Drv_MccCreate)
 <LI><a href="#[7f]">Drv_Mcc7CodeDiskExtiIrqHandler</a> from drv_motion_control_components.o(i.Drv_Mcc7CodeDiskExtiIrqHandler) referenced from drv_motion_control_components.o(i.Drv_MccCreate)
 <LI><a href="#[7e]">Drv_Mcc7ResetExtiIrqHandler</a> from drv_motion_control_components.o(i.Drv_Mcc7ResetExtiIrqHandler) referenced from drv_motion_control_components.o(i.Drv_MccCreate)
 <LI><a href="#[80]">Drv_Mcc7StrikeExtiIrqHandler</a> from drv_motion_control_components.o(i.Drv_Mcc7StrikeExtiIrqHandler) referenced from drv_motion_control_components.o(i.Drv_MccCreate)
 <LI><a href="#[82]">Drv_Mcc8CodeDiskExtiIrqHandler</a> from drv_motion_control_components.o(i.Drv_Mcc8CodeDiskExtiIrqHandler) referenced from drv_motion_control_components.o(i.Drv_MccCreate)
 <LI><a href="#[81]">Drv_Mcc8ResetExtiIrqHandler</a> from drv_motion_control_components.o(i.Drv_Mcc8ResetExtiIrqHandler) referenced from drv_motion_control_components.o(i.Drv_MccCreate)
 <LI><a href="#[83]">Drv_Mcc8StrikeExtiIrqHandler</a> from drv_motion_control_components.o(i.Drv_Mcc8StrikeExtiIrqHandler) referenced from drv_motion_control_components.o(i.Drv_MccCreate)
 <LI><a href="#[85]">Drv_Mcc9CodeDiskExtiIrqHandler</a> from drv_motion_control_components.o(i.Drv_Mcc9CodeDiskExtiIrqHandler) referenced from drv_motion_control_components.o(i.Drv_MccCreate)
 <LI><a href="#[84]">Drv_Mcc9ResetExtiIrqHandler</a> from drv_motion_control_components.o(i.Drv_Mcc9ResetExtiIrqHandler) referenced from drv_motion_control_components.o(i.Drv_MccCreate)
 <LI><a href="#[86]">Drv_Mcc9StrikeExtiIrqHandler</a> from drv_motion_control_components.o(i.Drv_Mcc9StrikeExtiIrqHandler) referenced from drv_motion_control_components.o(i.Drv_MccCreate)
 <LI><a href="#[49]">ETH_IRQHandler</a> from startup_stm32f40xx.o(.text) referenced from startup_stm32f40xx.o(RESET)
 <LI><a href="#[4a]">ETH_WKUP_IRQHandler</a> from startup_stm32f40xx.o(.text) referenced from startup_stm32f40xx.o(RESET)
 <LI><a href="#[12]">EXTI0_IRQHandler</a> from hal_gpio.o(i.EXTI0_IRQHandler) referenced from startup_stm32f40xx.o(RESET)
 <LI><a href="#[34]">EXTI15_10_IRQHandler</a> from hal_gpio.o(i.EXTI15_10_IRQHandler) referenced from startup_stm32f40xx.o(RESET)
 <LI><a href="#[13]">EXTI1_IRQHandler</a> from hal_gpio.o(i.EXTI1_IRQHandler) referenced from startup_stm32f40xx.o(RESET)
 <LI><a href="#[14]">EXTI2_IRQHandler</a> from hal_gpio.o(i.EXTI2_IRQHandler) referenced from startup_stm32f40xx.o(RESET)
 <LI><a href="#[15]">EXTI3_IRQHandler</a> from hal_gpio.o(i.EXTI3_IRQHandler) referenced from startup_stm32f40xx.o(RESET)
 <LI><a href="#[16]">EXTI4_IRQHandler</a> from hal_gpio.o(i.EXTI4_IRQHandler) referenced from startup_stm32f40xx.o(RESET)
 <LI><a href="#[23]">EXTI9_5_IRQHandler</a> from hal_gpio.o(i.EXTI9_5_IRQHandler) referenced from startup_stm32f40xx.o(RESET)
 <LI><a href="#[10]">FLASH_IRQHandler</a> from startup_stm32f40xx.o(.text) referenced from startup_stm32f40xx.o(RESET)
 <LI><a href="#[5d]">FPU_IRQHandler</a> from startup_stm32f40xx.o(.text) referenced from startup_stm32f40xx.o(RESET)
 <LI><a href="#[3c]">FSMC_IRQHandler</a> from startup_stm32f40xx.o(.text) referenced from startup_stm32f40xx.o(RESET)
 <LI><a href="#[a9]">Func_1_Init</a> from func_1.o(i.Func_1_Init) referenced from func_common.o(i.Func_Init)
 <LI><a href="#[ae]">Func_1_Resident</a> from func_1.o(i.Func_1_Resident) referenced from func_common.o(i.Func_Init)
 <LI><a href="#[aa]">Func_2_Init</a> from func_2.o(i.Func_2_Init) referenced from func_common.o(i.Func_Init)
 <LI><a href="#[af]">Func_2_Resident</a> from func_2.o(i.Func_2_Resident) referenced from func_common.o(i.Func_Init)
 <LI><a href="#[ab]">Func_3_Init</a> from func_3.o(i.Func_3_Init) referenced from func_common.o(i.Func_Init)
 <LI><a href="#[b0]">Func_3_Resident</a> from func_3.o(i.Func_3_Resident) referenced from func_common.o(i.Func_Init)
 <LI><a href="#[ac]">Func_4_Init</a> from func_4.o(i.Func_4_Init) referenced from func_common.o(i.Func_Init)
 <LI><a href="#[b1]">Func_4_Resident</a> from func_4.o(i.Func_4_Resident) referenced from func_common.o(i.Func_Init)
 <LI><a href="#[5c]">HASH_RNG_IRQHandler</a> from startup_stm32f40xx.o(.text) referenced from startup_stm32f40xx.o(RESET)
 <LI><a href="#[4]">HardFault_Handler</a> from context_rvds.o(.text) referenced from startup_stm32f40xx.o(RESET)
 <LI><a href="#[2c]">I2C1_ER_IRQHandler</a> from startup_stm32f40xx.o(.text) referenced from startup_stm32f40xx.o(RESET)
 <LI><a href="#[2b]">I2C1_EV_IRQHandler</a> from startup_stm32f40xx.o(.text) referenced from startup_stm32f40xx.o(RESET)
 <LI><a href="#[2e]">I2C2_ER_IRQHandler</a> from startup_stm32f40xx.o(.text) referenced from startup_stm32f40xx.o(RESET)
 <LI><a href="#[2d]">I2C2_EV_IRQHandler</a> from startup_stm32f40xx.o(.text) referenced from startup_stm32f40xx.o(RESET)
 <LI><a href="#[55]">I2C3_ER_IRQHandler</a> from startup_stm32f40xx.o(.text) referenced from startup_stm32f40xx.o(RESET)
 <LI><a href="#[54]">I2C3_EV_IRQHandler</a> from startup_stm32f40xx.o(.text) referenced from startup_stm32f40xx.o(RESET)
 <LI><a href="#[5]">MemManage_Handler</a> from stm32f4xx_it.o(i.MemManage_Handler) referenced from startup_stm32f40xx.o(RESET)
 <LI><a href="#[3]">NMI_Handler</a> from stm32f4xx_it.o(i.NMI_Handler) referenced from startup_stm32f40xx.o(RESET)
 <LI><a href="#[4f]">OTG_FS_IRQHandler</a> from startup_stm32f40xx.o(.text) referenced from startup_stm32f40xx.o(RESET)
 <LI><a href="#[36]">OTG_FS_WKUP_IRQHandler</a> from startup_stm32f40xx.o(.text) referenced from startup_stm32f40xx.o(RESET)
 <LI><a href="#[57]">OTG_HS_EP1_IN_IRQHandler</a> from startup_stm32f40xx.o(.text) referenced from startup_stm32f40xx.o(RESET)
 <LI><a href="#[56]">OTG_HS_EP1_OUT_IRQHandler</a> from startup_stm32f40xx.o(.text) referenced from startup_stm32f40xx.o(RESET)
 <LI><a href="#[59]">OTG_HS_IRQHandler</a> from startup_stm32f40xx.o(.text) referenced from startup_stm32f40xx.o(RESET)
 <LI><a href="#[58]">OTG_HS_WKUP_IRQHandler</a> from startup_stm32f40xx.o(.text) referenced from startup_stm32f40xx.o(RESET)
 <LI><a href="#[d]">PVD_IRQHandler</a> from startup_stm32f40xx.o(.text) referenced from startup_stm32f40xx.o(RESET)
 <LI><a href="#[a]">PendSV_Handler</a> from context_rvds.o(.text) referenced from startup_stm32f40xx.o(RESET)
 <LI><a href="#[11]">RCC_IRQHandler</a> from startup_stm32f40xx.o(.text) referenced from startup_stm32f40xx.o(RESET)
 <LI><a href="#[35]">RTC_Alarm_IRQHandler</a> from startup_stm32f40xx.o(.text) referenced from startup_stm32f40xx.o(RESET)
 <LI><a href="#[f]">RTC_WKUP_IRQHandler</a> from startup_stm32f40xx.o(.text) referenced from startup_stm32f40xx.o(RESET)
 <LI><a href="#[2]">Reset_Handler</a> from startup_stm32f40xx.o(.text) referenced from startup_stm32f40xx.o(RESET)
 <LI><a href="#[3d]">SDIO_IRQHandler</a> from startup_stm32f40xx.o(.text) referenced from startup_stm32f40xx.o(RESET)
 <LI><a href="#[2f]">SPI1_IRQHandler</a> from startup_stm32f40xx.o(.text) referenced from startup_stm32f40xx.o(RESET)
 <LI><a href="#[30]">SPI2_IRQHandler</a> from startup_stm32f40xx.o(.text) referenced from startup_stm32f40xx.o(RESET)
 <LI><a href="#[3f]">SPI3_IRQHandler</a> from startup_stm32f40xx.o(.text) referenced from startup_stm32f40xx.o(RESET)
 <LI><a href="#[8]">SVC_Handler</a> from stm32f4xx_it.o(i.SVC_Handler) referenced from startup_stm32f40xx.o(RESET)
 <LI><a href="#[b]">SysTick_Handler</a> from board.o(i.SysTick_Handler) referenced from startup_stm32f40xx.o(RESET)
 <LI><a href="#[b7]">Sys_TaskStart</a> from sys_tasks.o(i.Sys_TaskStart) referenced from sys_tasks.o(i.Sys_Init)
 <LI><a href="#[5e]">SystemInit</a> from system_stm32f4xx.o(i.SystemInit) referenced from startup_stm32f40xx.o(.text)
 <LI><a href="#[e]">TAMP_STAMP_IRQHandler</a> from startup_stm32f40xx.o(.text) referenced from startup_stm32f40xx.o(RESET)
 <LI><a href="#[24]">TIM1_BRK_TIM9_IRQHandler</a> from hal_timer.o(i.TIM1_BRK_TIM9_IRQHandler) referenced from startup_stm32f40xx.o(RESET)
 <LI><a href="#[27]">TIM1_CC_IRQHandler</a> from startup_stm32f40xx.o(.text) referenced from startup_stm32f40xx.o(RESET)
 <LI><a href="#[26]">TIM1_TRG_COM_TIM11_IRQHandler</a> from hal_timer.o(i.TIM1_TRG_COM_TIM11_IRQHandler) referenced from startup_stm32f40xx.o(RESET)
 <LI><a href="#[25]">TIM1_UP_TIM10_IRQHandler</a> from hal_timer.o(i.TIM1_UP_TIM10_IRQHandler) referenced from startup_stm32f40xx.o(RESET)
 <LI><a href="#[28]">TIM2_IRQHandler</a> from hal_timer.o(i.TIM2_IRQHandler) referenced from startup_stm32f40xx.o(RESET)
 <LI><a href="#[29]">TIM3_IRQHandler</a> from hal_timer.o(i.TIM3_IRQHandler) referenced from startup_stm32f40xx.o(RESET)
 <LI><a href="#[2a]">TIM4_IRQHandler</a> from hal_timer.o(i.TIM4_IRQHandler) referenced from startup_stm32f40xx.o(RESET)
 <LI><a href="#[3e]">TIM5_IRQHandler</a> from hal_timer.o(i.TIM5_IRQHandler) referenced from startup_stm32f40xx.o(RESET)
 <LI><a href="#[42]">TIM6_DAC_IRQHandler</a> from hal_timer.o(i.TIM6_DAC_IRQHandler) referenced from startup_stm32f40xx.o(RESET)
 <LI><a href="#[43]">TIM7_IRQHandler</a> from hal_timer.o(i.TIM7_IRQHandler) referenced from startup_stm32f40xx.o(RESET)
 <LI><a href="#[37]">TIM8_BRK_TIM12_IRQHandler</a> from hal_timer.o(i.TIM8_BRK_TIM12_IRQHandler) referenced from startup_stm32f40xx.o(RESET)
 <LI><a href="#[3a]">TIM8_CC_IRQHandler</a> from startup_stm32f40xx.o(.text) referenced from startup_stm32f40xx.o(RESET)
 <LI><a href="#[39]">TIM8_TRG_COM_TIM14_IRQHandler</a> from hal_timer.o(i.TIM8_TRG_COM_TIM14_IRQHandler) referenced from startup_stm32f40xx.o(RESET)
 <LI><a href="#[38]">TIM8_UP_TIM13_IRQHandler</a> from hal_timer.o(i.TIM8_UP_TIM13_IRQHandler) referenced from startup_stm32f40xx.o(RESET)
 <LI><a href="#[40]">UART4_IRQHandler</a> from hal_uart.o(i.UART4_IRQHandler) referenced from startup_stm32f40xx.o(RESET)
 <LI><a href="#[41]">UART5_IRQHandler</a> from hal_uart.o(i.UART5_IRQHandler) referenced from startup_stm32f40xx.o(RESET)
 <LI><a href="#[31]">USART1_IRQHandler</a> from hal_uart.o(i.USART1_IRQHandler) referenced from startup_stm32f40xx.o(RESET)
 <LI><a href="#[32]">USART2_IRQHandler</a> from hal_uart.o(i.USART2_IRQHandler) referenced from startup_stm32f40xx.o(RESET)
 <LI><a href="#[33]">USART3_IRQHandler</a> from osal.o(i.$Sub$$USART3_IRQHandler) referenced from startup_stm32f40xx.o(RESET)
 <LI><a href="#[53]">USART6_IRQHandler</a> from hal_uart.o(i.USART6_IRQHandler) referenced from startup_stm32f40xx.o(RESET)
 <LI><a href="#[7]">UsageFault_Handler</a> from stm32f4xx_it.o(i.UsageFault_Handler) referenced from startup_stm32f40xx.o(RESET)
 <LI><a href="#[c]">WWDG_IRQHandler</a> from startup_stm32f40xx.o(.text) referenced from startup_stm32f40xx.o(RESET)
 <LI><a href="#[69]">_Drv_CanInterfaceGetMsg</a> from drv_can_interface.o(i._Drv_CanInterfaceGetMsg) referenced from drv_can_interface.o(i.Drv_CanInterfaceCreate)
 <LI><a href="#[60]">_Drv_CanInterfaceModeChoose</a> from drv_can_interface.o(i._Drv_CanInterfaceModeChoose) referenced from drv_can_interface.o(i.Drv_CanInterfaceCreate)
 <LI><a href="#[66]">_Drv_CanInterfacePutFrame</a> from drv_can_interface.o(i._Drv_CanInterfacePutFrame) referenced from drv_can_interface.o(i.Drv_CanInterfaceCreate)
 <LI><a href="#[68]">_Drv_CanInterfaceRxBufferFree</a> from drv_can_interface.o(i._Drv_CanInterfaceRxBufferFree) referenced from drv_can_interface.o(i.Drv_CanInterfaceCreate)
 <LI><a href="#[67]">_Drv_CanInterfaceRxTimeOutCheck</a> from drv_can_interface.o(i._Drv_CanInterfaceRxTimeOutCheck) referenced from drv_can_interface.o(i.Drv_CanInterfaceCreate)
 <LI><a href="#[61]">_Drv_CanInterfaceSendCmdToBuffer</a> from drv_can_interface.o(i._Drv_CanInterfaceSendCmdToBuffer) referenced from drv_can_interface.o(i.Drv_CanInterfaceCreate)
 <LI><a href="#[64]">_Drv_CanInterfaceSendDoneToBuffer</a> from drv_can_interface.o(i._Drv_CanInterfaceSendDoneToBuffer) referenced from drv_can_interface.o(i.Drv_CanInterfaceCreate)
 <LI><a href="#[63]">_Drv_CanInterfaceSendErrorToBuffer</a> from drv_can_interface.o(i._Drv_CanInterfaceSendErrorToBuffer) referenced from drv_can_interface.o(i.Drv_CanInterfaceCreate)
 <LI><a href="#[65]">_Drv_CanInterfaceSendFailedToBuffer</a> from drv_can_interface.o(i._Drv_CanInterfaceSendFailedToBuffer) referenced from drv_can_interface.o(i.Drv_CanInterfaceCreate)
 <LI><a href="#[62]">_Drv_CanInterfaceSendResponseToBuffer</a> from drv_can_interface.o(i._Drv_CanInterfaceSendResponseToBuffer) referenced from drv_can_interface.o(i.Drv_CanInterfaceCreate)
 <LI><a href="#[6a]">_Drv_CanRxIrqHandler</a> from drv_can_interface.o(i._Drv_CanRxIrqHandler) referenced from drv_can_interface.o(i.Drv_CanInterfaceCreate)
 <LI><a href="#[87]">_Drv_PwmPinIrqHandler</a> from drv_pwm_pin.o(i._Drv_PwmPinIrqHandler) referenced from drv_pwm_pin.o(i.Drv_PwmPinCreate)
 <LI><a href="#[8b]">_Drv_PwmPinIsOn</a> from drv_pwm_pin.o(i._Drv_PwmPinIsOn) referenced from drv_pwm_pin.o(i.Drv_PwmPinCreate)
 <LI><a href="#[89]">_Drv_PwmPinOff</a> from drv_pwm_pin.o(i._Drv_PwmPinOff) referenced from drv_pwm_pin.o(i.Drv_PwmPinCreate)
 <LI><a href="#[88]">_Drv_PwmPinOn</a> from drv_pwm_pin.o(i._Drv_PwmPinOn) referenced from drv_pwm_pin.o(i.Drv_PwmPinCreate)
 <LI><a href="#[8a]">_Drv_PwmPinPwm</a> from drv_pwm_pin.o(i._Drv_PwmPinPwm) referenced from drv_pwm_pin.o(i.Drv_PwmPinCreate)
 <LI><a href="#[8c]">_Drv_PwmTimerDriven1IrqHandler</a> from drv_pwm_timer_driven.o(i._Drv_PwmTimerDriven1IrqHandler) referenced from drv_pwm_timer_driven.o(i.Drv_PwmTimerDrivenCreate)
 <LI><a href="#[8d]">_Drv_PwmTimerDriven2IrqHandler</a> from drv_pwm_timer_driven.o(i._Drv_PwmTimerDriven2IrqHandler) referenced from drv_pwm_timer_driven.o(i.Drv_PwmTimerDrivenCreate)
 <LI><a href="#[8e]">_Drv_PwmTimerDriven3IrqHandler</a> from drv_pwm_timer_driven.o(i._Drv_PwmTimerDriven3IrqHandler) referenced from drv_pwm_timer_driven.o(i.Drv_PwmTimerDrivenCreate)
 <LI><a href="#[8f]">_Drv_PwmTimerDriven4IrqHandler</a> from drv_pwm_timer_driven.o(i._Drv_PwmTimerDriven4IrqHandler) referenced from drv_pwm_timer_driven.o(i.Drv_PwmTimerDrivenCreate)
 <LI><a href="#[90]">_Drv_PwmTimerDriven5IrqHandler</a> from drv_pwm_timer_driven.o(i._Drv_PwmTimerDriven5IrqHandler) referenced from drv_pwm_timer_driven.o(i.Drv_PwmTimerDrivenCreate)
 <LI><a href="#[91]">_Drv_PwmTimerDriven6IrqHandler</a> from drv_pwm_timer_driven.o(i._Drv_PwmTimerDriven6IrqHandler) referenced from drv_pwm_timer_driven.o(i.Drv_PwmTimerDrivenCreate)
 <LI><a href="#[92]">_Drv_PwmTimerDriven7IrqHandler</a> from drv_pwm_timer_driven.o(i._Drv_PwmTimerDriven7IrqHandler) referenced from drv_pwm_timer_driven.o(i.Drv_PwmTimerDrivenCreate)
 <LI><a href="#[93]">_Drv_PwmTimerDriven8IrqHandler</a> from drv_pwm_timer_driven.o(i._Drv_PwmTimerDriven8IrqHandler) referenced from drv_pwm_timer_driven.o(i.Drv_PwmTimerDrivenCreate)
 <LI><a href="#[94]">_Drv_PwmTimerDriven9IrqHandler</a> from drv_pwm_timer_driven.o(i._Drv_PwmTimerDriven9IrqHandler) referenced from drv_pwm_timer_driven.o(i.Drv_PwmTimerDrivenCreate)
 <LI><a href="#[6b]">_Drv_TaskCanIsr</a> from drv_can_interface.o(i._Drv_TaskCanIsr) referenced from drv_can_interface.o(i.Drv_CanInterfaceCreate)
 <LI><a href="#[95]">_Func_1_Hellow</a> from func_1.o(i._Func_1_Hellow) referenced from func_1.o(i.Func_1_Init)
 <LI><a href="#[97]">_Func_1_MoveBackward</a> from func_1.o(i._Func_1_MoveBackward) referenced from func_1.o(i.Func_1_Init)
 <LI><a href="#[98]">_Func_1_MoveByCoordinates</a> from func_1.o(i._Func_1_MoveByCoordinates) referenced from func_1.o(i.Func_1_Init)
 <LI><a href="#[96]">_Func_1_MoveForward</a> from func_1.o(i._Func_1_MoveForward) referenced from func_1.o(i.Func_1_Init)
 <LI><a href="#[99]">_Func_2_Hellow</a> from func_2.o(i._Func_2_Hellow) referenced from func_2.o(i.Func_2_Init)
 <LI><a href="#[9b]">_Func_2_MoveBackward</a> from func_2.o(i._Func_2_MoveBackward) referenced from func_2.o(i.Func_2_Init)
 <LI><a href="#[9c]">_Func_2_MoveByCoordinates</a> from func_2.o(i._Func_2_MoveByCoordinates) referenced from func_2.o(i.Func_2_Init)
 <LI><a href="#[9a]">_Func_2_MoveForward</a> from func_2.o(i._Func_2_MoveForward) referenced from func_2.o(i.Func_2_Init)
 <LI><a href="#[9d]">_Func_3_Hellow</a> from func_3.o(i._Func_3_Hellow) referenced from func_3.o(i.Func_3_Init)
 <LI><a href="#[9f]">_Func_3_MoveBackward</a> from func_3.o(i._Func_3_MoveBackward) referenced from func_3.o(i.Func_3_Init)
 <LI><a href="#[a0]">_Func_3_MoveByCoordinates</a> from func_3.o(i._Func_3_MoveByCoordinates) referenced from func_3.o(i.Func_3_Init)
 <LI><a href="#[9e]">_Func_3_MoveForward</a> from func_3.o(i._Func_3_MoveForward) referenced from func_3.o(i.Func_3_Init)
 <LI><a href="#[a1]">_Func_4_Hellow</a> from func_4.o(i._Func_4_Hellow) referenced from func_4.o(i.Func_4_Init)
 <LI><a href="#[a3]">_Func_4_MoveBackward</a> from func_4.o(i._Func_4_MoveBackward) referenced from func_4.o(i.Func_4_Init)
 <LI><a href="#[a4]">_Func_4_MoveByCoordinates</a> from func_4.o(i._Func_4_MoveByCoordinates) referenced from func_4.o(i.Func_4_Init)
 <LI><a href="#[a2]">_Func_4_MoveForward</a> from func_4.o(i._Func_4_MoveForward) referenced from func_4.o(i.Func_4_Init)
 <LI><a href="#[a8]">_Func_FreeMsg</a> from func_common.o(i._Func_FreeMsg) referenced from func_common.o(i.Func_Init)
 <LI><a href="#[a6]">_Func_GatherMsg</a> from func_common.o(i._Func_GatherMsg) referenced from func_common.o(i.Func_Init)
 <LI><a href="#[a7]">_Func_GetMsg</a> from func_common.o(i._Func_GetMsg) referenced from func_common.o(i.Func_Init)
 <LI><a href="#[b5]">_Func_Id1RxDone</a> from func_common.o(i._Func_Id1RxDone) referenced from func_common.o(i.Func_Init)
 <LI><a href="#[b4]">_Func_Id2RxDone</a> from func_common.o(i._Func_Id2RxDone) referenced from func_common.o(i.Func_Init)
 <LI><a href="#[b3]">_Func_Id3RxDone</a> from func_common.o(i._Func_Id3RxDone) referenced from func_common.o(i.Func_Init)
 <LI><a href="#[b2]">_Func_Id4RxDone</a> from func_common.o(i._Func_Id4RxDone) referenced from func_common.o(i.Func_Init)
 <LI><a href="#[a5]">_Func_PutMsg</a> from func_common.o(i._Func_PutMsg) referenced from func_common.o(i.Func_Init)
 <LI><a href="#[ad]">_Func_TaskCheck</a> from func_common.o(i._Func_TaskCheck) referenced from func_common.o(i.Func_Init)
 <LI><a href="#[b6]">_Sys_CmdDoFunc</a> from sys_cmd_scheduler.o(i._Sys_CmdDoFunc) referenced from sys_cmd_scheduler.o(i.Sys_CmdScheduler)
 <LI><a href="#[bd]">_Sys_TaskCheck</a> from sys_tasks.o(i._Sys_TaskCheck) referenced from sys_tasks.o(i.Sys_TaskStart)
 <LI><a href="#[b9]">_Sys_TaskCmdScheduler1</a> from sys_tasks.o(i._Sys_TaskCmdScheduler1) referenced from sys_tasks.o(i.Sys_TaskStart)
 <LI><a href="#[ba]">_Sys_TaskCmdScheduler2</a> from sys_tasks.o(i._Sys_TaskCmdScheduler2) referenced from sys_tasks.o(i.Sys_TaskStart)
 <LI><a href="#[bb]">_Sys_TaskCmdScheduler3</a> from sys_tasks.o(i._Sys_TaskCmdScheduler3) referenced from sys_tasks.o(i.Sys_TaskStart)
 <LI><a href="#[bc]">_Sys_TaskCmdScheduler4</a> from sys_tasks.o(i._Sys_TaskCmdScheduler4) referenced from sys_tasks.o(i.Sys_TaskStart)
 <LI><a href="#[b8]">_Sys_TaskCmdTransceiver</a> from sys_tasks.o(i._Sys_TaskCmdTransceiver) referenced from sys_tasks.o(i.Sys_TaskStart)
 <LI><a href="#[be]">_Sys_TaskResident1</a> from sys_tasks.o(i._Sys_TaskResident1) referenced from sys_tasks.o(i.Sys_TaskStart)
 <LI><a href="#[bf]">_Sys_TaskResident2</a> from sys_tasks.o(i._Sys_TaskResident2) referenced from sys_tasks.o(i.Sys_TaskStart)
 <LI><a href="#[c0]">_Sys_TaskResident3</a> from sys_tasks.o(i._Sys_TaskResident3) referenced from sys_tasks.o(i.Sys_TaskStart)
 <LI><a href="#[c1]">_Sys_TaskResident4</a> from sys_tasks.o(i._Sys_TaskResident4) referenced from sys_tasks.o(i.Sys_TaskStart)
 <LI><a href="#[dd]">__main</a> from __main.o(!!!main) referenced from startup_stm32f40xx.o(.text)
 <LI><a href="#[c7]">_shell_get</a> from osal.o(i._shell_get) referenced from osal.o(i.rti_board_start)
 <LI><a href="#[da]">cmd_free</a> from msh.o(i.cmd_free) referenced from msh.o(FSymTab)
 <LI><a href="#[d9]">cmd_ps</a> from msh.o(i.cmd_ps) referenced from msh.o(FSymTab)
 <LI><a href="#[dc]">cmd_reboot</a> from func_common.o(i.cmd_reboot) referenced from func_common.o(FSymTab)
 <LI><a href="#[db]">cmd_show_can</a> from func_common.o(i.cmd_show_can) referenced from func_common.o(FSymTab)
 <LI><a href="#[cb]">finsh_system_init</a> from shell.o(i.finsh_system_init) referenced from shell.o(.rti_fn.6)
 <LI><a href="#[c4]">finsh_thread_entry</a> from shell.o(i.finsh_thread_entry) referenced from shell.o(i.finsh_system_init)
 <LI><a href="#[ce]">hello</a> from cmd.o(i.hello) referenced from cmd.o(FSymTab)
 <LI><a href="#[d7]">list</a> from cmd.o(i.list) referenced from cmd.o(FSymTab)
 <LI><a href="#[d2]">list_event</a> from cmd.o(i.list_event) referenced 2 times from cmd.o(FSymTab)
 <LI><a href="#[d4]">list_mailbox</a> from cmd.o(i.list_mailbox) referenced 2 times from cmd.o(FSymTab)
 <LI><a href="#[cd]">list_mem</a> from mem.o(i.list_mem) referenced from mem.o(FSymTab)
 <LI><a href="#[d5]">list_msgqueue</a> from cmd.o(i.list_msgqueue) referenced 2 times from cmd.o(FSymTab)
 <LI><a href="#[d3]">list_mutex</a> from cmd.o(i.list_mutex) referenced 2 times from cmd.o(FSymTab)
 <LI><a href="#[d1]">list_sem</a> from cmd.o(i.list_sem) referenced 2 times from cmd.o(FSymTab)
 <LI><a href="#[d0]">list_thread</a> from cmd.o(i.list_thread) referenced 2 times from cmd.o(FSymTab)
 <LI><a href="#[d6]">list_timer</a> from cmd.o(i.list_timer) referenced 2 times from cmd.o(FSymTab)
 <LI><a href="#[c5]">main_thread_entry</a> from components.o(i.main_thread_entry) referenced from components.o(i.rt_application_init)
 <LI><a href="#[d8]">msh_help</a> from msh.o(i.msh_help) referenced from msh.o(FSymTab)
 <LI><a href="#[c2]">rt_thread_exit</a> from thread.o(i.rt_thread_exit) referenced from thread.o(i._rt_thread_init)
 <LI><a href="#[c6]">rt_thread_idle_entry</a> from idle.o(i.rt_thread_idle_entry) referenced from idle.o(i.rt_thread_idle_init)
 <LI><a href="#[c3]">rt_thread_timeout</a> from thread.o(i.rt_thread_timeout) referenced from thread.o(i._rt_thread_init)
 <LI><a href="#[ca]">rti_board_end</a> from components.o(i.rti_board_end) referenced from components.o(.rti_fn.1.end)
 <LI><a href="#[c9]">rti_board_start</a> from osal.o(i.rti_board_start) referenced from components.o(.rti_fn.0.end)
 <LI><a href="#[cc]">rti_end</a> from components.o(i.rti_end) referenced from components.o(.rti_fn.6.end)
 <LI><a href="#[c8]">rti_start</a> from components.o(i.rti_start) referenced from components.o(.rti_fn.0)
 <LI><a href="#[cf]">version</a> from cmd.o(i.version) referenced 2 times from cmd.o(FSymTab)
</UL>
<P>
<H3>
Global Symbols
</H3>
<P><STRONG><a name="[dd]"></a>__main</STRONG> (Thumb, 8 bytes, Stack size 0 bytes, __main.o(!!!main))
<BR><BR>[Calls]<UL><LI><a href="#[df]">&gt;&gt;</a>&nbsp;&nbsp;&nbsp;__rt_entry
<LI><a href="#[de]">&gt;&gt;</a>&nbsp;&nbsp;&nbsp;__scatterload
</UL>

<P><STRONG><a name="[de]"></a>__scatterload</STRONG> (Thumb, 0 bytes, Stack size unknown bytes, __scatter.o(!!!scatter))
<BR><BR>[Called By]<UL><LI><a href="#[dd]">&gt;&gt;</a>&nbsp;&nbsp;&nbsp;__main
</UL>

<P><STRONG><a name="[e0]"></a>__scatterload_rt2</STRONG> (Thumb, 44 bytes, Stack size unknown bytes, __scatter.o(!!!scatter), UNUSED)
<BR><BR>[Calls]<UL><LI><a href="#[df]">&gt;&gt;</a>&nbsp;&nbsp;&nbsp;__rt_entry
</UL>

<P><STRONG><a name="[23e]"></a>__scatterload_rt2_thumb_only</STRONG> (Thumb, 0 bytes, Stack size unknown bytes, __scatter.o(!!!scatter), UNUSED)

<P><STRONG><a name="[23f]"></a>__scatterload_null</STRONG> (Thumb, 0 bytes, Stack size unknown bytes, __scatter.o(!!!scatter), UNUSED)

<P><STRONG><a name="[240]"></a>__decompress</STRONG> (Thumb, 90 bytes, Stack size unknown bytes, __dczerorl2.o(!!dczerorl2), UNUSED)

<P><STRONG><a name="[241]"></a>__decompress1</STRONG> (Thumb, 0 bytes, Stack size unknown bytes, __dczerorl2.o(!!dczerorl2), UNUSED)

<P><STRONG><a name="[242]"></a>__scatterload_zeroinit</STRONG> (Thumb, 28 bytes, Stack size unknown bytes, __scatter_zi.o(!!handler_zi), UNUSED)

<P><STRONG><a name="[e6]"></a>__rt_lib_init</STRONG> (Thumb, 0 bytes, Stack size unknown bytes, libinit.o(.ARM.Collect$$libinit$$00000000))
<BR><BR>[Called By]<UL><LI><a href="#[e5]">&gt;&gt;</a>&nbsp;&nbsp;&nbsp;__rt_entry_li
</UL>

<P><STRONG><a name="[e1]"></a>__rt_lib_init_fp_1</STRONG> (Thumb, 0 bytes, Stack size unknown bytes, libinit2.o(.ARM.Collect$$libinit$$00000001))
<BR><BR>[Calls]<UL><LI><a href="#[e2]">&gt;&gt;</a>&nbsp;&nbsp;&nbsp;_fp_init
</UL>

<P><STRONG><a name="[243]"></a>__rt_lib_init_alloca_1</STRONG> (Thumb, 0 bytes, Stack size unknown bytes, libinit2.o(.ARM.Collect$$libinit$$0000002E))

<P><STRONG><a name="[244]"></a>__rt_lib_init_argv_1</STRONG> (Thumb, 0 bytes, Stack size unknown bytes, libinit2.o(.ARM.Collect$$libinit$$0000002C))

<P><STRONG><a name="[245]"></a>__rt_lib_init_atexit_1</STRONG> (Thumb, 0 bytes, Stack size unknown bytes, libinit2.o(.ARM.Collect$$libinit$$0000001B))

<P><STRONG><a name="[246]"></a>__rt_lib_init_clock_1</STRONG> (Thumb, 0 bytes, Stack size unknown bytes, libinit2.o(.ARM.Collect$$libinit$$00000021))

<P><STRONG><a name="[247]"></a>__rt_lib_init_cpp_1</STRONG> (Thumb, 0 bytes, Stack size unknown bytes, libinit2.o(.ARM.Collect$$libinit$$00000032))

<P><STRONG><a name="[248]"></a>__rt_lib_init_exceptions_1</STRONG> (Thumb, 0 bytes, Stack size unknown bytes, libinit2.o(.ARM.Collect$$libinit$$00000030))

<P><STRONG><a name="[249]"></a>__rt_lib_init_fp_trap_1</STRONG> (Thumb, 0 bytes, Stack size unknown bytes, libinit2.o(.ARM.Collect$$libinit$$0000001F))

<P><STRONG><a name="[24a]"></a>__rt_lib_init_getenv_1</STRONG> (Thumb, 0 bytes, Stack size unknown bytes, libinit2.o(.ARM.Collect$$libinit$$00000023))

<P><STRONG><a name="[24b]"></a>__rt_lib_init_heap_1</STRONG> (Thumb, 0 bytes, Stack size unknown bytes, libinit2.o(.ARM.Collect$$libinit$$0000000A))

<P><STRONG><a name="[24c]"></a>__rt_lib_init_lc_collate_1</STRONG> (Thumb, 0 bytes, Stack size unknown bytes, libinit2.o(.ARM.Collect$$libinit$$00000011))

<P><STRONG><a name="[24d]"></a>__rt_lib_init_lc_ctype_1</STRONG> (Thumb, 0 bytes, Stack size unknown bytes, libinit2.o(.ARM.Collect$$libinit$$00000013))

<P><STRONG><a name="[24e]"></a>__rt_lib_init_lc_monetary_1</STRONG> (Thumb, 0 bytes, Stack size unknown bytes, libinit2.o(.ARM.Collect$$libinit$$00000015))

<P><STRONG><a name="[24f]"></a>__rt_lib_init_lc_numeric_1</STRONG> (Thumb, 0 bytes, Stack size unknown bytes, libinit2.o(.ARM.Collect$$libinit$$00000017))

<P><STRONG><a name="[250]"></a>__rt_lib_init_lc_time_1</STRONG> (Thumb, 0 bytes, Stack size unknown bytes, libinit2.o(.ARM.Collect$$libinit$$00000019))

<P><STRONG><a name="[251]"></a>__rt_lib_init_preinit_1</STRONG> (Thumb, 0 bytes, Stack size unknown bytes, libinit2.o(.ARM.Collect$$libinit$$00000004))

<P><STRONG><a name="[252]"></a>__rt_lib_init_rand_1</STRONG> (Thumb, 0 bytes, Stack size unknown bytes, libinit2.o(.ARM.Collect$$libinit$$0000000E))

<P><STRONG><a name="[253]"></a>__rt_lib_init_return</STRONG> (Thumb, 0 bytes, Stack size unknown bytes, libinit2.o(.ARM.Collect$$libinit$$00000033))

<P><STRONG><a name="[254]"></a>__rt_lib_init_signal_1</STRONG> (Thumb, 0 bytes, Stack size unknown bytes, libinit2.o(.ARM.Collect$$libinit$$0000001D))

<P><STRONG><a name="[255]"></a>__rt_lib_init_stdio_1</STRONG> (Thumb, 0 bytes, Stack size unknown bytes, libinit2.o(.ARM.Collect$$libinit$$00000025))

<P><STRONG><a name="[256]"></a>__rt_lib_init_user_alloc_1</STRONG> (Thumb, 0 bytes, Stack size unknown bytes, libinit2.o(.ARM.Collect$$libinit$$0000000C))

<P><STRONG><a name="[eb]"></a>__rt_lib_shutdown</STRONG> (Thumb, 0 bytes, Stack size unknown bytes, libshutdown.o(.ARM.Collect$$libshutdown$$00000000))
<BR><BR>[Called By]<UL><LI><a href="#[ea]">&gt;&gt;</a>&nbsp;&nbsp;&nbsp;__rt_exit_ls
</UL>

<P><STRONG><a name="[257]"></a>__rt_lib_shutdown_cpp_1</STRONG> (Thumb, 0 bytes, Stack size unknown bytes, libshutdown2.o(.ARM.Collect$$libshutdown$$00000002))

<P><STRONG><a name="[258]"></a>__rt_lib_shutdown_fp_trap_1</STRONG> (Thumb, 0 bytes, Stack size unknown bytes, libshutdown2.o(.ARM.Collect$$libshutdown$$00000007))

<P><STRONG><a name="[259]"></a>__rt_lib_shutdown_heap_1</STRONG> (Thumb, 0 bytes, Stack size unknown bytes, libshutdown2.o(.ARM.Collect$$libshutdown$$0000000F))

<P><STRONG><a name="[25a]"></a>__rt_lib_shutdown_return</STRONG> (Thumb, 0 bytes, Stack size unknown bytes, libshutdown2.o(.ARM.Collect$$libshutdown$$00000010))

<P><STRONG><a name="[25b]"></a>__rt_lib_shutdown_signal_1</STRONG> (Thumb, 0 bytes, Stack size unknown bytes, libshutdown2.o(.ARM.Collect$$libshutdown$$0000000A))

<P><STRONG><a name="[25c]"></a>__rt_lib_shutdown_stdio_1</STRONG> (Thumb, 0 bytes, Stack size unknown bytes, libshutdown2.o(.ARM.Collect$$libshutdown$$00000004))

<P><STRONG><a name="[25d]"></a>__rt_lib_shutdown_user_alloc_1</STRONG> (Thumb, 0 bytes, Stack size unknown bytes, libshutdown2.o(.ARM.Collect$$libshutdown$$0000000C))

<P><STRONG><a name="[df]"></a>__rt_entry</STRONG> (Thumb, 0 bytes, Stack size unknown bytes, __rtentry.o(.ARM.Collect$$rtentry$$00000000))
<BR><BR>[Called By]<UL><LI><a href="#[dd]">&gt;&gt;</a>&nbsp;&nbsp;&nbsp;__main
<LI><a href="#[e0]">&gt;&gt;</a>&nbsp;&nbsp;&nbsp;__scatterload_rt2
</UL>

<P><STRONG><a name="[25e]"></a>__rt_entry_presh_1</STRONG> (Thumb, 0 bytes, Stack size unknown bytes, __rtentry2.o(.ARM.Collect$$rtentry$$00000002))

<P><STRONG><a name="[e3]"></a>__rt_entry_sh</STRONG> (Thumb, 0 bytes, Stack size unknown bytes, __rtentry4.o(.ARM.Collect$$rtentry$$00000004))
<BR><BR>[Stack]<UL><LI>Max Depth = 8 + Unknown Stack Size
<LI>Call Chain = __rt_entry_sh &rArr; __user_setup_stackheap
</UL>
<BR>[Calls]<UL><LI><a href="#[e4]">&gt;&gt;</a>&nbsp;&nbsp;&nbsp;__user_setup_stackheap
</UL>

<P><STRONG><a name="[e5]"></a>__rt_entry_li</STRONG> (Thumb, 0 bytes, Stack size unknown bytes, __rtentry2.o(.ARM.Collect$$rtentry$$0000000A))
<BR><BR>[Calls]<UL><LI><a href="#[e6]">&gt;&gt;</a>&nbsp;&nbsp;&nbsp;__rt_lib_init
</UL>

<P><STRONG><a name="[25f]"></a>__rt_entry_postsh_1</STRONG> (Thumb, 0 bytes, Stack size unknown bytes, __rtentry2.o(.ARM.Collect$$rtentry$$00000009))

<P><STRONG><a name="[e7]"></a>__rt_entry_main</STRONG> (Thumb, 0 bytes, Stack size unknown bytes, __rtentry2.o(.ARM.Collect$$rtentry$$0000000D))
<BR><BR>[Stack]<UL><LI>Max Depth = 320 + Unknown Stack Size
<LI>Call Chain = __rt_entry_main &rArr; main &rArr; rtthread_startup &rArr; rt_application_init &rArr; rt_thread_create &rArr; rt_object_delete &rArr; rt_free &rArr; rt_kprintf &rArr; rt_hw_console_output &rArr; rt_exit_critical &rArr; rt_schedule &rArr; _rt_scheduler_stack_check &rArr;  list_thread (Cycle)
</UL>
<BR>[Calls]<UL><LI><a href="#[e8]">&gt;&gt;</a>&nbsp;&nbsp;&nbsp;main
<LI><a href="#[e9]">&gt;&gt;</a>&nbsp;&nbsp;&nbsp;exit
</UL>

<P><STRONG><a name="[260]"></a>__rt_entry_postli_1</STRONG> (Thumb, 0 bytes, Stack size unknown bytes, __rtentry2.o(.ARM.Collect$$rtentry$$0000000C))

<P><STRONG><a name="[fa]"></a>__rt_exit</STRONG> (Thumb, 0 bytes, Stack size unknown bytes, rtexit.o(.ARM.Collect$$rtexit$$00000000))
<BR><BR>[Called By]<UL><LI><a href="#[e9]">&gt;&gt;</a>&nbsp;&nbsp;&nbsp;exit
</UL>

<P><STRONG><a name="[ea]"></a>__rt_exit_ls</STRONG> (Thumb, 0 bytes, Stack size unknown bytes, rtexit2.o(.ARM.Collect$$rtexit$$00000003))
<BR><BR>[Calls]<UL><LI><a href="#[eb]">&gt;&gt;</a>&nbsp;&nbsp;&nbsp;__rt_lib_shutdown
</UL>

<P><STRONG><a name="[261]"></a>__rt_exit_prels_1</STRONG> (Thumb, 0 bytes, Stack size unknown bytes, rtexit2.o(.ARM.Collect$$rtexit$$00000002))

<P><STRONG><a name="[ec]"></a>__rt_exit_exit</STRONG> (Thumb, 0 bytes, Stack size unknown bytes, rtexit2.o(.ARM.Collect$$rtexit$$00000004))
<BR><BR>[Calls]<UL><LI><a href="#[ed]">&gt;&gt;</a>&nbsp;&nbsp;&nbsp;_sys_exit
</UL>

<P><STRONG><a name="[2]"></a>Reset_Handler</STRONG> (Thumb, 8 bytes, Stack size 0 bytes, startup_stm32f40xx.o(.text))
<BR>[Address Reference Count : 1]<UL><LI> startup_stm32f40xx.o(RESET)
</UL>
<P><STRONG><a name="[1e]"></a>ADC_IRQHandler</STRONG> (Thumb, 0 bytes, Stack size 0 bytes, startup_stm32f40xx.o(.text))
<BR><BR>[Calls]<UL><LI><a href="#[1e]">&gt;&gt;</a>&nbsp;&nbsp;&nbsp;ADC_IRQHandler
</UL>
<BR>[Called By]<UL><LI><a href="#[1e]">&gt;&gt;</a>&nbsp;&nbsp;&nbsp;ADC_IRQHandler
</UL>
<BR>[Address Reference Count : 1]<UL><LI> startup_stm32f40xx.o(RESET)
</UL>
<P><STRONG><a name="[21]"></a>CAN1_RX1_IRQHandler</STRONG> (Thumb, 0 bytes, Stack size 0 bytes, startup_stm32f40xx.o(.text))
<BR>[Address Reference Count : 1]<UL><LI> startup_stm32f40xx.o(RESET)
</UL>
<P><STRONG><a name="[22]"></a>CAN1_SCE_IRQHandler</STRONG> (Thumb, 0 bytes, Stack size 0 bytes, startup_stm32f40xx.o(.text))
<BR>[Address Reference Count : 1]<UL><LI> startup_stm32f40xx.o(RESET)
</UL>
<P><STRONG><a name="[1f]"></a>CAN1_TX_IRQHandler</STRONG> (Thumb, 0 bytes, Stack size 0 bytes, startup_stm32f40xx.o(.text))
<BR>[Address Reference Count : 1]<UL><LI> startup_stm32f40xx.o(RESET)
</UL>
<P><STRONG><a name="[4d]"></a>CAN2_RX1_IRQHandler</STRONG> (Thumb, 0 bytes, Stack size 0 bytes, startup_stm32f40xx.o(.text))
<BR>[Address Reference Count : 1]<UL><LI> startup_stm32f40xx.o(RESET)
</UL>
<P><STRONG><a name="[4e]"></a>CAN2_SCE_IRQHandler</STRONG> (Thumb, 0 bytes, Stack size 0 bytes, startup_stm32f40xx.o(.text))
<BR>[Address Reference Count : 1]<UL><LI> startup_stm32f40xx.o(RESET)
</UL>
<P><STRONG><a name="[4b]"></a>CAN2_TX_IRQHandler</STRONG> (Thumb, 0 bytes, Stack size 0 bytes, startup_stm32f40xx.o(.text))
<BR>[Address Reference Count : 1]<UL><LI> startup_stm32f40xx.o(RESET)
</UL>
<P><STRONG><a name="[5b]"></a>CRYP_IRQHandler</STRONG> (Thumb, 0 bytes, Stack size 0 bytes, startup_stm32f40xx.o(.text))
<BR>[Address Reference Count : 1]<UL><LI> startup_stm32f40xx.o(RESET)
</UL>
<P><STRONG><a name="[5a]"></a>DCMI_IRQHandler</STRONG> (Thumb, 0 bytes, Stack size 0 bytes, startup_stm32f40xx.o(.text))
<BR>[Address Reference Count : 1]<UL><LI> startup_stm32f40xx.o(RESET)
</UL>
<P><STRONG><a name="[17]"></a>DMA1_Stream0_IRQHandler</STRONG> (Thumb, 0 bytes, Stack size 0 bytes, startup_stm32f40xx.o(.text))
<BR>[Address Reference Count : 1]<UL><LI> startup_stm32f40xx.o(RESET)
</UL>
<P><STRONG><a name="[18]"></a>DMA1_Stream1_IRQHandler</STRONG> (Thumb, 0 bytes, Stack size 0 bytes, startup_stm32f40xx.o(.text))
<BR>[Address Reference Count : 1]<UL><LI> startup_stm32f40xx.o(RESET)
</UL>
<P><STRONG><a name="[19]"></a>DMA1_Stream2_IRQHandler</STRONG> (Thumb, 0 bytes, Stack size 0 bytes, startup_stm32f40xx.o(.text))
<BR>[Address Reference Count : 1]<UL><LI> startup_stm32f40xx.o(RESET)
</UL>
<P><STRONG><a name="[1a]"></a>DMA1_Stream3_IRQHandler</STRONG> (Thumb, 0 bytes, Stack size 0 bytes, startup_stm32f40xx.o(.text))
<BR>[Address Reference Count : 1]<UL><LI> startup_stm32f40xx.o(RESET)
</UL>
<P><STRONG><a name="[1b]"></a>DMA1_Stream4_IRQHandler</STRONG> (Thumb, 0 bytes, Stack size 0 bytes, startup_stm32f40xx.o(.text))
<BR>[Address Reference Count : 1]<UL><LI> startup_stm32f40xx.o(RESET)
</UL>
<P><STRONG><a name="[1c]"></a>DMA1_Stream5_IRQHandler</STRONG> (Thumb, 0 bytes, Stack size 0 bytes, startup_stm32f40xx.o(.text))
<BR>[Address Reference Count : 1]<UL><LI> startup_stm32f40xx.o(RESET)
</UL>
<P><STRONG><a name="[1d]"></a>DMA1_Stream6_IRQHandler</STRONG> (Thumb, 0 bytes, Stack size 0 bytes, startup_stm32f40xx.o(.text))
<BR>[Address Reference Count : 1]<UL><LI> startup_stm32f40xx.o(RESET)
</UL>
<P><STRONG><a name="[3b]"></a>DMA1_Stream7_IRQHandler</STRONG> (Thumb, 0 bytes, Stack size 0 bytes, startup_stm32f40xx.o(.text))
<BR>[Address Reference Count : 1]<UL><LI> startup_stm32f40xx.o(RESET)
</UL>
<P><STRONG><a name="[44]"></a>DMA2_Stream0_IRQHandler</STRONG> (Thumb, 0 bytes, Stack size 0 bytes, startup_stm32f40xx.o(.text))
<BR>[Address Reference Count : 1]<UL><LI> startup_stm32f40xx.o(RESET)
</UL>
<P><STRONG><a name="[45]"></a>DMA2_Stream1_IRQHandler</STRONG> (Thumb, 0 bytes, Stack size 0 bytes, startup_stm32f40xx.o(.text))
<BR>[Address Reference Count : 1]<UL><LI> startup_stm32f40xx.o(RESET)
</UL>
<P><STRONG><a name="[46]"></a>DMA2_Stream2_IRQHandler</STRONG> (Thumb, 0 bytes, Stack size 0 bytes, startup_stm32f40xx.o(.text))
<BR>[Address Reference Count : 1]<UL><LI> startup_stm32f40xx.o(RESET)
</UL>
<P><STRONG><a name="[47]"></a>DMA2_Stream3_IRQHandler</STRONG> (Thumb, 0 bytes, Stack size 0 bytes, startup_stm32f40xx.o(.text))
<BR>[Address Reference Count : 1]<UL><LI> startup_stm32f40xx.o(RESET)
</UL>
<P><STRONG><a name="[48]"></a>DMA2_Stream4_IRQHandler</STRONG> (Thumb, 0 bytes, Stack size 0 bytes, startup_stm32f40xx.o(.text))
<BR>[Address Reference Count : 1]<UL><LI> startup_stm32f40xx.o(RESET)
</UL>
<P><STRONG><a name="[50]"></a>DMA2_Stream5_IRQHandler</STRONG> (Thumb, 0 bytes, Stack size 0 bytes, startup_stm32f40xx.o(.text))
<BR>[Address Reference Count : 1]<UL><LI> startup_stm32f40xx.o(RESET)
</UL>
<P><STRONG><a name="[51]"></a>DMA2_Stream6_IRQHandler</STRONG> (Thumb, 0 bytes, Stack size 0 bytes, startup_stm32f40xx.o(.text))
<BR>[Address Reference Count : 1]<UL><LI> startup_stm32f40xx.o(RESET)
</UL>
<P><STRONG><a name="[52]"></a>DMA2_Stream7_IRQHandler</STRONG> (Thumb, 0 bytes, Stack size 0 bytes, startup_stm32f40xx.o(.text))
<BR>[Address Reference Count : 1]<UL><LI> startup_stm32f40xx.o(RESET)
</UL>
<P><STRONG><a name="[49]"></a>ETH_IRQHandler</STRONG> (Thumb, 0 bytes, Stack size 0 bytes, startup_stm32f40xx.o(.text))
<BR>[Address Reference Count : 1]<UL><LI> startup_stm32f40xx.o(RESET)
</UL>
<P><STRONG><a name="[4a]"></a>ETH_WKUP_IRQHandler</STRONG> (Thumb, 0 bytes, Stack size 0 bytes, startup_stm32f40xx.o(.text))
<BR>[Address Reference Count : 1]<UL><LI> startup_stm32f40xx.o(RESET)
</UL>
<P><STRONG><a name="[10]"></a>FLASH_IRQHandler</STRONG> (Thumb, 0 bytes, Stack size 0 bytes, startup_stm32f40xx.o(.text))
<BR>[Address Reference Count : 1]<UL><LI> startup_stm32f40xx.o(RESET)
</UL>
<P><STRONG><a name="[5d]"></a>FPU_IRQHandler</STRONG> (Thumb, 0 bytes, Stack size 0 bytes, startup_stm32f40xx.o(.text))
<BR>[Address Reference Count : 1]<UL><LI> startup_stm32f40xx.o(RESET)
</UL>
<P><STRONG><a name="[3c]"></a>FSMC_IRQHandler</STRONG> (Thumb, 0 bytes, Stack size 0 bytes, startup_stm32f40xx.o(.text))
<BR>[Address Reference Count : 1]<UL><LI> startup_stm32f40xx.o(RESET)
</UL>
<P><STRONG><a name="[5c]"></a>HASH_RNG_IRQHandler</STRONG> (Thumb, 0 bytes, Stack size 0 bytes, startup_stm32f40xx.o(.text))
<BR>[Address Reference Count : 1]<UL><LI> startup_stm32f40xx.o(RESET)
</UL>
<P><STRONG><a name="[2c]"></a>I2C1_ER_IRQHandler</STRONG> (Thumb, 0 bytes, Stack size 0 bytes, startup_stm32f40xx.o(.text))
<BR>[Address Reference Count : 1]<UL><LI> startup_stm32f40xx.o(RESET)
</UL>
<P><STRONG><a name="[2b]"></a>I2C1_EV_IRQHandler</STRONG> (Thumb, 0 bytes, Stack size 0 bytes, startup_stm32f40xx.o(.text))
<BR>[Address Reference Count : 1]<UL><LI> startup_stm32f40xx.o(RESET)
</UL>
<P><STRONG><a name="[2e]"></a>I2C2_ER_IRQHandler</STRONG> (Thumb, 0 bytes, Stack size 0 bytes, startup_stm32f40xx.o(.text))
<BR>[Address Reference Count : 1]<UL><LI> startup_stm32f40xx.o(RESET)
</UL>
<P><STRONG><a name="[2d]"></a>I2C2_EV_IRQHandler</STRONG> (Thumb, 0 bytes, Stack size 0 bytes, startup_stm32f40xx.o(.text))
<BR>[Address Reference Count : 1]<UL><LI> startup_stm32f40xx.o(RESET)
</UL>
<P><STRONG><a name="[55]"></a>I2C3_ER_IRQHandler</STRONG> (Thumb, 0 bytes, Stack size 0 bytes, startup_stm32f40xx.o(.text))
<BR>[Address Reference Count : 1]<UL><LI> startup_stm32f40xx.o(RESET)
</UL>
<P><STRONG><a name="[54]"></a>I2C3_EV_IRQHandler</STRONG> (Thumb, 0 bytes, Stack size 0 bytes, startup_stm32f40xx.o(.text))
<BR>[Address Reference Count : 1]<UL><LI> startup_stm32f40xx.o(RESET)
</UL>
<P><STRONG><a name="[4f]"></a>OTG_FS_IRQHandler</STRONG> (Thumb, 0 bytes, Stack size 0 bytes, startup_stm32f40xx.o(.text))
<BR>[Address Reference Count : 1]<UL><LI> startup_stm32f40xx.o(RESET)
</UL>
<P><STRONG><a name="[36]"></a>OTG_FS_WKUP_IRQHandler</STRONG> (Thumb, 0 bytes, Stack size 0 bytes, startup_stm32f40xx.o(.text))
<BR>[Address Reference Count : 1]<UL><LI> startup_stm32f40xx.o(RESET)
</UL>
<P><STRONG><a name="[57]"></a>OTG_HS_EP1_IN_IRQHandler</STRONG> (Thumb, 0 bytes, Stack size 0 bytes, startup_stm32f40xx.o(.text))
<BR>[Address Reference Count : 1]<UL><LI> startup_stm32f40xx.o(RESET)
</UL>
<P><STRONG><a name="[56]"></a>OTG_HS_EP1_OUT_IRQHandler</STRONG> (Thumb, 0 bytes, Stack size 0 bytes, startup_stm32f40xx.o(.text))
<BR>[Address Reference Count : 1]<UL><LI> startup_stm32f40xx.o(RESET)
</UL>
<P><STRONG><a name="[59]"></a>OTG_HS_IRQHandler</STRONG> (Thumb, 0 bytes, Stack size 0 bytes, startup_stm32f40xx.o(.text))
<BR>[Address Reference Count : 1]<UL><LI> startup_stm32f40xx.o(RESET)
</UL>
<P><STRONG><a name="[58]"></a>OTG_HS_WKUP_IRQHandler</STRONG> (Thumb, 0 bytes, Stack size 0 bytes, startup_stm32f40xx.o(.text))
<BR>[Address Reference Count : 1]<UL><LI> startup_stm32f40xx.o(RESET)
</UL>
<P><STRONG><a name="[d]"></a>PVD_IRQHandler</STRONG> (Thumb, 0 bytes, Stack size 0 bytes, startup_stm32f40xx.o(.text))
<BR>[Address Reference Count : 1]<UL><LI> startup_stm32f40xx.o(RESET)
</UL>
<P><STRONG><a name="[11]"></a>RCC_IRQHandler</STRONG> (Thumb, 0 bytes, Stack size 0 bytes, startup_stm32f40xx.o(.text))
<BR>[Address Reference Count : 1]<UL><LI> startup_stm32f40xx.o(RESET)
</UL>
<P><STRONG><a name="[35]"></a>RTC_Alarm_IRQHandler</STRONG> (Thumb, 0 bytes, Stack size 0 bytes, startup_stm32f40xx.o(.text))
<BR>[Address Reference Count : 1]<UL><LI> startup_stm32f40xx.o(RESET)
</UL>
<P><STRONG><a name="[f]"></a>RTC_WKUP_IRQHandler</STRONG> (Thumb, 0 bytes, Stack size 0 bytes, startup_stm32f40xx.o(.text))
<BR>[Address Reference Count : 1]<UL><LI> startup_stm32f40xx.o(RESET)
</UL>
<P><STRONG><a name="[3d]"></a>SDIO_IRQHandler</STRONG> (Thumb, 0 bytes, Stack size 0 bytes, startup_stm32f40xx.o(.text))
<BR>[Address Reference Count : 1]<UL><LI> startup_stm32f40xx.o(RESET)
</UL>
<P><STRONG><a name="[2f]"></a>SPI1_IRQHandler</STRONG> (Thumb, 0 bytes, Stack size 0 bytes, startup_stm32f40xx.o(.text))
<BR>[Address Reference Count : 1]<UL><LI> startup_stm32f40xx.o(RESET)
</UL>
<P><STRONG><a name="[30]"></a>SPI2_IRQHandler</STRONG> (Thumb, 0 bytes, Stack size 0 bytes, startup_stm32f40xx.o(.text))
<BR>[Address Reference Count : 1]<UL><LI> startup_stm32f40xx.o(RESET)
</UL>
<P><STRONG><a name="[3f]"></a>SPI3_IRQHandler</STRONG> (Thumb, 0 bytes, Stack size 0 bytes, startup_stm32f40xx.o(.text))
<BR>[Address Reference Count : 1]<UL><LI> startup_stm32f40xx.o(RESET)
</UL>
<P><STRONG><a name="[e]"></a>TAMP_STAMP_IRQHandler</STRONG> (Thumb, 0 bytes, Stack size 0 bytes, startup_stm32f40xx.o(.text))
<BR>[Address Reference Count : 1]<UL><LI> startup_stm32f40xx.o(RESET)
</UL>
<P><STRONG><a name="[27]"></a>TIM1_CC_IRQHandler</STRONG> (Thumb, 0 bytes, Stack size 0 bytes, startup_stm32f40xx.o(.text))
<BR>[Address Reference Count : 1]<UL><LI> startup_stm32f40xx.o(RESET)
</UL>
<P><STRONG><a name="[3a]"></a>TIM8_CC_IRQHandler</STRONG> (Thumb, 0 bytes, Stack size 0 bytes, startup_stm32f40xx.o(.text))
<BR>[Address Reference Count : 1]<UL><LI> startup_stm32f40xx.o(RESET)
</UL>
<P><STRONG><a name="[c]"></a>WWDG_IRQHandler</STRONG> (Thumb, 0 bytes, Stack size 0 bytes, startup_stm32f40xx.o(.text))
<BR>[Address Reference Count : 1]<UL><LI> startup_stm32f40xx.o(RESET)
</UL>
<P><STRONG><a name="[f9]"></a>__user_initial_stackheap</STRONG> (Thumb, 0 bytes, Stack size unknown bytes, startup_stm32f40xx.o(.text))
<BR><BR>[Called By]<UL><LI><a href="#[e4]">&gt;&gt;</a>&nbsp;&nbsp;&nbsp;__user_setup_stackheap
</UL>

<P><STRONG><a name="[1b9]"></a>rt_hw_interrupt_disable</STRONG> (Thumb, 8 bytes, Stack size 0 bytes, context_rvds.o(.text))
<BR><BR>[Called By]<UL><LI><a href="#[fd]">&gt;&gt;</a>&nbsp;&nbsp;&nbsp;rt_interrupt_leave
<LI><a href="#[fb]">&gt;&gt;</a>&nbsp;&nbsp;&nbsp;rt_interrupt_enter
<LI><a href="#[205]">&gt;&gt;</a>&nbsp;&nbsp;&nbsp;rt_timer_start
<LI><a href="#[204]">&gt;&gt;</a>&nbsp;&nbsp;&nbsp;rt_timer_control
<LI><a href="#[1fd]">&gt;&gt;</a>&nbsp;&nbsp;&nbsp;rt_thread_suspend
<LI><a href="#[1fb]">&gt;&gt;</a>&nbsp;&nbsp;&nbsp;rt_thread_resume
<LI><a href="#[1f0]">&gt;&gt;</a>&nbsp;&nbsp;&nbsp;rt_schedule
<LI><a href="#[20b]">&gt;&gt;</a>&nbsp;&nbsp;&nbsp;rt_object_init
<LI><a href="#[20a]">&gt;&gt;</a>&nbsp;&nbsp;&nbsp;rt_object_detach
<LI><a href="#[202]">&gt;&gt;</a>&nbsp;&nbsp;&nbsp;rt_object_allocate
<LI><a href="#[17c]">&gt;&gt;</a>&nbsp;&nbsp;&nbsp;rt_sem_take
<LI><a href="#[17e]">&gt;&gt;</a>&nbsp;&nbsp;&nbsp;rt_sem_release
<LI><a href="#[207]">&gt;&gt;</a>&nbsp;&nbsp;&nbsp;rt_mb_send_wait
<LI><a href="#[177]">&gt;&gt;</a>&nbsp;&nbsp;&nbsp;rt_mb_recv
<LI><a href="#[203]">&gt;&gt;</a>&nbsp;&nbsp;&nbsp;rt_object_delete
<LI><a href="#[21b]">&gt;&gt;</a>&nbsp;&nbsp;&nbsp;rt_thread_idle_excute
<LI><a href="#[fe]">&gt;&gt;</a>&nbsp;&nbsp;&nbsp;rtthread_startup
<LI><a href="#[223]">&gt;&gt;</a>&nbsp;&nbsp;&nbsp;rt_timer_check
<LI><a href="#[222]">&gt;&gt;</a>&nbsp;&nbsp;&nbsp;rt_thread_yield
<LI><a href="#[d6]">&gt;&gt;</a>&nbsp;&nbsp;&nbsp;list_timer
<LI><a href="#[d1]">&gt;&gt;</a>&nbsp;&nbsp;&nbsp;list_sem
<LI><a href="#[d3]">&gt;&gt;</a>&nbsp;&nbsp;&nbsp;list_mutex
<LI><a href="#[d5]">&gt;&gt;</a>&nbsp;&nbsp;&nbsp;list_msgqueue
<LI><a href="#[d4]">&gt;&gt;</a>&nbsp;&nbsp;&nbsp;list_mailbox
<LI><a href="#[d2]">&gt;&gt;</a>&nbsp;&nbsp;&nbsp;list_event
<LI><a href="#[1de]">&gt;&gt;</a>&nbsp;&nbsp;&nbsp;list_get_next
<LI><a href="#[221]">&gt;&gt;</a>&nbsp;&nbsp;&nbsp;rt_timer_stop
<LI><a href="#[218]">&gt;&gt;</a>&nbsp;&nbsp;&nbsp;rt_timer_detach
<LI><a href="#[21f]">&gt;&gt;</a>&nbsp;&nbsp;&nbsp;rt_thread_sleep
<LI><a href="#[c2]">&gt;&gt;</a>&nbsp;&nbsp;&nbsp;rt_thread_exit
<LI><a href="#[174]">&gt;&gt;</a>&nbsp;&nbsp;&nbsp;rt_thread_delete
<LI><a href="#[1c2]">&gt;&gt;</a>&nbsp;&nbsp;&nbsp;_thread_cleanup_execute
<LI><a href="#[d0]">&gt;&gt;</a>&nbsp;&nbsp;&nbsp;list_thread
<LI><a href="#[210]">&gt;&gt;</a>&nbsp;&nbsp;&nbsp;rt_schedule_remove_thread
<LI><a href="#[20f]">&gt;&gt;</a>&nbsp;&nbsp;&nbsp;rt_schedule_insert_thread
<LI><a href="#[1b8]">&gt;&gt;</a>&nbsp;&nbsp;&nbsp;_rt_scheduler_stack_check
<LI><a href="#[1ef]">&gt;&gt;</a>&nbsp;&nbsp;&nbsp;rt_exit_critical
<LI><a href="#[1ee]">&gt;&gt;</a>&nbsp;&nbsp;&nbsp;rt_enter_critical
</UL>

<P><STRONG><a name="[1c3]"></a>rt_hw_interrupt_enable</STRONG> (Thumb, 6 bytes, Stack size 0 bytes, context_rvds.o(.text))
<BR><BR>[Called By]<UL><LI><a href="#[fd]">&gt;&gt;</a>&nbsp;&nbsp;&nbsp;rt_interrupt_leave
<LI><a href="#[fb]">&gt;&gt;</a>&nbsp;&nbsp;&nbsp;rt_interrupt_enter
<LI><a href="#[205]">&gt;&gt;</a>&nbsp;&nbsp;&nbsp;rt_timer_start
<LI><a href="#[204]">&gt;&gt;</a>&nbsp;&nbsp;&nbsp;rt_timer_control
<LI><a href="#[1fd]">&gt;&gt;</a>&nbsp;&nbsp;&nbsp;rt_thread_suspend
<LI><a href="#[1fb]">&gt;&gt;</a>&nbsp;&nbsp;&nbsp;rt_thread_resume
<LI><a href="#[1f0]">&gt;&gt;</a>&nbsp;&nbsp;&nbsp;rt_schedule
<LI><a href="#[20b]">&gt;&gt;</a>&nbsp;&nbsp;&nbsp;rt_object_init
<LI><a href="#[20a]">&gt;&gt;</a>&nbsp;&nbsp;&nbsp;rt_object_detach
<LI><a href="#[202]">&gt;&gt;</a>&nbsp;&nbsp;&nbsp;rt_object_allocate
<LI><a href="#[17c]">&gt;&gt;</a>&nbsp;&nbsp;&nbsp;rt_sem_take
<LI><a href="#[17e]">&gt;&gt;</a>&nbsp;&nbsp;&nbsp;rt_sem_release
<LI><a href="#[207]">&gt;&gt;</a>&nbsp;&nbsp;&nbsp;rt_mb_send_wait
<LI><a href="#[177]">&gt;&gt;</a>&nbsp;&nbsp;&nbsp;rt_mb_recv
<LI><a href="#[203]">&gt;&gt;</a>&nbsp;&nbsp;&nbsp;rt_object_delete
<LI><a href="#[21b]">&gt;&gt;</a>&nbsp;&nbsp;&nbsp;rt_thread_idle_excute
<LI><a href="#[223]">&gt;&gt;</a>&nbsp;&nbsp;&nbsp;rt_timer_check
<LI><a href="#[222]">&gt;&gt;</a>&nbsp;&nbsp;&nbsp;rt_thread_yield
<LI><a href="#[d6]">&gt;&gt;</a>&nbsp;&nbsp;&nbsp;list_timer
<LI><a href="#[d1]">&gt;&gt;</a>&nbsp;&nbsp;&nbsp;list_sem
<LI><a href="#[d3]">&gt;&gt;</a>&nbsp;&nbsp;&nbsp;list_mutex
<LI><a href="#[d5]">&gt;&gt;</a>&nbsp;&nbsp;&nbsp;list_msgqueue
<LI><a href="#[d4]">&gt;&gt;</a>&nbsp;&nbsp;&nbsp;list_mailbox
<LI><a href="#[d2]">&gt;&gt;</a>&nbsp;&nbsp;&nbsp;list_event
<LI><a href="#[1de]">&gt;&gt;</a>&nbsp;&nbsp;&nbsp;list_get_next
<LI><a href="#[221]">&gt;&gt;</a>&nbsp;&nbsp;&nbsp;rt_timer_stop
<LI><a href="#[218]">&gt;&gt;</a>&nbsp;&nbsp;&nbsp;rt_timer_detach
<LI><a href="#[21f]">&gt;&gt;</a>&nbsp;&nbsp;&nbsp;rt_thread_sleep
<LI><a href="#[c2]">&gt;&gt;</a>&nbsp;&nbsp;&nbsp;rt_thread_exit
<LI><a href="#[174]">&gt;&gt;</a>&nbsp;&nbsp;&nbsp;rt_thread_delete
<LI><a href="#[1c2]">&gt;&gt;</a>&nbsp;&nbsp;&nbsp;_thread_cleanup_execute
<LI><a href="#[d0]">&gt;&gt;</a>&nbsp;&nbsp;&nbsp;list_thread
<LI><a href="#[210]">&gt;&gt;</a>&nbsp;&nbsp;&nbsp;rt_schedule_remove_thread
<LI><a href="#[20f]">&gt;&gt;</a>&nbsp;&nbsp;&nbsp;rt_schedule_insert_thread
<LI><a href="#[1ef]">&gt;&gt;</a>&nbsp;&nbsp;&nbsp;rt_exit_critical
<LI><a href="#[1ee]">&gt;&gt;</a>&nbsp;&nbsp;&nbsp;rt_enter_critical
</UL>

<P><STRONG><a name="[20d]"></a>rt_hw_context_switch</STRONG> (Thumb, 32 bytes, Stack size 0 bytes, context_rvds.o(.text))
<BR><BR>[Called By]<UL><LI><a href="#[1f0]">&gt;&gt;</a>&nbsp;&nbsp;&nbsp;rt_schedule
</UL>

<P><STRONG><a name="[20e]"></a>rt_hw_context_switch_interrupt</STRONG> (Thumb, 0 bytes, Stack size 0 bytes, context_rvds.o(.text))
<BR><BR>[Called By]<UL><LI><a href="#[1f0]">&gt;&gt;</a>&nbsp;&nbsp;&nbsp;rt_schedule
</UL>

<P><STRONG><a name="[a]"></a>PendSV_Handler</STRONG> (Thumb, 108 bytes, Stack size 0 bytes, context_rvds.o(.text))
<BR>[Address Reference Count : 1]<UL><LI> startup_stm32f40xx.o(RESET)
</UL>
<P><STRONG><a name="[216]"></a>rt_hw_context_switch_to</STRONG> (Thumb, 68 bytes, Stack size 0 bytes, context_rvds.o(.text))
<BR><BR>[Called By]<UL><LI><a href="#[215]">&gt;&gt;</a>&nbsp;&nbsp;&nbsp;rt_system_scheduler_start
</UL>

<P><STRONG><a name="[262]"></a>rt_hw_interrupt_thread_switch</STRONG> (Thumb, 2 bytes, Stack size 0 bytes, context_rvds.o(.text), UNUSED)

<P><STRONG><a name="[4]"></a>HardFault_Handler</STRONG> (Thumb, 56 bytes, Stack size 0 bytes, context_rvds.o(.text))
<BR><BR>[Stack]<UL><LI>Max Depth = 480<LI>Call Chain = HardFault_Handler &rArr; rt_hw_hard_fault_exception &rArr; list_thread &rArr; object_split &rArr; rt_kprintf &rArr; rt_hw_console_output &rArr; rt_exit_critical &rArr; rt_schedule &rArr; _rt_scheduler_stack_check &rArr;  list_thread (Cycle)
</UL>
<BR>[Calls]<UL><LI><a href="#[ee]">&gt;&gt;</a>&nbsp;&nbsp;&nbsp;rt_hw_hard_fault_exception
</UL>
<BR>[Address Reference Count : 1]<UL><LI> startup_stm32f40xx.o(RESET)
</UL>
<P><STRONG><a name="[229]"></a>memcmp</STRONG> (Thumb, 88 bytes, Stack size 8 bytes, memcmp.o(.text))
<BR><BR>[Stack]<UL><LI>Max Depth = 8<LI>Call Chain = memcmp
</UL>
<BR>[Called By]<UL><LI><a href="#[1d5]">&gt;&gt;</a>&nbsp;&nbsp;&nbsp;shell_push_history
</UL>

<P><STRONG><a name="[1c9]"></a>strcpy</STRONG> (Thumb, 72 bytes, Stack size 12 bytes, strcpy.o(.text))
<BR><BR>[Stack]<UL><LI>Max Depth = 12<LI>Call Chain = strcpy
</UL>
<BR>[Called By]<UL><LI><a href="#[1c7]">&gt;&gt;</a>&nbsp;&nbsp;&nbsp;finsh_get_prompt
</UL>

<P><STRONG><a name="[1d1]"></a>strlen</STRONG> (Thumb, 62 bytes, Stack size 8 bytes, strlen.o(.text))
<BR><BR>[Stack]<UL><LI>Max Depth = 8<LI>Call Chain = strlen
</UL>
<BR>[Called By]<UL><LI><a href="#[1e9]">&gt;&gt;</a>&nbsp;&nbsp;&nbsp;msh_auto_complete
<LI><a href="#[c4]">&gt;&gt;</a>&nbsp;&nbsp;&nbsp;finsh_thread_entry
<LI><a href="#[1f9]">&gt;&gt;</a>&nbsp;&nbsp;&nbsp;rt_hw_console_output
</UL>

<P><STRONG><a name="[1db]"></a>strncmp</STRONG> (Thumb, 150 bytes, Stack size 16 bytes, strncmp.o(.text))
<BR><BR>[Stack]<UL><LI>Max Depth = 16<LI>Call Chain = strncmp
</UL>
<BR>[Called By]<UL><LI><a href="#[d8]">&gt;&gt;</a>&nbsp;&nbsp;&nbsp;msh_help
<LI><a href="#[1e9]">&gt;&gt;</a>&nbsp;&nbsp;&nbsp;msh_auto_complete
<LI><a href="#[1b6]">&gt;&gt;</a>&nbsp;&nbsp;&nbsp;msh_get_cmd
<LI><a href="#[d7]">&gt;&gt;</a>&nbsp;&nbsp;&nbsp;list
</UL>

<P><STRONG><a name="[1ca]"></a>strcat</STRONG> (Thumb, 24 bytes, Stack size 0 bytes, strcat.o(.text))
<BR><BR>[Called By]<UL><LI><a href="#[1c7]">&gt;&gt;</a>&nbsp;&nbsp;&nbsp;finsh_get_prompt
</UL>

<P><STRONG><a name="[1d0]"></a>__aeabi_memcpy</STRONG> (Thumb, 0 bytes, Stack size 0 bytes, rt_memcpy_v6.o(.text))
<BR><BR>[Called By]<UL><LI><a href="#[c4]">&gt;&gt;</a>&nbsp;&nbsp;&nbsp;finsh_thread_entry
<LI><a href="#[1d5]">&gt;&gt;</a>&nbsp;&nbsp;&nbsp;shell_push_history
</UL>

<P><STRONG><a name="[ef]"></a>__rt_memcpy</STRONG> (Thumb, 138 bytes, Stack size 0 bytes, rt_memcpy_v6.o(.text), UNUSED)
<BR><BR>[Calls]<UL><LI><a href="#[f0]">&gt;&gt;</a>&nbsp;&nbsp;&nbsp;__aeabi_memcpy4
</UL>

<P><STRONG><a name="[263]"></a>_memcpy_lastbytes</STRONG> (Thumb, 0 bytes, Stack size unknown bytes, rt_memcpy_v6.o(.text), UNUSED)

<P><STRONG><a name="[f0]"></a>__aeabi_memcpy4</STRONG> (Thumb, 0 bytes, Stack size 8 bytes, rt_memcpy_w.o(.text))
<BR><BR>[Stack]<UL><LI>Max Depth = 8<LI>Call Chain = __aeabi_memcpy4
</UL>
<BR>[Called By]<UL><LI><a href="#[d0]">&gt;&gt;</a>&nbsp;&nbsp;&nbsp;list_thread
<LI><a href="#[ef]">&gt;&gt;</a>&nbsp;&nbsp;&nbsp;__rt_memcpy
</UL>

<P><STRONG><a name="[264]"></a>__aeabi_memcpy8</STRONG> (Thumb, 0 bytes, Stack size 8 bytes, rt_memcpy_w.o(.text), UNUSED)

<P><STRONG><a name="[265]"></a>__rt_memcpy_w</STRONG> (Thumb, 100 bytes, Stack size 8 bytes, rt_memcpy_w.o(.text), UNUSED)

<P><STRONG><a name="[266]"></a>_memcpy_lastbytes_aligned</STRONG> (Thumb, 0 bytes, Stack size unknown bytes, rt_memcpy_w.o(.text), UNUSED)

<P><STRONG><a name="[f4]"></a>__aeabi_memclr</STRONG> (Thumb, 0 bytes, Stack size 0 bytes, rt_memclr.o(.text))
<BR><BR>[Called By]<UL><LI><a href="#[c4]">&gt;&gt;</a>&nbsp;&nbsp;&nbsp;finsh_thread_entry
<LI><a href="#[1d5]">&gt;&gt;</a>&nbsp;&nbsp;&nbsp;shell_push_history
<LI><a href="#[102]">&gt;&gt;</a>&nbsp;&nbsp;&nbsp;Drv_CanInterfaceCreate
<LI><a href="#[19b]">&gt;&gt;</a>&nbsp;&nbsp;&nbsp;_Drv_CanInterfaceTxBufferFree
<LI><a href="#[68]">&gt;&gt;</a>&nbsp;&nbsp;&nbsp;_Drv_CanInterfaceRxBufferFree
<LI><a href="#[f3]">&gt;&gt;</a>&nbsp;&nbsp;&nbsp;strncpy
</UL>

<P><STRONG><a name="[f1]"></a>__rt_memclr</STRONG> (Thumb, 68 bytes, Stack size 0 bytes, rt_memclr.o(.text), UNUSED)
<BR><BR>[Calls]<UL><LI><a href="#[f2]">&gt;&gt;</a>&nbsp;&nbsp;&nbsp;_memset_w
</UL>

<P><STRONG><a name="[267]"></a>_memset</STRONG> (Thumb, 0 bytes, Stack size unknown bytes, rt_memclr.o(.text), UNUSED)

<P><STRONG><a name="[19c]"></a>__aeabi_memclr4</STRONG> (Thumb, 0 bytes, Stack size 4 bytes, rt_memclr_w.o(.text))
<BR><BR>[Stack]<UL><LI>Max Depth = 4<LI>Call Chain = __aeabi_memclr4
</UL>
<BR>[Called By]<UL><LI><a href="#[1b5]">&gt;&gt;</a>&nbsp;&nbsp;&nbsp;_msh_exec_cmd
<LI><a href="#[65]">&gt;&gt;</a>&nbsp;&nbsp;&nbsp;_Drv_CanInterfaceSendFailedToBuffer
<LI><a href="#[64]">&gt;&gt;</a>&nbsp;&nbsp;&nbsp;_Drv_CanInterfaceSendDoneToBuffer
<LI><a href="#[61]">&gt;&gt;</a>&nbsp;&nbsp;&nbsp;_Drv_CanInterfaceSendCmdToBuffer
<LI><a href="#[1f9]">&gt;&gt;</a>&nbsp;&nbsp;&nbsp;rt_hw_console_output
</UL>

<P><STRONG><a name="[268]"></a>__aeabi_memclr8</STRONG> (Thumb, 0 bytes, Stack size 4 bytes, rt_memclr_w.o(.text), UNUSED)

<P><STRONG><a name="[269]"></a>__rt_memclr_w</STRONG> (Thumb, 78 bytes, Stack size 4 bytes, rt_memclr_w.o(.text), UNUSED)

<P><STRONG><a name="[f2]"></a>_memset_w</STRONG> (Thumb, 0 bytes, Stack size unknown bytes, rt_memclr_w.o(.text), UNUSED)
<BR><BR>[Called By]<UL><LI><a href="#[f1]">&gt;&gt;</a>&nbsp;&nbsp;&nbsp;__rt_memclr
</UL>

<P><STRONG><a name="[f3]"></a>strncpy</STRONG> (Thumb, 86 bytes, Stack size 8 bytes, strncpy.o(.text))
<BR><BR>[Stack]<UL><LI>Max Depth = 8<LI>Call Chain = strncpy
</UL>
<BR>[Calls]<UL><LI><a href="#[f4]">&gt;&gt;</a>&nbsp;&nbsp;&nbsp;__aeabi_memclr
</UL>
<BR>[Called By]<UL><LI><a href="#[1c7]">&gt;&gt;</a>&nbsp;&nbsp;&nbsp;finsh_get_prompt
</UL>

<P><STRONG><a name="[26a]"></a>__use_two_region_memory</STRONG> (Thumb, 2 bytes, Stack size 0 bytes, heapauxi.o(.text), UNUSED)

<P><STRONG><a name="[26b]"></a>__rt_heap_escrow$2region</STRONG> (Thumb, 2 bytes, Stack size 0 bytes, heapauxi.o(.text), UNUSED)

<P><STRONG><a name="[26c]"></a>__rt_heap_expand$2region</STRONG> (Thumb, 2 bytes, Stack size 0 bytes, heapauxi.o(.text), UNUSED)

<P><STRONG><a name="[f5]"></a>__read_errno</STRONG> (Thumb, 10 bytes, Stack size 8 bytes, _rserrno.o(.text), UNUSED)
<BR><BR>[Calls]<UL><LI><a href="#[f6]">&gt;&gt;</a>&nbsp;&nbsp;&nbsp;__aeabi_errno_addr
</UL>

<P><STRONG><a name="[f7]"></a>__set_errno</STRONG> (Thumb, 12 bytes, Stack size 8 bytes, _rserrno.o(.text))
<BR><BR>[Stack]<UL><LI>Max Depth = 8<LI>Call Chain = __set_errno
</UL>
<BR>[Calls]<UL><LI><a href="#[f6]">&gt;&gt;</a>&nbsp;&nbsp;&nbsp;__aeabi_errno_addr
</UL>
<BR>[Called By]<UL><LI><a href="#[1a8]">&gt;&gt;</a>&nbsp;&nbsp;&nbsp;sqrt
<LI><a href="#[134]">&gt;&gt;</a>&nbsp;&nbsp;&nbsp;__hardfp_sqrt
<LI><a href="#[135]">&gt;&gt;</a>&nbsp;&nbsp;&nbsp;__hardfp_pow
<LI><a href="#[12b]">&gt;&gt;</a>&nbsp;&nbsp;&nbsp;__hardfp_exp
<LI><a href="#[137]">&gt;&gt;</a>&nbsp;&nbsp;&nbsp;__hardfp_cos
<LI><a href="#[136]">&gt;&gt;</a>&nbsp;&nbsp;&nbsp;__hardfp_acos
</UL>

<P><STRONG><a name="[f6]"></a>__aeabi_errno_addr</STRONG> (Thumb, 8 bytes, Stack size 0 bytes, rt_errno_addr_intlibspace.o(.text))
<BR><BR>[Called By]<UL><LI><a href="#[f7]">&gt;&gt;</a>&nbsp;&nbsp;&nbsp;__set_errno
<LI><a href="#[f5]">&gt;&gt;</a>&nbsp;&nbsp;&nbsp;__read_errno
</UL>

<P><STRONG><a name="[26d]"></a>__errno$intlibspace</STRONG> (Thumb, 0 bytes, Stack size 0 bytes, rt_errno_addr_intlibspace.o(.text), UNUSED)

<P><STRONG><a name="[26e]"></a>__rt_errno_addr$intlibspace</STRONG> (Thumb, 0 bytes, Stack size 0 bytes, rt_errno_addr_intlibspace.o(.text), UNUSED)

<P><STRONG><a name="[26f]"></a>__user_libspace</STRONG> (Thumb, 8 bytes, Stack size 0 bytes, libspace.o(.text), UNUSED)

<P><STRONG><a name="[f8]"></a>__user_perproc_libspace</STRONG> (Thumb, 0 bytes, Stack size 0 bytes, libspace.o(.text))
<BR><BR>[Called By]<UL><LI><a href="#[e4]">&gt;&gt;</a>&nbsp;&nbsp;&nbsp;__user_setup_stackheap
</UL>

<P><STRONG><a name="[270]"></a>__user_perthread_libspace</STRONG> (Thumb, 0 bytes, Stack size 0 bytes, libspace.o(.text), UNUSED)

<P><STRONG><a name="[e4]"></a>__user_setup_stackheap</STRONG> (Thumb, 74 bytes, Stack size 8 bytes, sys_stackheap_outer.o(.text))
<BR><BR>[Stack]<UL><LI>Max Depth = 8 + Unknown Stack Size
<LI>Call Chain = __user_setup_stackheap
</UL>
<BR>[Calls]<UL><LI><a href="#[f9]">&gt;&gt;</a>&nbsp;&nbsp;&nbsp;__user_initial_stackheap
<LI><a href="#[f8]">&gt;&gt;</a>&nbsp;&nbsp;&nbsp;__user_perproc_libspace
</UL>
<BR>[Called By]<UL><LI><a href="#[e3]">&gt;&gt;</a>&nbsp;&nbsp;&nbsp;__rt_entry_sh
</UL>

<P><STRONG><a name="[e9]"></a>exit</STRONG> (Thumb, 18 bytes, Stack size 8 bytes, exit.o(.text))
<BR><BR>[Stack]<UL><LI>Max Depth = 8 + Unknown Stack Size
<LI>Call Chain = exit
</UL>
<BR>[Calls]<UL><LI><a href="#[fa]">&gt;&gt;</a>&nbsp;&nbsp;&nbsp;__rt_exit
</UL>
<BR>[Called By]<UL><LI><a href="#[e7]">&gt;&gt;</a>&nbsp;&nbsp;&nbsp;__rt_entry_main
</UL>

<P><STRONG><a name="[ed]"></a>_sys_exit</STRONG> (Thumb, 8 bytes, Stack size 0 bytes, sys_exit.o(.text))
<BR><BR>[Called By]<UL><LI><a href="#[ec]">&gt;&gt;</a>&nbsp;&nbsp;&nbsp;__rt_exit_exit
</UL>

<P><STRONG><a name="[271]"></a>__I$use$semihosting</STRONG> (Thumb, 0 bytes, Stack size 0 bytes, use_no_semi.o(.text), UNUSED)

<P><STRONG><a name="[272]"></a>__use_no_semihosting_swi</STRONG> (Thumb, 2 bytes, Stack size 0 bytes, use_no_semi.o(.text), UNUSED)

<P><STRONG><a name="[33]"></a>USART3_IRQHandler</STRONG> (Thumb, 16 bytes, Stack size 8 bytes, osal.o(i.$Sub$$USART3_IRQHandler))
<BR><BR>[Stack]<UL><LI>Max Depth = 32<LI>Call Chain = USART3_IRQHandler &rArr; $Super$$USART3_IRQHandler &rArr; USART_GetITStatus
</UL>
<BR>[Calls]<UL><LI><a href="#[fd]">&gt;&gt;</a>&nbsp;&nbsp;&nbsp;rt_interrupt_leave
<LI><a href="#[fb]">&gt;&gt;</a>&nbsp;&nbsp;&nbsp;rt_interrupt_enter
<LI><a href="#[fc]">&gt;&gt;</a>&nbsp;&nbsp;&nbsp;$Super$$USART3_IRQHandler
</UL>
<BR>[Address Reference Count : 1]<UL><LI> startup_stm32f40xx.o(RESET)
</UL>
<P><STRONG><a name="[273]"></a>__semihosting_library_function</STRONG> (Thumb, 0 bytes, Stack size 8 bytes, indicate_semi.o(.text), UNUSED)

<P><STRONG><a name="[e8]"></a>main</STRONG> (Thumb, 10 bytes, Stack size 8 bytes, components.o(i.$Sub$$main))
<BR><BR>[Stack]<UL><LI>Max Depth = 320<LI>Call Chain = main &rArr; rtthread_startup &rArr; rt_application_init &rArr; rt_thread_create &rArr; rt_object_delete &rArr; rt_free &rArr; rt_kprintf &rArr; rt_hw_console_output &rArr; rt_exit_critical &rArr; rt_schedule &rArr; _rt_scheduler_stack_check &rArr;  list_thread (Cycle)
</UL>
<BR>[Calls]<UL><LI><a href="#[fe]">&gt;&gt;</a>&nbsp;&nbsp;&nbsp;rtthread_startup
</UL>
<BR>[Called By]<UL><LI><a href="#[e7]">&gt;&gt;</a>&nbsp;&nbsp;&nbsp;__rt_entry_main
</UL>

<P><STRONG><a name="[6]"></a>BusFault_Handler</STRONG> (Thumb, 4 bytes, Stack size 0 bytes, stm32f4xx_it.o(i.BusFault_Handler))
<BR>[Address Reference Count : 1]<UL><LI> startup_stm32f40xx.o(RESET)
</UL>
<P><STRONG><a name="[20]"></a>CAN1_RX0_IRQHandler</STRONG> (Thumb, 50 bytes, Stack size 24 bytes, hal_can.o(i.CAN1_RX0_IRQHandler))
<BR><BR>[Stack]<UL><LI>Max Depth = 32<LI>Call Chain = CAN1_RX0_IRQHandler &rArr; CAN_Receive
</UL>
<BR>[Calls]<UL><LI><a href="#[ff]">&gt;&gt;</a>&nbsp;&nbsp;&nbsp;CAN_Receive
</UL>
<BR>[Address Reference Count : 1]<UL><LI> startup_stm32f40xx.o(RESET)
</UL>
<P><STRONG><a name="[4c]"></a>CAN2_RX0_IRQHandler</STRONG> (Thumb, 50 bytes, Stack size 24 bytes, hal_can.o(i.CAN2_RX0_IRQHandler))
<BR><BR>[Stack]<UL><LI>Max Depth = 32<LI>Call Chain = CAN2_RX0_IRQHandler &rArr; CAN_Receive
</UL>
<BR>[Calls]<UL><LI><a href="#[ff]">&gt;&gt;</a>&nbsp;&nbsp;&nbsp;CAN_Receive
</UL>
<BR>[Address Reference Count : 1]<UL><LI> startup_stm32f40xx.o(RESET)
</UL>
<P><STRONG><a name="[100]"></a>CAN_DeInit</STRONG> (Thumb, 50 bytes, Stack size 8 bytes, stm32f4xx_can.o(i.CAN_DeInit))
<BR><BR>[Stack]<UL><LI>Max Depth = 8<LI>Call Chain = CAN_DeInit
</UL>
<BR>[Calls]<UL><LI><a href="#[101]">&gt;&gt;</a>&nbsp;&nbsp;&nbsp;RCC_APB1PeriphResetCmd
</UL>
<BR>[Called By]<UL><LI><a href="#[104]">&gt;&gt;</a>&nbsp;&nbsp;&nbsp;Hal_InitCan10ChInterrupt
</UL>

<P><STRONG><a name="[155]"></a>CAN_FilterInit</STRONG> (Thumb, 258 bytes, Stack size 8 bytes, stm32f4xx_can.o(i.CAN_FilterInit))
<BR><BR>[Stack]<UL><LI>Max Depth = 8<LI>Call Chain = CAN_FilterInit
</UL>
<BR>[Called By]<UL><LI><a href="#[104]">&gt;&gt;</a>&nbsp;&nbsp;&nbsp;Hal_InitCan10ChInterrupt
</UL>

<P><STRONG><a name="[156]"></a>CAN_ITConfig</STRONG> (Thumb, 18 bytes, Stack size 0 bytes, stm32f4xx_can.o(i.CAN_ITConfig))
<BR><BR>[Called By]<UL><LI><a href="#[104]">&gt;&gt;</a>&nbsp;&nbsp;&nbsp;Hal_InitCan10ChInterrupt
</UL>

<P><STRONG><a name="[154]"></a>CAN_Init</STRONG> (Thumb, 276 bytes, Stack size 12 bytes, stm32f4xx_can.o(i.CAN_Init))
<BR><BR>[Stack]<UL><LI>Max Depth = 12<LI>Call Chain = CAN_Init
</UL>
<BR>[Called By]<UL><LI><a href="#[104]">&gt;&gt;</a>&nbsp;&nbsp;&nbsp;Hal_InitCan10ChInterrupt
</UL>

<P><STRONG><a name="[ff]"></a>CAN_Receive</STRONG> (Thumb, 240 bytes, Stack size 8 bytes, stm32f4xx_can.o(i.CAN_Receive))
<BR><BR>[Stack]<UL><LI>Max Depth = 8<LI>Call Chain = CAN_Receive
</UL>
<BR>[Called By]<UL><LI><a href="#[4c]">&gt;&gt;</a>&nbsp;&nbsp;&nbsp;CAN2_RX0_IRQHandler
<LI><a href="#[20]">&gt;&gt;</a>&nbsp;&nbsp;&nbsp;CAN1_RX0_IRQHandler
</UL>

<P><STRONG><a name="[153]"></a>CAN_StructInit</STRONG> (Thumb, 32 bytes, Stack size 0 bytes, stm32f4xx_can.o(i.CAN_StructInit))
<BR><BR>[Called By]<UL><LI><a href="#[104]">&gt;&gt;</a>&nbsp;&nbsp;&nbsp;Hal_InitCan10ChInterrupt
</UL>

<P><STRONG><a name="[149]"></a>CAN_Transmit</STRONG> (Thumb, 294 bytes, Stack size 8 bytes, stm32f4xx_can.o(i.CAN_Transmit))
<BR><BR>[Stack]<UL><LI>Max Depth = 8<LI>Call Chain = CAN_Transmit
</UL>
<BR>[Called By]<UL><LI><a href="#[147]">&gt;&gt;</a>&nbsp;&nbsp;&nbsp;Hal_CanTx
</UL>

<P><STRONG><a name="[148]"></a>CAN_TransmitStatus</STRONG> (Thumb, 138 bytes, Stack size 8 bytes, stm32f4xx_can.o(i.CAN_TransmitStatus))
<BR><BR>[Stack]<UL><LI>Max Depth = 8<LI>Call Chain = CAN_TransmitStatus
</UL>
<BR>[Called By]<UL><LI><a href="#[147]">&gt;&gt;</a>&nbsp;&nbsp;&nbsp;Hal_CanTx
</UL>

<P><STRONG><a name="[9]"></a>DebugMon_Handler</STRONG> (Thumb, 2 bytes, Stack size 0 bytes, stm32f4xx_it.o(i.DebugMon_Handler))
<BR>[Address Reference Count : 1]<UL><LI> startup_stm32f40xx.o(RESET)
</UL>
<P><STRONG><a name="[102]"></a>Drv_CanInterfaceCreate</STRONG> (Thumb, 786 bytes, Stack size 88 bytes, drv_can_interface.o(i.Drv_CanInterfaceCreate))
<BR><BR>[Stack]<UL><LI>Max Depth = 416<LI>Call Chain = Drv_CanInterfaceCreate &rArr; Osal_ThreadCreate &rArr; rt_thread_create &rArr; rt_object_delete &rArr; rt_free &rArr; rt_kprintf &rArr; rt_hw_console_output &rArr; rt_exit_critical &rArr; rt_schedule &rArr; _rt_scheduler_stack_check &rArr;  list_thread (Cycle)
</UL>
<BR>[Calls]<UL><LI><a href="#[104]">&gt;&gt;</a>&nbsp;&nbsp;&nbsp;Hal_InitCan10ChInterrupt
<LI><a href="#[106]">&gt;&gt;</a>&nbsp;&nbsp;&nbsp;free
<LI><a href="#[103]">&gt;&gt;</a>&nbsp;&nbsp;&nbsp;calloc
<LI><a href="#[107]">&gt;&gt;</a>&nbsp;&nbsp;&nbsp;Osal_ThreadCreate
<LI><a href="#[105]">&gt;&gt;</a>&nbsp;&nbsp;&nbsp;Osal_MailCreate
<LI><a href="#[f4]">&gt;&gt;</a>&nbsp;&nbsp;&nbsp;__aeabi_memclr
</UL>
<BR>[Called By]<UL><LI><a href="#[146]">&gt;&gt;</a>&nbsp;&nbsp;&nbsp;Func_Init
</UL>

<P><STRONG><a name="[108]"></a>Drv_LedCreate</STRONG> (Thumb, 68 bytes, Stack size 32 bytes, drv_led.o(i.Drv_LedCreate))
<BR><BR>[Stack]<UL><LI>Max Depth = 216<LI>Call Chain = Drv_LedCreate &rArr; Drv_PwmPinCreate &rArr; calloc &rArr; rt_calloc &rArr; rt_malloc &rArr; rt_sem_take &rArr; rt_ipc_list_suspend &rArr; rt_thread_suspend &rArr; rt_timer_stop &rArr; _rt_timer_remove
</UL>
<BR>[Calls]<UL><LI><a href="#[109]">&gt;&gt;</a>&nbsp;&nbsp;&nbsp;Drv_PwmPinCreate
</UL>
<BR>[Called By]<UL><LI><a href="#[146]">&gt;&gt;</a>&nbsp;&nbsp;&nbsp;Func_Init
</UL>

<P><STRONG><a name="[6d]"></a>Drv_Mcc1CodeDiskExtiIrqHandler</STRONG> (Thumb, 102 bytes, Stack size 8 bytes, drv_motion_control_components.o(i.Drv_Mcc1CodeDiskExtiIrqHandler))
<BR><BR>[Stack]<UL><LI>Max Depth = 176<LI>Call Chain = Drv_Mcc1CodeDiskExtiIrqHandler &rArr; _Drv_MccSingleCodeDiskExtiIrqHandler &rArr; Drv_StepmotorMoveSdBegin &rArr; _Drv_StepmotorDrv &rArr; __Drv_StepmotorDone &rArr; Osal_SemPost &rArr; rt_sem_release &rArr; rt_ipc_list_resume &rArr; rt_thread_resume &rArr; rt_timer_stop &rArr; _rt_timer_remove
</UL>
<BR>[Calls]<UL><LI><a href="#[10a]">&gt;&gt;</a>&nbsp;&nbsp;&nbsp;_Drv_MccSingleCodeDiskExtiIrqHandler
<LI><a href="#[10b]">&gt;&gt;</a>&nbsp;&nbsp;&nbsp;_Drv_MccCodeDiskExtiIrqHandler
</UL>
<BR>[Address Reference Count : 1]<UL><LI> drv_motion_control_components.o(i.Drv_MccCreate)
</UL>
<P><STRONG><a name="[6c]"></a>Drv_Mcc1ResetExtiIrqHandler</STRONG> (Thumb, 12 bytes, Stack size 8 bytes, drv_motion_control_components.o(i.Drv_Mcc1ResetExtiIrqHandler))
<BR><BR>[Stack]<UL><LI>Max Depth = 176<LI>Call Chain = Drv_Mcc1ResetExtiIrqHandler &rArr; _Drv_MccResetExtiIrqHandler &rArr; Drv_StepmotorMoveRlBegin &rArr; _Drv_StepmotorDrv &rArr; __Drv_StepmotorDone &rArr; Osal_SemPost &rArr; rt_sem_release &rArr; rt_ipc_list_resume &rArr; rt_thread_resume &rArr; rt_timer_stop &rArr; _rt_timer_remove
</UL>
<BR>[Calls]<UL><LI><a href="#[10c]">&gt;&gt;</a>&nbsp;&nbsp;&nbsp;_Drv_MccResetExtiIrqHandler
</UL>
<BR>[Address Reference Count : 1]<UL><LI> drv_motion_control_components.o(i.Drv_MccCreate)
</UL>
<P><STRONG><a name="[6e]"></a>Drv_Mcc1StrikeExtiIrqHandler</STRONG> (Thumb, 12 bytes, Stack size 8 bytes, drv_motion_control_components.o(i.Drv_Mcc1StrikeExtiIrqHandler))
<BR><BR>[Stack]<UL><LI>Max Depth = 168<LI>Call Chain = Drv_Mcc1StrikeExtiIrqHandler &rArr; _Drv_MccStrikeExtiIrqHandler &rArr; Drv_StepmotorMoveRlBegin &rArr; _Drv_StepmotorDrv &rArr; __Drv_StepmotorDone &rArr; Osal_SemPost &rArr; rt_sem_release &rArr; rt_ipc_list_resume &rArr; rt_thread_resume &rArr; rt_timer_stop &rArr; _rt_timer_remove
</UL>
<BR>[Calls]<UL><LI><a href="#[10d]">&gt;&gt;</a>&nbsp;&nbsp;&nbsp;_Drv_MccStrikeExtiIrqHandler
</UL>
<BR>[Address Reference Count : 1]<UL><LI> drv_motion_control_components.o(i.Drv_MccCreate)
</UL>
<P><STRONG><a name="[70]"></a>Drv_Mcc2CodeDiskExtiIrqHandler</STRONG> (Thumb, 102 bytes, Stack size 8 bytes, drv_motion_control_components.o(i.Drv_Mcc2CodeDiskExtiIrqHandler))
<BR><BR>[Stack]<UL><LI>Max Depth = 176<LI>Call Chain = Drv_Mcc2CodeDiskExtiIrqHandler &rArr; _Drv_MccSingleCodeDiskExtiIrqHandler &rArr; Drv_StepmotorMoveSdBegin &rArr; _Drv_StepmotorDrv &rArr; __Drv_StepmotorDone &rArr; Osal_SemPost &rArr; rt_sem_release &rArr; rt_ipc_list_resume &rArr; rt_thread_resume &rArr; rt_timer_stop &rArr; _rt_timer_remove
</UL>
<BR>[Calls]<UL><LI><a href="#[10a]">&gt;&gt;</a>&nbsp;&nbsp;&nbsp;_Drv_MccSingleCodeDiskExtiIrqHandler
<LI><a href="#[10b]">&gt;&gt;</a>&nbsp;&nbsp;&nbsp;_Drv_MccCodeDiskExtiIrqHandler
</UL>
<BR>[Address Reference Count : 1]<UL><LI> drv_motion_control_components.o(i.Drv_MccCreate)
</UL>
<P><STRONG><a name="[6f]"></a>Drv_Mcc2ResetExtiIrqHandler</STRONG> (Thumb, 12 bytes, Stack size 8 bytes, drv_motion_control_components.o(i.Drv_Mcc2ResetExtiIrqHandler))
<BR><BR>[Stack]<UL><LI>Max Depth = 176<LI>Call Chain = Drv_Mcc2ResetExtiIrqHandler &rArr; _Drv_MccResetExtiIrqHandler &rArr; Drv_StepmotorMoveRlBegin &rArr; _Drv_StepmotorDrv &rArr; __Drv_StepmotorDone &rArr; Osal_SemPost &rArr; rt_sem_release &rArr; rt_ipc_list_resume &rArr; rt_thread_resume &rArr; rt_timer_stop &rArr; _rt_timer_remove
</UL>
<BR>[Calls]<UL><LI><a href="#[10c]">&gt;&gt;</a>&nbsp;&nbsp;&nbsp;_Drv_MccResetExtiIrqHandler
</UL>
<BR>[Address Reference Count : 1]<UL><LI> drv_motion_control_components.o(i.Drv_MccCreate)
</UL>
<P><STRONG><a name="[71]"></a>Drv_Mcc2StrikeExtiIrqHandler</STRONG> (Thumb, 12 bytes, Stack size 8 bytes, drv_motion_control_components.o(i.Drv_Mcc2StrikeExtiIrqHandler))
<BR><BR>[Stack]<UL><LI>Max Depth = 168<LI>Call Chain = Drv_Mcc2StrikeExtiIrqHandler &rArr; _Drv_MccStrikeExtiIrqHandler &rArr; Drv_StepmotorMoveRlBegin &rArr; _Drv_StepmotorDrv &rArr; __Drv_StepmotorDone &rArr; Osal_SemPost &rArr; rt_sem_release &rArr; rt_ipc_list_resume &rArr; rt_thread_resume &rArr; rt_timer_stop &rArr; _rt_timer_remove
</UL>
<BR>[Calls]<UL><LI><a href="#[10d]">&gt;&gt;</a>&nbsp;&nbsp;&nbsp;_Drv_MccStrikeExtiIrqHandler
</UL>
<BR>[Address Reference Count : 1]<UL><LI> drv_motion_control_components.o(i.Drv_MccCreate)
</UL>
<P><STRONG><a name="[73]"></a>Drv_Mcc3CodeDiskExtiIrqHandler</STRONG> (Thumb, 102 bytes, Stack size 8 bytes, drv_motion_control_components.o(i.Drv_Mcc3CodeDiskExtiIrqHandler))
<BR><BR>[Stack]<UL><LI>Max Depth = 176<LI>Call Chain = Drv_Mcc3CodeDiskExtiIrqHandler &rArr; _Drv_MccSingleCodeDiskExtiIrqHandler &rArr; Drv_StepmotorMoveSdBegin &rArr; _Drv_StepmotorDrv &rArr; __Drv_StepmotorDone &rArr; Osal_SemPost &rArr; rt_sem_release &rArr; rt_ipc_list_resume &rArr; rt_thread_resume &rArr; rt_timer_stop &rArr; _rt_timer_remove
</UL>
<BR>[Calls]<UL><LI><a href="#[10a]">&gt;&gt;</a>&nbsp;&nbsp;&nbsp;_Drv_MccSingleCodeDiskExtiIrqHandler
<LI><a href="#[10b]">&gt;&gt;</a>&nbsp;&nbsp;&nbsp;_Drv_MccCodeDiskExtiIrqHandler
</UL>
<BR>[Address Reference Count : 1]<UL><LI> drv_motion_control_components.o(i.Drv_MccCreate)
</UL>
<P><STRONG><a name="[72]"></a>Drv_Mcc3ResetExtiIrqHandler</STRONG> (Thumb, 12 bytes, Stack size 8 bytes, drv_motion_control_components.o(i.Drv_Mcc3ResetExtiIrqHandler))
<BR><BR>[Stack]<UL><LI>Max Depth = 176<LI>Call Chain = Drv_Mcc3ResetExtiIrqHandler &rArr; _Drv_MccResetExtiIrqHandler &rArr; Drv_StepmotorMoveRlBegin &rArr; _Drv_StepmotorDrv &rArr; __Drv_StepmotorDone &rArr; Osal_SemPost &rArr; rt_sem_release &rArr; rt_ipc_list_resume &rArr; rt_thread_resume &rArr; rt_timer_stop &rArr; _rt_timer_remove
</UL>
<BR>[Calls]<UL><LI><a href="#[10c]">&gt;&gt;</a>&nbsp;&nbsp;&nbsp;_Drv_MccResetExtiIrqHandler
</UL>
<BR>[Address Reference Count : 1]<UL><LI> drv_motion_control_components.o(i.Drv_MccCreate)
</UL>
<P><STRONG><a name="[74]"></a>Drv_Mcc3StrikeExtiIrqHandler</STRONG> (Thumb, 12 bytes, Stack size 8 bytes, drv_motion_control_components.o(i.Drv_Mcc3StrikeExtiIrqHandler))
[...]
</UL>
<BR>[Calls]<UL><LI><a href="#[17b]">&gt;&gt;</a>&nbsp;&nbsp;&nbsp;Osal_SemPend
<LI><a href="#[191]">&gt;&gt;</a>&nbsp;&nbsp;&nbsp;Osal_GetIntoThread
<LI><a href="#[145]">&gt;&gt;</a>&nbsp;&nbsp;&nbsp;Osal_Delayms
<LI><a href="#[18a]">&gt;&gt;</a>&nbsp;&nbsp;&nbsp;Sys_CmdScheduler
<LI><a href="#[188]">&gt;&gt;</a>&nbsp;&nbsp;&nbsp;Sys_CmdRegeditCreate
</UL>
<BR>[Address Reference Count : 1]<UL><LI> sys_tasks.o(i.Sys_TaskStart)
</UL>
<P><STRONG><a name="[bb]"></a>_Sys_TaskCmdScheduler3</STRONG> (Thumb, 118 bytes, Stack size 0 bytes, sys_tasks.o(i._Sys_TaskCmdScheduler3))
<BR><BR>[Stack]<UL><LI>Max Depth = 256<LI>Call Chain = _Sys_TaskCmdScheduler3 &rArr; Sys_CmdRegeditCreate &rArr; Sys_DoubleListCreate &rArr; free &rArr; rt_free &rArr; rt_kprintf &rArr; rt_hw_console_output &rArr; rt_exit_critical &rArr; rt_schedule &rArr; _rt_scheduler_stack_check &rArr;  list_thread (Cycle)
</UL>
<BR>[Calls]<UL><LI><a href="#[17b]">&gt;&gt;</a>&nbsp;&nbsp;&nbsp;Osal_SemPend
<LI><a href="#[191]">&gt;&gt;</a>&nbsp;&nbsp;&nbsp;Osal_GetIntoThread
<LI><a href="#[145]">&gt;&gt;</a>&nbsp;&nbsp;&nbsp;Osal_Delayms
<LI><a href="#[18a]">&gt;&gt;</a>&nbsp;&nbsp;&nbsp;Sys_CmdScheduler
<LI><a href="#[188]">&gt;&gt;</a>&nbsp;&nbsp;&nbsp;Sys_CmdRegeditCreate
</UL>
<BR>[Address Reference Count : 1]<UL><LI> sys_tasks.o(i.Sys_TaskStart)
</UL>
<P><STRONG><a name="[bc]"></a>_Sys_TaskCmdScheduler4</STRONG> (Thumb, 118 bytes, Stack size 0 bytes, sys_tasks.o(i._Sys_TaskCmdScheduler4))
<BR><BR>[Stack]<UL><LI>Max Depth = 256<LI>Call Chain = _Sys_TaskCmdScheduler4 &rArr; Sys_CmdRegeditCreate &rArr; Sys_DoubleListCreate &rArr; free &rArr; rt_free &rArr; rt_kprintf &rArr; rt_hw_console_output &rArr; rt_exit_critical &rArr; rt_schedule &rArr; _rt_scheduler_stack_check &rArr;  list_thread (Cycle)
</UL>
<BR>[Calls]<UL><LI><a href="#[17b]">&gt;&gt;</a>&nbsp;&nbsp;&nbsp;Osal_SemPend
<LI><a href="#[191]">&gt;&gt;</a>&nbsp;&nbsp;&nbsp;Osal_GetIntoThread
<LI><a href="#[145]">&gt;&gt;</a>&nbsp;&nbsp;&nbsp;Osal_Delayms
<LI><a href="#[18a]">&gt;&gt;</a>&nbsp;&nbsp;&nbsp;Sys_CmdScheduler
<LI><a href="#[188]">&gt;&gt;</a>&nbsp;&nbsp;&nbsp;Sys_CmdRegeditCreate
</UL>
<BR>[Address Reference Count : 1]<UL><LI> sys_tasks.o(i.Sys_TaskStart)
</UL>
<P><STRONG><a name="[b8]"></a>_Sys_TaskCmdTransceiver</STRONG> (Thumb, 54 bytes, Stack size 0 bytes, sys_tasks.o(i._Sys_TaskCmdTransceiver))
<BR><BR>[Stack]<UL><LI>Max Depth = 88<LI>Call Chain = _Sys_TaskCmdTransceiver &rArr; Osal_Delayms &rArr; rt_thread_mdelay &rArr; rt_thread_sleep &rArr; rt_timer_start &rArr; _rt_timer_remove
</UL>
<BR>[Calls]<UL><LI><a href="#[191]">&gt;&gt;</a>&nbsp;&nbsp;&nbsp;Osal_GetIntoThread
<LI><a href="#[145]">&gt;&gt;</a>&nbsp;&nbsp;&nbsp;Osal_Delayms
</UL>
<BR>[Address Reference Count : 1]<UL><LI> sys_tasks.o(i.Sys_TaskStart)
</UL>
<P><STRONG><a name="[be]"></a>_Sys_TaskResident1</STRONG> (Thumb, 32 bytes, Stack size 0 bytes, sys_tasks.o(i._Sys_TaskResident1))
<BR><BR>[Stack]<UL><LI>Max Depth = 88<LI>Call Chain = _Sys_TaskResident1 &rArr; Osal_Delayms &rArr; rt_thread_mdelay &rArr; rt_thread_sleep &rArr; rt_timer_start &rArr; _rt_timer_remove
</UL>
<BR>[Calls]<UL><LI><a href="#[191]">&gt;&gt;</a>&nbsp;&nbsp;&nbsp;Osal_GetIntoThread
<LI><a href="#[145]">&gt;&gt;</a>&nbsp;&nbsp;&nbsp;Osal_Delayms
</UL>
<BR>[Address Reference Count : 1]<UL><LI> sys_tasks.o(i.Sys_TaskStart)
</UL>
<P><STRONG><a name="[bf]"></a>_Sys_TaskResident2</STRONG> (Thumb, 32 bytes, Stack size 0 bytes, sys_tasks.o(i._Sys_TaskResident2))
<BR><BR>[Stack]<UL><LI>Max Depth = 88<LI>Call Chain = _Sys_TaskResident2 &rArr; Osal_Delayms &rArr; rt_thread_mdelay &rArr; rt_thread_sleep &rArr; rt_timer_start &rArr; _rt_timer_remove
</UL>
<BR>[Calls]<UL><LI><a href="#[191]">&gt;&gt;</a>&nbsp;&nbsp;&nbsp;Osal_GetIntoThread
<LI><a href="#[145]">&gt;&gt;</a>&nbsp;&nbsp;&nbsp;Osal_Delayms
</UL>
<BR>[Address Reference Count : 1]<UL><LI> sys_tasks.o(i.Sys_TaskStart)
</UL>
<P><STRONG><a name="[c0]"></a>_Sys_TaskResident3</STRONG> (Thumb, 32 bytes, Stack size 0 bytes, sys_tasks.o(i._Sys_TaskResident3))
<BR><BR>[Stack]<UL><LI>Max Depth = 88<LI>Call Chain = _Sys_TaskResident3 &rArr; Osal_Delayms &rArr; rt_thread_mdelay &rArr; rt_thread_sleep &rArr; rt_timer_start &rArr; _rt_timer_remove
</UL>
<BR>[Calls]<UL><LI><a href="#[191]">&gt;&gt;</a>&nbsp;&nbsp;&nbsp;Osal_GetIntoThread
<LI><a href="#[145]">&gt;&gt;</a>&nbsp;&nbsp;&nbsp;Osal_Delayms
</UL>
<BR>[Address Reference Count : 1]<UL><LI> sys_tasks.o(i.Sys_TaskStart)
</UL>
<P><STRONG><a name="[c1]"></a>_Sys_TaskResident4</STRONG> (Thumb, 32 bytes, Stack size 0 bytes, sys_tasks.o(i._Sys_TaskResident4))
<BR><BR>[Stack]<UL><LI>Max Depth = 88<LI>Call Chain = _Sys_TaskResident4 &rArr; Osal_Delayms &rArr; rt_thread_mdelay &rArr; rt_thread_sleep &rArr; rt_timer_start &rArr; _rt_timer_remove
</UL>
<BR>[Calls]<UL><LI><a href="#[191]">&gt;&gt;</a>&nbsp;&nbsp;&nbsp;Osal_GetIntoThread
<LI><a href="#[145]">&gt;&gt;</a>&nbsp;&nbsp;&nbsp;Osal_Delayms
</UL>
<BR>[Address Reference Count : 1]<UL><LI> sys_tasks.o(i.Sys_TaskStart)
</UL>
<P><STRONG><a name="[a8]"></a>_Func_FreeMsg</STRONG> (Thumb, 24 bytes, Stack size 16 bytes, func_common.o(i._Func_FreeMsg))
<BR><BR>[Stack]<UL><LI>Max Depth = 16<LI>Call Chain = _Func_FreeMsg
</UL>
<BR>[Address Reference Count : 1]<UL><LI> func_common.o(i.Func_Init)
</UL>
<P><STRONG><a name="[a6]"></a>_Func_GatherMsg</STRONG> (Thumb, 20 bytes, Stack size 8 bytes, func_common.o(i._Func_GatherMsg))
<BR><BR>[Stack]<UL><LI>Max Depth = 8<LI>Call Chain = _Func_GatherMsg
</UL>
<BR>[Address Reference Count : 1]<UL><LI> func_common.o(i.Func_Init)
</UL>
<P><STRONG><a name="[a7]"></a>_Func_GetMsg</STRONG> (Thumb, 22 bytes, Stack size 8 bytes, func_common.o(i._Func_GetMsg))
<BR><BR>[Stack]<UL><LI>Max Depth = 8<LI>Call Chain = _Func_GetMsg
</UL>
<BR>[Address Reference Count : 1]<UL><LI> func_common.o(i.Func_Init)
</UL>
<P><STRONG><a name="[b5]"></a>_Func_Id1RxDone</STRONG> (Thumb, 12 bytes, Stack size 8 bytes, func_common.o(i._Func_Id1RxDone))
<BR><BR>[Stack]<UL><LI>Max Depth = 104<LI>Call Chain = _Func_Id1RxDone &rArr; Osal_SemPost &rArr; rt_sem_release &rArr; rt_ipc_list_resume &rArr; rt_thread_resume &rArr; rt_timer_stop &rArr; _rt_timer_remove
</UL>
<BR>[Calls]<UL><LI><a href="#[17d]">&gt;&gt;</a>&nbsp;&nbsp;&nbsp;Osal_SemPost
</UL>
<BR>[Address Reference Count : 1]<UL><LI> func_common.o(i.Func_Init)
</UL>
<P><STRONG><a name="[b4]"></a>_Func_Id2RxDone</STRONG> (Thumb, 12 bytes, Stack size 8 bytes, func_common.o(i._Func_Id2RxDone))
<BR><BR>[Stack]<UL><LI>Max Depth = 104<LI>Call Chain = _Func_Id2RxDone &rArr; Osal_SemPost &rArr; rt_sem_release &rArr; rt_ipc_list_resume &rArr; rt_thread_resume &rArr; rt_timer_stop &rArr; _rt_timer_remove
</UL>
<BR>[Calls]<UL><LI><a href="#[17d]">&gt;&gt;</a>&nbsp;&nbsp;&nbsp;Osal_SemPost
</UL>
<BR>[Address Reference Count : 1]<UL><LI> func_common.o(i.Func_Init)
</UL>
<P><STRONG><a name="[b3]"></a>_Func_Id3RxDone</STRONG> (Thumb, 12 bytes, Stack size 8 bytes, func_common.o(i._Func_Id3RxDone))
<BR><BR>[Stack]<UL><LI>Max Depth = 104<LI>Call Chain = _Func_Id3RxDone &rArr; Osal_SemPost &rArr; rt_sem_release &rArr; rt_ipc_list_resume &rArr; rt_thread_resume &rArr; rt_timer_stop &rArr; _rt_timer_remove
</UL>
<BR>[Calls]<UL><LI><a href="#[17d]">&gt;&gt;</a>&nbsp;&nbsp;&nbsp;Osal_SemPost
</UL>
<BR>[Address Reference Count : 1]<UL><LI> func_common.o(i.Func_Init)
</UL>
<P><STRONG><a name="[b2]"></a>_Func_Id4RxDone</STRONG> (Thumb, 12 bytes, Stack size 8 bytes, func_common.o(i._Func_Id4RxDone))
<BR><BR>[Stack]<UL><LI>Max Depth = 104<LI>Call Chain = _Func_Id4RxDone &rArr; Osal_SemPost &rArr; rt_sem_release &rArr; rt_ipc_list_resume &rArr; rt_thread_resume &rArr; rt_timer_stop &rArr; _rt_timer_remove
</UL>
<BR>[Calls]<UL><LI><a href="#[17d]">&gt;&gt;</a>&nbsp;&nbsp;&nbsp;Osal_SemPost
</UL>
<BR>[Address Reference Count : 1]<UL><LI> func_common.o(i.Func_Init)
</UL>
<P><STRONG><a name="[a5]"></a>_Func_PutMsg</STRONG> (Thumb, 18 bytes, Stack size 8 bytes, func_common.o(i._Func_PutMsg))
<BR><BR>[Stack]<UL><LI>Max Depth = 8<LI>Call Chain = _Func_PutMsg
</UL>
<BR>[Address Reference Count : 1]<UL><LI> func_common.o(i.Func_Init)
</UL>
<P><STRONG><a name="[ad]"></a>_Func_TaskCheck</STRONG> (Thumb, 44 bytes, Stack size 8 bytes, func_common.o(i._Func_TaskCheck))
<BR><BR>[Stack]<UL><LI>Max Depth = 96<LI>Call Chain = _Func_TaskCheck &rArr; Osal_Delayms &rArr; rt_thread_mdelay &rArr; rt_thread_sleep &rArr; rt_timer_start &rArr; _rt_timer_remove
</UL>
<BR>[Calls]<UL><LI><a href="#[145]">&gt;&gt;</a>&nbsp;&nbsp;&nbsp;Osal_Delayms
</UL>
<BR>[Address Reference Count : 1]<UL><LI> func_common.o(i.Func_Init)
</UL>
<P><STRONG><a name="[dc]"></a>cmd_reboot</STRONG> (Thumb, 10 bytes, Stack size 8 bytes, func_common.o(i.cmd_reboot))
<BR><BR>[Stack]<UL><LI>Max Depth = 8<LI>Call Chain = cmd_reboot
</UL>
<BR>[Calls]<UL><LI><a href="#[1c6]">&gt;&gt;</a>&nbsp;&nbsp;&nbsp;Hal_Reboot
</UL>
<BR>[Address Reference Count : 1]<UL><LI> func_common.o(FSymTab)
</UL>
<P><STRONG><a name="[db]"></a>cmd_show_can</STRONG> (Thumb, 400 bytes, Stack size 8 bytes, func_common.o(i.cmd_show_can))
<BR><BR>[Stack]<UL><LI>Max Depth = 208<LI>Call Chain = cmd_show_can &rArr; rt_kprintf &rArr; rt_hw_console_output &rArr; rt_exit_critical &rArr; rt_schedule &rArr; _rt_scheduler_stack_check &rArr;  list_thread (Cycle)
</UL>
<BR>[Calls]<UL><LI><a href="#[180]">&gt;&gt;</a>&nbsp;&nbsp;&nbsp;rt_kprintf
</UL>
<BR>[Address Reference Count : 1]<UL><LI> func_common.o(FSymTab)
</UL>
<P><STRONG><a name="[95]"></a>_Func_1_Hellow</STRONG> (Thumb, 46 bytes, Stack size 24 bytes, func_1.o(i._Func_1_Hellow))
<BR><BR>[Stack]<UL><LI>Max Depth = 24<LI>Call Chain = _Func_1_Hellow
</UL>
<BR>[Address Reference Count : 1]<UL><LI> func_1.o(i.Func_1_Init)
</UL>
<P><STRONG><a name="[97]"></a>_Func_1_MoveBackward</STRONG> (Thumb, 196 bytes, Stack size 40 bytes, func_1.o(i._Func_1_MoveBackward))
<BR><BR>[Stack]<UL><LI>Max Depth = 400<LI>Call Chain = _Func_1_MoveBackward &rArr; Drv_MccMoveSynchronizingStep &rArr; _Drv_MccMoveSubdivisionStep &rArr; rt_kprintf &rArr; rt_hw_console_output &rArr; rt_exit_critical &rArr; rt_schedule &rArr; _rt_scheduler_stack_check &rArr;  list_thread (Cycle)
</UL>
<BR>[Calls]<UL><LI><a href="#[119]">&gt;&gt;</a>&nbsp;&nbsp;&nbsp;Drv_MccMoveSynchronizingStep
</UL>
<BR>[Address Reference Count : 1]<UL><LI> func_1.o(i.Func_1_Init)
</UL>
<P><STRONG><a name="[98]"></a>_Func_1_MoveByCoordinates</STRONG> (Thumb, 6 bytes, Stack size 0 bytes, func_1.o(i._Func_1_MoveByCoordinates))
<BR>[Address Reference Count : 1]<UL><LI> func_1.o(i.Func_1_Init)
</UL>
<P><STRONG><a name="[96]"></a>_Func_1_MoveForward</STRONG> (Thumb, 216 bytes, Stack size 40 bytes, func_1.o(i._Func_1_MoveForward))
<BR><BR>[Stack]<UL><LI>Max Depth = 400<LI>Call Chain = _Func_1_MoveForward &rArr; Drv_MccMoveSynchronizingStep &rArr; _Drv_MccMoveSubdivisionStep &rArr; rt_kprintf &rArr; rt_hw_console_output &rArr; rt_exit_critical &rArr; rt_schedule &rArr; _rt_scheduler_stack_check &rArr;  list_thread (Cycle)
</UL>
<BR>[Calls]<UL><LI><a href="#[119]">&gt;&gt;</a>&nbsp;&nbsp;&nbsp;Drv_MccMoveSynchronizingStep
</UL>
<BR>[Address Reference Count : 1]<UL><LI> func_1.o(i.Func_1_Init)
</UL>
<P><STRONG><a name="[99]"></a>_Func_2_Hellow</STRONG> (Thumb, 46 bytes, Stack size 24 bytes, func_2.o(i._Func_2_Hellow))
<BR><BR>[Stack]<UL><LI>Max Depth = 24<LI>Call Chain = _Func_2_Hellow
</UL>
<BR>[Address Reference Count : 1]<UL><LI> func_2.o(i.Func_2_Init)
</UL>
<P><STRONG><a name="[9b]"></a>_Func_2_MoveBackward</STRONG> (Thumb, 128 bytes, Stack size 40 bytes, func_2.o(i._Func_2_MoveBackward))
<BR><BR>[Stack]<UL><LI>Max Depth = 400<LI>Call Chain = _Func_2_MoveBackward &rArr; Drv_MccMoveSynchronizingStep &rArr; _Drv_MccMoveSubdivisionStep &rArr; rt_kprintf &rArr; rt_hw_console_output &rArr; rt_exit_critical &rArr; rt_schedule &rArr; _rt_scheduler_stack_check &rArr;  list_thread (Cycle)
</UL>
<BR>[Calls]<UL><LI><a href="#[119]">&gt;&gt;</a>&nbsp;&nbsp;&nbsp;Drv_MccMoveSynchronizingStep
</UL>
<BR>[Address Reference Count : 1]<UL><LI> func_2.o(i.Func_2_Init)
</UL>
<P><STRONG><a name="[9c]"></a>_Func_2_MoveByCoordinates</STRONG> (Thumb, 6 bytes, Stack size 0 bytes, func_2.o(i._Func_2_MoveByCoordinates))
<BR>[Address Reference Count : 1]<UL><LI> func_2.o(i.Func_2_Init)
</UL>
<P><STRONG><a name="[9a]"></a>_Func_2_MoveForward</STRONG> (Thumb, 138 bytes, Stack size 40 bytes, func_2.o(i._Func_2_MoveForward))
<BR><BR>[Stack]<UL><LI>Max Depth = 400<LI>Call Chain = _Func_2_MoveForward &rArr; Drv_MccMoveSynchronizingStep &rArr; _Drv_MccMoveSubdivisionStep &rArr; rt_kprintf &rArr; rt_hw_console_output &rArr; rt_exit_critical &rArr; rt_schedule &rArr; _rt_scheduler_stack_check &rArr;  list_thread (Cycle)
</UL>
<BR>[Calls]<UL><LI><a href="#[119]">&gt;&gt;</a>&nbsp;&nbsp;&nbsp;Drv_MccMoveSynchronizingStep
</UL>
<BR>[Address Reference Count : 1]<UL><LI> func_2.o(i.Func_2_Init)
</UL>
<P><STRONG><a name="[9d]"></a>_Func_3_Hellow</STRONG> (Thumb, 46 bytes, Stack size 24 bytes, func_3.o(i._Func_3_Hellow))
<BR><BR>[Stack]<UL><LI>Max Depth = 24<LI>Call Chain = _Func_3_Hellow
</UL>
<BR>[Address Reference Count : 1]<UL><LI> func_3.o(i.Func_3_Init)
</UL>
<P><STRONG><a name="[9f]"></a>_Func_3_MoveBackward</STRONG> (Thumb, 128 bytes, Stack size 40 bytes, func_3.o(i._Func_3_MoveBackward))
<BR><BR>[Stack]<UL><LI>Max Depth = 400<LI>Call Chain = _Func_3_MoveBackward &rArr; Drv_MccMoveSynchronizingStep &rArr; _Drv_MccMoveSubdivisionStep &rArr; rt_kprintf &rArr; rt_hw_console_output &rArr; rt_exit_critical &rArr; rt_schedule &rArr; _rt_scheduler_stack_check &rArr;  list_thread (Cycle)
</UL>
<BR>[Calls]<UL><LI><a href="#[119]">&gt;&gt;</a>&nbsp;&nbsp;&nbsp;Drv_MccMoveSynchronizingStep
</UL>
<BR>[Address Reference Count : 1]<UL><LI> func_3.o(i.Func_3_Init)
</UL>
<P><STRONG><a name="[a0]"></a>_Func_3_MoveByCoordinates</STRONG> (Thumb, 6 bytes, Stack size 0 bytes, func_3.o(i._Func_3_MoveByCoordinates))
<BR>[Address Reference Count : 1]<UL><LI> func_3.o(i.Func_3_Init)
</UL>
<P><STRONG><a name="[9e]"></a>_Func_3_MoveForward</STRONG> (Thumb, 138 bytes, Stack size 40 bytes, func_3.o(i._Func_3_MoveForward))
<BR><BR>[Stack]<UL><LI>Max Depth = 400<LI>Call Chain = _Func_3_MoveForward &rArr; Drv_MccMoveSynchronizingStep &rArr; _Drv_MccMoveSubdivisionStep &rArr; rt_kprintf &rArr; rt_hw_console_output &rArr; rt_exit_critical &rArr; rt_schedule &rArr; _rt_scheduler_stack_check &rArr;  list_thread (Cycle)
</UL>
<BR>[Calls]<UL><LI><a href="#[119]">&gt;&gt;</a>&nbsp;&nbsp;&nbsp;Drv_MccMoveSynchronizingStep
</UL>
<BR>[Address Reference Count : 1]<UL><LI> func_3.o(i.Func_3_Init)
</UL>
<P><STRONG><a name="[a1]"></a>_Func_4_Hellow</STRONG> (Thumb, 46 bytes, Stack size 24 bytes, func_4.o(i._Func_4_Hellow))
<BR><BR>[Stack]<UL><LI>Max Depth = 24<LI>Call Chain = _Func_4_Hellow
</UL>
<BR>[Address Reference Count : 1]<UL><LI> func_4.o(i.Func_4_Init)
</UL>
<P><STRONG><a name="[a3]"></a>_Func_4_MoveBackward</STRONG> (Thumb, 196 bytes, Stack size 40 bytes, func_4.o(i._Func_4_MoveBackward))
<BR><BR>[Stack]<UL><LI>Max Depth = 400<LI>Call Chain = _Func_4_MoveBackward &rArr; Drv_MccMoveSynchronizingStep &rArr; _Drv_MccMoveSubdivisionStep &rArr; rt_kprintf &rArr; rt_hw_console_output &rArr; rt_exit_critical &rArr; rt_schedule &rArr; _rt_scheduler_stack_check &rArr;  list_thread (Cycle)
</UL>
<BR>[Calls]<UL><LI><a href="#[119]">&gt;&gt;</a>&nbsp;&nbsp;&nbsp;Drv_MccMoveSynchronizingStep
</UL>
<BR>[Address Reference Count : 1]<UL><LI> func_4.o(i.Func_4_Init)
</UL>
<P><STRONG><a name="[a4]"></a>_Func_4_MoveByCoordinates</STRONG> (Thumb, 6 bytes, Stack size 0 bytes, func_4.o(i._Func_4_MoveByCoordinates))
<BR>[Address Reference Count : 1]<UL><LI> func_4.o(i.Func_4_Init)
</UL>
<P><STRONG><a name="[a2]"></a>_Func_4_MoveForward</STRONG> (Thumb, 216 bytes, Stack size 40 bytes, func_4.o(i._Func_4_MoveForward))
<BR><BR>[Stack]<UL><LI>Max Depth = 400<LI>Call Chain = _Func_4_MoveForward &rArr; Drv_MccMoveSynchronizingStep &rArr; _Drv_MccMoveSubdivisionStep &rArr; rt_kprintf &rArr; rt_hw_console_output &rArr; rt_exit_critical &rArr; rt_schedule &rArr; _rt_scheduler_stack_check &rArr;  list_thread (Cycle)
</UL>
<BR>[Calls]<UL><LI><a href="#[119]">&gt;&gt;</a>&nbsp;&nbsp;&nbsp;Drv_MccMoveSynchronizingStep
</UL>
<BR>[Address Reference Count : 1]<UL><LI> func_4.o(i.Func_4_Init)
</UL>
<P><STRONG><a name="[192]"></a>SetSysClock</STRONG> (Thumb, 220 bytes, Stack size 12 bytes, system_stm32f4xx.o(i.SetSysClock))
<BR><BR>[Stack]<UL><LI>Max Depth = 12<LI>Call Chain = SetSysClock
</UL>
<BR>[Called By]<UL><LI><a href="#[5e]">&gt;&gt;</a>&nbsp;&nbsp;&nbsp;SystemInit
</UL>

<P><STRONG><a name="[1f4]"></a>_SysTick_Config</STRONG> (Thumb, 44 bytes, Stack size 0 bytes, board.o(i._SysTick_Config))
<BR><BR>[Called By]<UL><LI><a href="#[1f2]">&gt;&gt;</a>&nbsp;&nbsp;&nbsp;rt_hw_board_init
</UL>

<P><STRONG><a name="[1c4]"></a>bus_fault_track</STRONG> (Thumb, 130 bytes, Stack size 8 bytes, cpuport.o(i.bus_fault_track))
<BR><BR>[Stack]<UL><LI>Max Depth = 208<LI>Call Chain = bus_fault_track &rArr; rt_kprintf &rArr; rt_hw_console_output &rArr; rt_exit_critical &rArr; rt_schedule &rArr; _rt_scheduler_stack_check &rArr;  list_thread (Cycle)
</UL>
<BR>[Calls]<UL><LI><a href="#[180]">&gt;&gt;</a>&nbsp;&nbsp;&nbsp;rt_kprintf
</UL>
<BR>[Called By]<UL><LI><a href="#[1d8]">&gt;&gt;</a>&nbsp;&nbsp;&nbsp;hard_fault_track
</UL>

<P><STRONG><a name="[1d8]"></a>hard_fault_track</STRONG> (Thumb, 82 bytes, Stack size 8 bytes, cpuport.o(i.hard_fault_track))
<BR><BR>[Stack]<UL><LI>Max Depth = 216<LI>Call Chain = hard_fault_track &rArr; usage_fault_track &rArr; rt_kprintf &rArr; rt_hw_console_output &rArr; rt_exit_critical &rArr; rt_schedule &rArr; _rt_scheduler_stack_check &rArr;  list_thread (Cycle)
</UL>
<BR>[Calls]<UL><LI><a href="#[180]">&gt;&gt;</a>&nbsp;&nbsp;&nbsp;rt_kprintf
<LI><a href="#[1da]">&gt;&gt;</a>&nbsp;&nbsp;&nbsp;usage_fault_track
<LI><a href="#[1d9]">&gt;&gt;</a>&nbsp;&nbsp;&nbsp;mem_manage_fault_track
<LI><a href="#[1c4]">&gt;&gt;</a>&nbsp;&nbsp;&nbsp;bus_fault_track
</UL>
<BR>[Called By]<UL><LI><a href="#[ee]">&gt;&gt;</a>&nbsp;&nbsp;&nbsp;rt_hw_hard_fault_exception
</UL>

<P><STRONG><a name="[1d9]"></a>mem_manage_fault_track</STRONG> (Thumb, 114 bytes, Stack size 8 bytes, cpuport.o(i.mem_manage_fault_track))
<BR><BR>[Stack]<UL><LI>Max Depth = 208<LI>Call Chain = mem_manage_fault_track &rArr; rt_kprintf &rArr; rt_hw_console_output &rArr; rt_exit_critical &rArr; rt_schedule &rArr; _rt_scheduler_stack_check &rArr;  list_thread (Cycle)
</UL>
<BR>[Calls]<UL><LI><a href="#[180]">&gt;&gt;</a>&nbsp;&nbsp;&nbsp;rt_kprintf
</UL>
<BR>[Called By]<UL><LI><a href="#[1d8]">&gt;&gt;</a>&nbsp;&nbsp;&nbsp;hard_fault_track
</UL>

<P><STRONG><a name="[1da]"></a>usage_fault_track</STRONG> (Thumb, 122 bytes, Stack size 8 bytes, cpuport.o(i.usage_fault_track))
<BR><BR>[Stack]<UL><LI>Max Depth = 208<LI>Call Chain = usage_fault_track &rArr; rt_kprintf &rArr; rt_hw_console_output &rArr; rt_exit_critical &rArr; rt_schedule &rArr; _rt_scheduler_stack_check &rArr;  list_thread (Cycle)
</UL>
<BR>[Calls]<UL><LI><a href="#[180]">&gt;&gt;</a>&nbsp;&nbsp;&nbsp;rt_kprintf
</UL>
<BR>[Called By]<UL><LI><a href="#[1d8]">&gt;&gt;</a>&nbsp;&nbsp;&nbsp;hard_fault_track
</UL>

<P><STRONG><a name="[239]"></a>_dadd1</STRONG> (Thumb, 0 bytes, Stack size unknown bytes, daddsub_clz.o(x$fpl$dadd), UNUSED)
<BR><BR>[Called By]<UL><LI><a href="#[23a]">&gt;&gt;</a>&nbsp;&nbsp;&nbsp;_dsub
<LI><a href="#[238]">&gt;&gt;</a>&nbsp;&nbsp;&nbsp;_drsb
</UL>

<P><STRONG><a name="[22b]"></a>_dsub1</STRONG> (Thumb, 0 bytes, Stack size unknown bytes, daddsub_clz.o(x$fpl$dsub), UNUSED)
<BR><BR>[Called By]<UL><LI><a href="#[238]">&gt;&gt;</a>&nbsp;&nbsp;&nbsp;_drsb
<LI><a href="#[22a]">&gt;&gt;</a>&nbsp;&nbsp;&nbsp;_dadd
</UL>
<P>
<H3>
Undefined Global Symbols
</H3><HR></body></html>
