Component: ARM Compiler 5.06 update 4 (build 422) Tool: armlink [4d35d2]

==============================================================================

Section Cross References

    stm32f4xx_adc.o(i.ADC_DeInit) refers to stm32f4xx_rcc.o(i.RCC_APB2PeriphResetCmd) for RCC_APB2PeriphResetCmd
    stm32f4xx_can.o(i.CAN_DeInit) refers to stm32f4xx_rcc.o(i.RCC_APB1PeriphResetCmd) for RCC_APB1PeriphResetCmd
    stm32f4xx_can.o(i.CAN_GetITStatus) refers to stm32f4xx_can.o(i.CheckITStatus) for CheckITStatus
    stm32f4xx_cryp.o(i.CRYP_DeInit) refers to stm32f4xx_rcc.o(i.RCC_AHB2PeriphResetCmd) for RCC_AHB2PeriphResetCmd
    stm32f4xx_cryp_aes.o(i.CRYP_AES_CBC) refers to stm32f4xx_cryp.o(i.CRYP_KeyStructInit) for CRYP_KeyStructInit
    stm32f4xx_cryp_aes.o(i.CRYP_AES_CBC) refers to stm32f4xx_cryp.o(i.CRYP_FIFOFlush) for CRYP_FIFOFlush
    stm32f4xx_cryp_aes.o(i.CRYP_AES_CBC) refers to stm32f4xx_cryp.o(i.CRYP_Init) for CRYP_Init
    stm32f4xx_cryp_aes.o(i.CRYP_AES_CBC) refers to stm32f4xx_cryp.o(i.CRYP_KeyInit) for CRYP_KeyInit
    stm32f4xx_cryp_aes.o(i.CRYP_AES_CBC) refers to stm32f4xx_cryp.o(i.CRYP_Cmd) for CRYP_Cmd
    stm32f4xx_cryp_aes.o(i.CRYP_AES_CBC) refers to stm32f4xx_cryp.o(i.CRYP_GetFlagStatus) for CRYP_GetFlagStatus
    stm32f4xx_cryp_aes.o(i.CRYP_AES_CBC) refers to stm32f4xx_cryp.o(i.CRYP_IVInit) for CRYP_IVInit
    stm32f4xx_cryp_aes.o(i.CRYP_AES_CBC) refers to stm32f4xx_cryp.o(i.CRYP_GetCmdStatus) for CRYP_GetCmdStatus
    stm32f4xx_cryp_aes.o(i.CRYP_AES_CBC) refers to stm32f4xx_cryp.o(i.CRYP_DataIn) for CRYP_DataIn
    stm32f4xx_cryp_aes.o(i.CRYP_AES_CBC) refers to stm32f4xx_cryp.o(i.CRYP_DataOut) for CRYP_DataOut
    stm32f4xx_cryp_aes.o(i.CRYP_AES_CCM) refers to stm32f4xx_cryp.o(i.CRYP_KeyStructInit) for CRYP_KeyStructInit
    stm32f4xx_cryp_aes.o(i.CRYP_AES_CCM) refers to stm32f4xx_cryp.o(i.CRYP_FIFOFlush) for CRYP_FIFOFlush
    stm32f4xx_cryp_aes.o(i.CRYP_AES_CCM) refers to stm32f4xx_cryp.o(i.CRYP_KeyInit) for CRYP_KeyInit
    stm32f4xx_cryp_aes.o(i.CRYP_AES_CCM) refers to stm32f4xx_cryp.o(i.CRYP_IVInit) for CRYP_IVInit
    stm32f4xx_cryp_aes.o(i.CRYP_AES_CCM) refers to stm32f4xx_cryp.o(i.CRYP_Init) for CRYP_Init
    stm32f4xx_cryp_aes.o(i.CRYP_AES_CCM) refers to stm32f4xx_cryp.o(i.CRYP_PhaseConfig) for CRYP_PhaseConfig
    stm32f4xx_cryp_aes.o(i.CRYP_AES_CCM) refers to stm32f4xx_cryp.o(i.CRYP_DataIn) for CRYP_DataIn
    stm32f4xx_cryp_aes.o(i.CRYP_AES_CCM) refers to stm32f4xx_cryp.o(i.CRYP_Cmd) for CRYP_Cmd
    stm32f4xx_cryp_aes.o(i.CRYP_AES_CCM) refers to stm32f4xx_cryp.o(i.CRYP_GetCmdStatus) for CRYP_GetCmdStatus
    stm32f4xx_cryp_aes.o(i.CRYP_AES_CCM) refers to stm32f4xx_cryp.o(i.CRYP_GetFlagStatus) for CRYP_GetFlagStatus
    stm32f4xx_cryp_aes.o(i.CRYP_AES_CCM) refers to stm32f4xx_cryp.o(i.CRYP_DataOut) for CRYP_DataOut
    stm32f4xx_cryp_aes.o(i.CRYP_AES_CTR) refers to stm32f4xx_cryp.o(i.CRYP_KeyStructInit) for CRYP_KeyStructInit
    stm32f4xx_cryp_aes.o(i.CRYP_AES_CTR) refers to stm32f4xx_cryp.o(i.CRYP_KeyInit) for CRYP_KeyInit
    stm32f4xx_cryp_aes.o(i.CRYP_AES_CTR) refers to stm32f4xx_cryp.o(i.CRYP_Init) for CRYP_Init
    stm32f4xx_cryp_aes.o(i.CRYP_AES_CTR) refers to stm32f4xx_cryp.o(i.CRYP_IVInit) for CRYP_IVInit
    stm32f4xx_cryp_aes.o(i.CRYP_AES_CTR) refers to stm32f4xx_cryp.o(i.CRYP_FIFOFlush) for CRYP_FIFOFlush
    stm32f4xx_cryp_aes.o(i.CRYP_AES_CTR) refers to stm32f4xx_cryp.o(i.CRYP_Cmd) for CRYP_Cmd
    stm32f4xx_cryp_aes.o(i.CRYP_AES_CTR) refers to stm32f4xx_cryp.o(i.CRYP_GetCmdStatus) for CRYP_GetCmdStatus
    stm32f4xx_cryp_aes.o(i.CRYP_AES_CTR) refers to stm32f4xx_cryp.o(i.CRYP_DataIn) for CRYP_DataIn
    stm32f4xx_cryp_aes.o(i.CRYP_AES_CTR) refers to stm32f4xx_cryp.o(i.CRYP_GetFlagStatus) for CRYP_GetFlagStatus
    stm32f4xx_cryp_aes.o(i.CRYP_AES_CTR) refers to stm32f4xx_cryp.o(i.CRYP_DataOut) for CRYP_DataOut
    stm32f4xx_cryp_aes.o(i.CRYP_AES_ECB) refers to stm32f4xx_cryp.o(i.CRYP_KeyStructInit) for CRYP_KeyStructInit
    stm32f4xx_cryp_aes.o(i.CRYP_AES_ECB) refers to stm32f4xx_cryp.o(i.CRYP_FIFOFlush) for CRYP_FIFOFlush
    stm32f4xx_cryp_aes.o(i.CRYP_AES_ECB) refers to stm32f4xx_cryp.o(i.CRYP_Init) for CRYP_Init
    stm32f4xx_cryp_aes.o(i.CRYP_AES_ECB) refers to stm32f4xx_cryp.o(i.CRYP_KeyInit) for CRYP_KeyInit
    stm32f4xx_cryp_aes.o(i.CRYP_AES_ECB) refers to stm32f4xx_cryp.o(i.CRYP_Cmd) for CRYP_Cmd
    stm32f4xx_cryp_aes.o(i.CRYP_AES_ECB) refers to stm32f4xx_cryp.o(i.CRYP_GetFlagStatus) for CRYP_GetFlagStatus
    stm32f4xx_cryp_aes.o(i.CRYP_AES_ECB) refers to stm32f4xx_cryp.o(i.CRYP_GetCmdStatus) for CRYP_GetCmdStatus
    stm32f4xx_cryp_aes.o(i.CRYP_AES_ECB) refers to stm32f4xx_cryp.o(i.CRYP_DataIn) for CRYP_DataIn
    stm32f4xx_cryp_aes.o(i.CRYP_AES_ECB) refers to stm32f4xx_cryp.o(i.CRYP_DataOut) for CRYP_DataOut
    stm32f4xx_cryp_aes.o(i.CRYP_AES_GCM) refers to stm32f4xx_cryp.o(i.CRYP_KeyStructInit) for CRYP_KeyStructInit
    stm32f4xx_cryp_aes.o(i.CRYP_AES_GCM) refers to stm32f4xx_cryp.o(i.CRYP_FIFOFlush) for CRYP_FIFOFlush
[...]
    rt_timer_start                           0x08010561   Thumb Code   226  timer.o(i.rt_timer_start)
    rt_timer_stop                            0x0801064d   Thumb Code    48  timer.o(i.rt_timer_stop)
    rt_vsnprintf                             0x0801067d   Thumb Code   824  kservice.o(i.rt_vsnprintf)
    rt_vsprintf                              0x080109bd   Thumb Code    22  kservice.o(i.rt_vsprintf)
    rti_board_start                          0x080109d9   Thumb Code    40  osal.o(i.rti_board_start)
    rtthread_startup                         0x08010a0d   Thumb Code    42  components.o(i.rtthread_startup)
    sqrt                                     0x08010bcf   Thumb Code   110  sqrt.o(i.sqrt)
    version                                  0x08010d45   Thumb Code    10  cmd.o(i.version)
    __aeabi_dneg                             0x08010d4f   Thumb Code     0  basic.o(x$fpl$basic)
    _dneg                                    0x08010d4f   Thumb Code     6  basic.o(x$fpl$basic)
    __aeabi_fneg                             0x08010d55   Thumb Code     0  basic.o(x$fpl$basic)
    _fneg                                    0x08010d55   Thumb Code     6  basic.o(x$fpl$basic)
    _dabs                                    0x08010d5b   Thumb Code     6  basic.o(x$fpl$basic)
    _fabs                                    0x08010d61   Thumb Code     6  basic.o(x$fpl$basic)
    __aeabi_dadd                             0x08010d69   Thumb Code     0  daddsub_clz.o(x$fpl$dadd)
    _dadd                                    0x08010d69   Thumb Code   332  daddsub_clz.o(x$fpl$dadd)
    __fpl_dcheck_NaN1                        0x08010eb9   Thumb Code    10  dcheck1.o(x$fpl$dcheck1)
    __fpl_dcmp_Inf                           0x08010ec9   Thumb Code    24  dcmpi.o(x$fpl$dcmpinf)
    __aeabi_ddiv                             0x08010ee1   Thumb Code     0  ddiv.o(x$fpl$ddiv)
    _ddiv                                    0x08010ee1   Thumb Code   552  ddiv.o(x$fpl$ddiv)
    __aeabi_d2iz                             0x08011191   Thumb Code     0  dfix.o(x$fpl$dfix)
    _dfix                                    0x08011191   Thumb Code    94  dfix.o(x$fpl$dfix)
    __aeabi_d2uiz                            0x080111f1   Thumb Code     0  dfixu.o(x$fpl$dfixu)
    _dfixu                                   0x080111f1   Thumb Code    90  dfixu.o(x$fpl$dfixu)
    __aeabi_i2d                              0x0801124b   Thumb Code     0  dflt_clz.o(x$fpl$dflt)
    _dflt                                    0x0801124b   Thumb Code    46  dflt_clz.o(x$fpl$dflt)
    __aeabi_ui2d                             0x08011279   Thumb Code     0  dflt_clz.o(x$fpl$dfltu)
    _dfltu                                   0x08011279   Thumb Code    38  dflt_clz.o(x$fpl$dfltu)
    __aeabi_cdcmple                          0x080112a1   Thumb Code     0  dleqf.o(x$fpl$dleqf)
    _dcmple                                  0x080112a1   Thumb Code   120  dleqf.o(x$fpl$dleqf)
    __fpl_dcmple_InfNaN                      0x08011303   Thumb Code     0  dleqf.o(x$fpl$dleqf)
    __aeabi_dmul                             0x08011319   Thumb Code     0  dmul.o(x$fpl$dmul)
    _dmul                                    0x08011319   Thumb Code   332  dmul.o(x$fpl$dmul)
    __fpl_dnaninf                            0x0801146d   Thumb Code   156  dnaninf.o(x$fpl$dnaninf)
    __fpl_dretinf                            0x08011509   Thumb Code    12  dretinf.o(x$fpl$dretinf)
    __aeabi_cdrcmple                         0x08011515   Thumb Code     0  drleqf.o(x$fpl$drleqf)
    _drcmple                                 0x08011515   Thumb Code   108  drleqf.o(x$fpl$drleqf)
    _drnd                                    0x08011581   Thumb Code   180  drnd.o(x$fpl$drnd)
    __aeabi_drsub                            0x08011635   Thumb Code     0  daddsub_clz.o(x$fpl$drsb)
    _drsb                                    0x08011635   Thumb Code    22  daddsub_clz.o(x$fpl$drsb)
    _dsqrt                                   0x0801164d   Thumb Code   404  dsqrt_umaal.o(x$fpl$dsqrt)
    __aeabi_dsub                             0x080117e5   Thumb Code     0  daddsub_clz.o(x$fpl$dsub)
    _dsub                                    0x080117e5   Thumb Code   464  daddsub_clz.o(x$fpl$dsub)
    __aeabi_f2d                              0x080119b9   Thumb Code     0  f2d.o(x$fpl$f2d)
    _f2d                                     0x080119b9   Thumb Code    86  f2d.o(x$fpl$f2d)
    __fpl_fnaninf                            0x08011a0f   Thumb Code   140  fnaninf.o(x$fpl$fnaninf)
    _fp_init                                 0x08011a9b   Thumb Code    10  fpinit.o(x$fpl$fpinit)
    __fplib_config_fpu_vfp                   0x08011aa3   Thumb Code     0  fpinit.o(x$fpl$fpinit)
    __fplib_config_pureend_doubles           0x08011aa3   Thumb Code     0  fpinit.o(x$fpl$fpinit)
    __fpl_return_NaN                         0x08011aa5   Thumb Code   100  retnan.o(x$fpl$retnan)
    __ARM_scalbn                             0x08011b09   Thumb Code    92  scalbn.o(x$fpl$scalbn)
    __fpl_cmpreturn                          0x08011b65   Thumb Code    48  trapv.o(x$fpl$trapveneer)
    __I$use$fp                               0x08011b94   Number         0  usenofp.o(x$fpl$usenofp)
    __lowest_bit_bitmap                      0x08011b94   Data         256  kservice.o(.constdata)
    AHBPrescTable                            0x08011cb6   Data          16  system_stm32f4xx.o(.constdata)
    __mathlib_zero                           0x08011e28   Data           8  qnan.o(.constdata)
    __fsym_list_mem_name                     0x08011f64   Data           9  mem.o(.rodata.name)
    __fsym_list_mem_desc                     0x08011f6d   Data          30  mem.o(.rodata.name)
    __fsym_hello_name                        0x08011f8b   Data           6  cmd.o(.rodata.name)
    __fsym_hello_desc                        0x08011f91   Data          16  cmd.o(.rodata.name)
    __fsym_version_name                      0x08011fa1   Data           8  cmd.o(.rodata.name)
    __fsym_version_desc                      0x08011fa9   Data          35  cmd.o(.rodata.name)
    __fsym___cmd_version_name                0x08011fcc   Data          14  cmd.o(.rodata.name)
    __fsym___cmd_version_desc                0x08011fda   Data          35  cmd.o(.rodata.name)
    __fsym_list_thread_name                  0x08011ffd   Data          12  cmd.o(.rodata.name)
    __fsym_list_thread_desc                  0x08012009   Data          12  cmd.o(.rodata.name)
    __fsym___cmd_list_thread_name            0x08012015   Data          18  cmd.o(.rodata.name)
    __fsym___cmd_list_thread_desc            0x08012027   Data          12  cmd.o(.rodata.name)
    __fsym_list_sem_name                     0x08012033   Data           9  cmd.o(.rodata.name)
    __fsym_list_sem_desc                     0x0801203c   Data          25  cmd.o(.rodata.name)
    __fsym___cmd_list_sem_name               0x08012055   Data          15  cmd.o(.rodata.name)
    __fsym___cmd_list_sem_desc               0x08012064   Data          25  cmd.o(.rodata.name)
    __fsym_list_event_name                   0x0801207d   Data          11  cmd.o(.rodata.name)
    __fsym_list_event_desc                   0x08012088   Data          21  cmd.o(.rodata.name)
    __fsym___cmd_list_event_name             0x0801209d   Data          17  cmd.o(.rodata.name)
    __fsym___cmd_list_event_desc             0x080120ae   Data          21  cmd.o(.rodata.name)
    __fsym_list_mutex_name                   0x080120c3   Data          11  cmd.o(.rodata.name)
    __fsym_list_mutex_desc                   0x080120ce   Data          21  cmd.o(.rodata.name)
    __fsym___cmd_list_mutex_name             0x080120e3   Data          17  cmd.o(.rodata.name)
    __fsym___cmd_list_mutex_desc             0x080120f4   Data          21  cmd.o(.rodata.name)
    __fsym_list_mailbox_name                 0x08012109   Data          13  cmd.o(.rodata.name)
    __fsym_list_mailbox_desc                 0x08012116   Data          24  cmd.o(.rodata.name)
    __fsym___cmd_list_mailbox_name           0x0801212e   Data          19  cmd.o(.rodata.name)
    __fsym___cmd_list_mailbox_desc           0x08012141   Data          24  cmd.o(.rodata.name)
    __fsym_list_msgqueue_name                0x08012159   Data          14  cmd.o(.rodata.name)
    __fsym_list_msgqueue_desc                0x08012167   Data          29  cmd.o(.rodata.name)
    __fsym___cmd_list_msgqueue_name          0x08012184   Data          20  cmd.o(.rodata.name)
    __fsym___cmd_list_msgqueue_desc          0x08012198   Data          29  cmd.o(.rodata.name)
    __fsym_list_timer_name                   0x080121b5   Data          11  cmd.o(.rodata.name)
    __fsym_list_timer_desc                   0x080121c0   Data          21  cmd.o(.rodata.name)
    __fsym___cmd_list_timer_name             0x080121d5   Data          17  cmd.o(.rodata.name)
    __fsym___cmd_list_timer_desc             0x080121e6   Data          21  cmd.o(.rodata.name)
    __fsym_list_name                         0x080121fb   Data           5  cmd.o(.rodata.name)
    __fsym_list_desc                         0x08012200   Data          26  cmd.o(.rodata.name)
    __fsym___cmd_help_name                   0x0801221a   Data          11  msh.o(.rodata.name)
    __fsym___cmd_help_desc                   0x08012225   Data          22  msh.o(.rodata.name)
    __fsym___cmd_ps_name                     0x0801223b   Data           9  msh.o(.rodata.name)
    __fsym___cmd_ps_desc                     0x08012244   Data          28  msh.o(.rodata.name)
    __fsym___cmd_free_name                   0x08012260   Data          11  msh.o(.rodata.name)
    __fsym___cmd_free_desc                   0x0801226b   Data          37  msh.o(.rodata.name)
    __fsym___cmd_cmd_show_can_name           0x08012290   Data          19  func_common.o(.rodata.name)
    __fsym___cmd_cmd_show_can_desc           0x080122a3   Data          24  func_common.o(.rodata.name)
    __fsym___cmd_cmd_reboot_name             0x080122bb   Data          17  func_common.o(.rodata.name)
    __fsym___cmd_cmd_reboot_desc             0x080122cc   Data           8  func_common.o(.rodata.name)
    __rt_init_rti_start                      0x080122d4   Data           4  components.o(.rti_fn.0)
    __rt_init_rti_board_start                0x080122d8   Data           4  components.o(.rti_fn.0.end)
    __rt_init_rti_board_end                  0x080122dc   Data           4  components.o(.rti_fn.1.end)
    __rt_init_finsh_system_init              0x080122e0   Data           4  shell.o(.rti_fn.6)
    __rt_init_rti_end                        0x080122e4   Data           4  components.o(.rti_fn.6.end)
    FSymTab$$Base                            0x080122e8   Number         0  mem.o(FSymTab)
    __fsym_list_mem                          0x080122e8   Data          12  mem.o(FSymTab)
    __fsym_hello                             0x080122f4   Data          12  cmd.o(FSymTab)
    __fsym_version                           0x08012300   Data          12  cmd.o(FSymTab)
    __fsym___cmd_version                     0x0801230c   Data          12  cmd.o(FSymTab)
    __fsym_list_thread                       0x08012318   Data          12  cmd.o(FSymTab)
    __fsym___cmd_list_thread                 0x08012324   Data          12  cmd.o(FSymTab)
    __fsym_list_sem                          0x08012330   Data          12  cmd.o(FSymTab)
    __fsym___cmd_list_sem                    0x0801233c   Data          12  cmd.o(FSymTab)
    __fsym_list_event                        0x08012348   Data          12  cmd.o(FSymTab)
    __fsym___cmd_list_event                  0x08012354   Data          12  cmd.o(FSymTab)
    __fsym_list_mutex                        0x08012360   Data          12  cmd.o(FSymTab)
    __fsym___cmd_list_mutex                  0x0801236c   Data          12  cmd.o(FSymTab)
    __fsym_list_mailbox                      0x08012378   Data          12  cmd.o(FSymTab)
    __fsym___cmd_list_mailbox                0x08012384   Data          12  cmd.o(FSymTab)
    __fsym_list_msgqueue                     0x08012390   Data          12  cmd.o(FSymTab)
    __fsym___cmd_list_msgqueue               0x0801239c   Data          12  cmd.o(FSymTab)
    __fsym_list_timer                        0x080123a8   Data          12  cmd.o(FSymTab)
    __fsym___cmd_list_timer                  0x080123b4   Data          12  cmd.o(FSymTab)
    __fsym_list                              0x080123c0   Data          12  cmd.o(FSymTab)
    __fsym___cmd_help                        0x080123cc   Data          12  msh.o(FSymTab)
    __fsym___cmd_ps                          0x080123d8   Data          12  msh.o(FSymTab)
    __fsym___cmd_free                        0x080123e4   Data          12  msh.o(FSymTab)
    __fsym___cmd_cmd_show_can                0x080123f0   Data          12  func_common.o(FSymTab)
    __fsym___cmd_cmd_reboot                  0x080123fc   Data          12  func_common.o(FSymTab)
    FSymTab$$Limit                           0x08012408   Number         0  func_common.o(FSymTab)
    Region$$Table$$Base                      0x08012408   Number         0  anon$$obj.o(Region$$Table)
    Region$$Table$$Limit                     0x08012428   Number         0  anon$$obj.o(Region$$Table)
    g_count                                  0x20000014   Data           4  idle.o(.data)
    rt_interrupt_nest                        0x20000018   Data           1  irq.o(.data)
    rt_thread_ready_priority_group           0x200000a4   Data           4  scheduler.o(.data)
    rt_current_thread                        0x200000ac   Data           4  scheduler.o(.data)
    rt_current_priority                      0x200000b0   Data           1  scheduler.o(.data)
    rt_thread_defunct                        0x200000b4   Data           8  scheduler.o(.data)
    _syscall_table_begin                     0x200000c8   Data           4  shell.o(.data)
    _syscall_table_end                       0x200000cc   Data           4  shell.o(.data)
    _sysvar_table_begin                      0x200000d0   Data           4  shell.o(.data)
    _sysvar_table_end                        0x200000d4   Data           4  shell.o(.data)
    shell                                    0x200000d8   Data           4  shell.o(.data)
    pf_Sys_PutMsg                            0x20000bbc   Data           4  sys_tasks.o(.data)
    pf_Sys_GatherMsg                         0x20000bc0   Data           4  sys_tasks.o(.data)
    pf_Sys_GetMsg                            0x20000bc4   Data           4  sys_tasks.o(.data)
    pf_Sys_FreeMsg                           0x20000bc8   Data           4  sys_tasks.o(.data)
    pf_Sys_TaskCmdScheduler1Init             0x20000bcc   Data           4  sys_tasks.o(.data)
    pf_Sys_TaskCmdScheduler2Init             0x20000bd0   Data           4  sys_tasks.o(.data)
    pf_Sys_TaskCmdScheduler3Init             0x20000bd4   Data           4  sys_tasks.o(.data)
    pf_Sys_TaskCmdScheduler4Init             0x20000bd8   Data           4  sys_tasks.o(.data)
    pf_Sys_TaskCheck                         0x20000bdc   Data           4  sys_tasks.o(.data)
    pf_Sys_TaskResident1                     0x20000be0   Data           4  sys_tasks.o(.data)
    pf_Sys_TaskResident2                     0x20000be4   Data           4  sys_tasks.o(.data)
    pf_Sys_TaskResident3                     0x20000be8   Data           4  sys_tasks.o(.data)
    pf_Sys_TaskResident4                     0x20000bec   Data           4  sys_tasks.o(.data)
    _gp_Led                                  0x20000bf4   Data           4  func_common.o(.data)
    _gp_CanInterface                         0x20000bf8   Data           4  func_common.o(.data)
    SystemCoreClock                          0x20000e9c   Data           4  system_stm32f4xx.o(.data)
    rt_interrupt_from_thread                 0x20000ea0   Data           4  cpuport.o(.data)
    rt_interrupt_to_thread                   0x20000ea4   Data           4  cpuport.o(.data)
    rt_thread_switch_interrupt_flag          0x20000ea8   Data           4  cpuport.o(.data)
    rt_thread_priority_table                 0x200010e8   Data         256  scheduler.o(.bss)
    fp_Hal_UartIrqHandler                    0x20001334   Data          24  hal_uart.o(.bss)
    gp_MsgGatherReady_Sem                    0x20001d60   Data          16  sys_tasks.o(.bss)
    __libspace_start                         0x20018d70   Data          96  libspace.o(.bss)
    __temporary_stack_top$libspace           0x20018dd0   Data           0  libspace.o(.bss)



==============================================================================

Memory Map of the image

  Image Entry point : 0x08000189

  Load Region LR_IROM1 (Base: 0x08000000, Size: 0x000132d8, Max: 0x00100000, ABSOLUTE, COMPRESSED[0x000124fc])

    Execution Region ER_IROM1 (Exec base: 0x08000000, Load base: 0x08000000, Size: 0x00012428, Max: 0x00100000, ABSOLUTE)

    Exec Addr    Load Addr    Size         Type   Attr      Idx    E Section Name        Object

    0x08000000   0x08000000   0x00000188   Data   RO         9493    RESET               startup_stm32f40xx.o
    0x08000188   0x08000188   0x00000008   Code   RO         9661  * !!!main             c_w.l(__main.o)
    0x08000190   0x08000190   0x00000034   Code   RO        10011    !!!scatter          c_w.l(__scatter.o)
    0x080001c4   0x080001c4   0x0000005a   Code   RO        10009    !!dczerorl2         c_w.l(__dczerorl2.o)
    0x0800021e   0x0800021e   0x00000002   PAD
    0x08000220   0x08000220   0x0000001c   Code   RO        10013    !!handler_zi        c_w.l(__scatter_zi.o)
    0x0800023c   0x0800023c   0x00000002   Code   RO         9878    .ARM.Collect$$libinit$$00000000  c_w.l(libinit.o)
    0x0800023e   0x0800023e   0x00000004   Code   RO         9883    .ARM.Collect$$libinit$$00000001  c_w.l(libinit2.o)
    0x08000242   0x08000242   0x00000000   Code   RO         9886    .ARM.Collect$$libinit$$00000004  c_w.l(libinit2.o)
    0x08000242   0x08000242   0x00000000   Code   RO         9889    .ARM.Collect$$libinit$$0000000A  c_w.l(libinit2.o)
    0x08000242   0x08000242   0x00000000   Code   RO         9891    .ARM.Collect$$libinit$$0000000C  c_w.l(libinit2.o)
    0x08000242   0x08000242   0x00000000   Code   RO         9893    .ARM.Collect$$libinit$$0000000E  c_w.l(libinit2.o)
    0x08000242   0x08000242   0x00000000   Code   RO         9896    .ARM.Collect$$libinit$$00000011  c_w.l(libinit2.o)
    0x08000242   0x08000242   0x00000000   Code   RO         9898    .ARM.Collect$$libinit$$00000013  c_w.l(libinit2.o)
    0x08000242   0x08000242   0x00000000   Code   RO         9900    .ARM.Collect$$libinit$$00000015  c_w.l(libinit2.o)
    0x08000242   0x08000242   0x00000000   Code   RO         9902    .ARM.Collect$$libinit$$00000017  c_w.l(libinit2.o)
    0x08000242   0x08000242   0x00000000   Code   RO         9904    .ARM.Collect$$libinit$$00000019  c_w.l(libinit2.o)
    0x08000242   0x08000242   0x00000000   Code   RO         9906    .ARM.Collect$$libinit$$0000001B  c_w.l(libinit2.o)
    0x08000242   0x08000242   0x00000000   Code   RO         9908    .ARM.Collect$$libinit$$0000001D  c_w.l(libinit2.o)
    0x08000242   0x08000242   0x00000000   Code   RO         9910    .ARM.Collect$$libinit$$0000001F  c_w.l(libinit2.o)
    0x08000242   0x08000242   0x00000000   Code   RO         9912    .ARM.Collect$$libinit$$00000021  c_w.l(libinit2.o)
    0x08000242   0x08000242   0x00000000   Code   RO         9914    .ARM.Collect$$libinit$$00000023  c_w.l(libinit2.o)
    0x08000242   0x08000242   0x00000000   Code   RO         9916    .ARM.Collect$$libinit$$00000025  c_w.l(libinit2.o)
    0x08000242   0x08000242   0x00000000   Code   RO         9920    .ARM.Collect$$libinit$$0000002C  c_w.l(libinit2.o)
    0x08000242   0x08000242   0x00000000   Code   RO         9922    .ARM.Collect$$libinit$$0000002E  c_w.l(libinit2.o)
    0x08000242   0x08000242   0x00000000   Code   RO         9924    .ARM.Collect$$libinit$$00000030  c_w.l(libinit2.o)
    0x08000242   0x08000242   0x00000000   Code   RO         9926    .ARM.Collect$$libinit$$00000032  c_w.l(libinit2.o)
    0x08000242   0x08000242   0x00000002   Code   RO         9927    .ARM.Collect$$libinit$$00000033  c_w.l(libinit2.o)
    0x08000244   0x08000244   0x00000002   Code   RO         9949    .ARM.Collect$$libshutdown$$00000000  c_w.l(libshutdown.o)
    0x08000246   0x08000246   0x00000000   Code   RO         9962    .ARM.Collect$$libshutdown$$00000002  c_w.l(libshutdown2.o)
    0x08000246   0x08000246   0x00000000   Code   RO         9964    .ARM.Collect$$libshutdown$$00000004  c_w.l(libshutdown2.o)
    0x08000246   0x08000246   0x00000000   Code   RO         9967    .ARM.Collect$$libshutdown$$00000007  c_w.l(libshutdown2.o)
    0x08000246   0x08000246   0x00000000   Code   RO         9970    .ARM.Collect$$libshutdown$$0000000A  c_w.l(libshutdown2.o)
    0x08000246   0x08000246   0x00000000   Code   RO         9972    .ARM.Collect$$libshutdown$$0000000C  c_w.l(libshutdown2.o)
    0x08000246   0x08000246   0x00000000   Code   RO         9975    .ARM.Collect$$libshutdown$$0000000F  c_w.l(libshutdown2.o)
    0x08000246   0x08000246   0x00000002   Code   RO         9976    .ARM.Collect$$libshutdown$$00000010  c_w.l(libshutdown2.o)
    0x08000248   0x08000248   0x00000000   Code   RO         9789    .ARM.Collect$$rtentry$$00000000  c_w.l(__rtentry.o)
    0x08000248   0x08000248   0x00000000   Code   RO         9845    .ARM.Collect$$rtentry$$00000002  c_w.l(__rtentry2.o)
    0x08000248   0x08000248   0x00000006   Code   RO         9857    .ARM.Collect$$rtentry$$00000004  c_w.l(__rtentry4.o)
    0x0800024e   0x0800024e   0x00000000   Code   RO         9847    .ARM.Collect$$rtentry$$00000009  c_w.l(__rtentry2.o)
    0x0800024e   0x0800024e   0x00000004   Code   RO         9848    .ARM.Collect$$rtentry$$0000000A  c_w.l(__rtentry2.o)
    0x08000252   0x08000252   0x00000000   Code   RO         9850    .ARM.Collect$$rtentry$$0000000C  c_w.l(__rtentry2.o)
    0x08000252   0x08000252   0x00000008   Code   RO         9851    .ARM.Collect$$rtentry$$0000000D  c_w.l(__rtentry2.o)
    0x0800025a   0x0800025a   0x00000002   Code   RO         9881    .ARM.Collect$$rtexit$$00000000  c_w.l(rtexit.o)
    0x0800025c   0x0800025c   0x00000000   Code   RO         9931    .ARM.Collect$$rtexit$$00000002  c_w.l(rtexit2.o)
    0x0800025c   0x0800025c   0x00000004   Code   RO         9932    .ARM.Collect$$rtexit$$00000003  c_w.l(rtexit2.o)
    0x08000260   0x08000260   0x00000006   Code   RO         9933    .ARM.Collect$$rtexit$$00000004  c_w.l(rtexit2.o)
    0x08000266   0x08000266   0x00000002   PAD
    0x08000268   0x08000268   0x00000040   Code   RO         9494    .text               startup_stm32f40xx.o
    0x080002a8   0x080002a8   0x00000134   Code   RO         9547    .text               context_rvds.o
    0x080003dc   0x080003dc   0x00000058   Code   RO         9639    .text               c_w.l(memcmp.o)
    0x08000434   0x08000434   0x00000048   Code   RO         9641    .text               c_w.l(strcpy.o)
    0x0800047c   0x0800047c   0x0000003e   Code   RO         9643    .text               c_w.l(strlen.o)
    0x080004ba   0x080004ba   0x00000096   Code   RO         9645    .text               c_w.l(strncmp.o)
    0x08000550   0x08000550   0x00000018   Code   RO         9647    .text               c_w.l(strcat.o)
    0x08000568   0x08000568   0x0000008a   Code   RO         9649    .text               c_w.l(rt_memcpy_v6.o)
    0x080005f2   0x080005f2   0x00000064   Code   RO         9651    .text               c_w.l(rt_memcpy_w.o)
    0x08000656   0x08000656   0x00000044   Code   RO         9653    .text               c_w.l(rt_memclr.o)
    0x0800069a   0x0800069a   0x0000004e   Code   RO         9655    .text               c_w.l(rt_memclr_w.o)
    0x080006e8   0x080006e8   0x00000056   Code   RO         9657    .text               c_w.l(strncpy.o)
    0x0800073e   0x0800073e   0x00000006   Code   RO         9659    .text               c_w.l(heapauxi.o)
    0x08000744   0x08000744   0x00000016   Code   RO         9790    .text               c_w.l(_rserrno.o)
    0x0800075a   0x0800075a   0x00000002   PAD
    0x0800075c   0x0800075c   0x00000008   Code   RO         9862    .text               c_w.l(rt_errno_addr_intlibspace.o)
    0x08000764   0x08000764   0x00000008   Code   RO         9866    .text               c_w.l(libspace.o)
    0x0800076c   0x0800076c   0x0000004a   Code   RO         9869    .text               c_w.l(sys_stackheap_outer.o)
    0x080007b6   0x080007b6   0x00000012   Code   RO         9871    .text               c_w.l(exit.o)
    0x080007c8   0x080007c8   0x0000000c   Code   RO         9941    .text               c_w.l(sys_exit.o)
    0x080007d4   0x080007d4   0x00000002   Code   RO         9952    .text               c_w.l(use_no_semi.o)
    0x080007d6   0x080007d6   0x00000000   Code   RO         9954    .text               c_w.l(indicate_semi.o)
    0x080007d6   0x080007d6   0x00000010   Code   RO         7111    i.$Sub$$USART3_IRQHandler  osal.o
    0x080007e6   0x080007e6   0x0000000a   Code   RO         5185    i.$Sub$$main        components.o
    0x080007f0   0x080007f0   0x00000004   Code   RO         9369    i.BusFault_Handler  stm32f4xx_it.o
    0x080007f4   0x080007f4   0x00000040   Code   RO         6795    i.CAN1_RX0_IRQHandler  hal_can.o
    0x08000834   0x08000834   0x00000040   Code   RO         6796    i.CAN2_RX0_IRQHandler  hal_can.o
    0x08000874   0x08000874   0x00000038   Code   RO          412    i.CAN_DeInit        stm32f4xx_can.o
    0x080008ac   0x080008ac   0x00000108   Code   RO          414    i.CAN_FilterInit    stm32f4xx_can.o
    0x080009b4   0x080009b4   0x00000012   Code   RO          420    i.CAN_ITConfig      stm32f4xx_can.o
    0x080009c6   0x080009c6   0x00000114   Code   RO          421    i.CAN_Init          stm32f4xx_can.o
    0x08000ada   0x08000ada   0x000000f0   Code   RO          424    i.CAN_Receive       stm32f4xx_can.o
    0x08000bca   0x08000bca   0x00000020   Code   RO          427    i.CAN_StructInit    stm32f4xx_can.o
    0x08000bea   0x08000bea   0x00000126   Code   RO          429    i.CAN_Transmit      stm32f4xx_can.o
    0x08000d10   0x08000d10   0x000000a0   Code   RO          430    i.CAN_TransmitStatus  stm32f4xx_can.o
    0x08000db0   0x08000db0   0x00000002   Code   RO         9370    i.DebugMon_Handler  stm32f4xx_it.o
    0x08000db2   0x08000db2   0x00000002   PAD
    0x08000db4   0x08000db4   0x00000358   Code   RO         7317    i.Drv_CanInterfaceCreate  drv_can_interface.o
    0x0800110c   0x0800110c   0x00000044   Code   RO         7801    i.Drv_LedCreate     drv_led.o
    0x08001150   0x08001150   0x0000006c   Code   RO         7439    i.Drv_Mcc1CodeDiskExtiIrqHandler  drv_motion_control_components.o
    0x080011bc   0x080011bc   0x00000010   Code   RO         7440    i.Drv_Mcc1ResetExtiIrqHandler  drv_motion_control_components.o
    0x080011cc   0x080011cc   0x00000010   Code   RO         7441    i.Drv_Mcc1StrikeExtiIrqHandler  drv_motion_control_components.o
    0x080011dc   0x080011dc   0x0000006c   Code   RO         7442    i.Drv_Mcc2CodeDiskExtiIrqHandler  drv_motion_control_components.o
    0x08001248   0x08001248   0x00000010   Code   RO         7443    i.Drv_Mcc2ResetExtiIrqHandler  drv_motion_control_components.o
    0x08001258   0x08001258   0x00000010   Code   RO         7444    i.Drv_Mcc2StrikeExtiIrqHandler  drv_motion_control_components.o
    0x08001268   0x08001268   0x0000006c   Code   RO         7445    i.Drv_Mcc3CodeDiskExtiIrqHandler  drv_motion_control_components.o
    0x080012d4   0x080012d4   0x00000010   Code   RO         7446    i.Drv_Mcc3ResetExtiIrqHandler  drv_motion_control_components.o
    0x080012e4   0x080012e4   0x00000010   Code   RO         7447    i.Drv_Mcc3StrikeExtiIrqHandler  drv_motion_control_components.o
    0x080012f4   0x080012f4   0x0000006c   Code   RO         7448    i.Drv_Mcc4CodeDiskExtiIrqHandler  drv_motion_control_components.o
    0x08001360   0x08001360   0x00000010   Code   RO         7449    i.Drv_Mcc4ResetExtiIrqHandler  drv_motion_control_components.o
    0x08001370   0x08001370   0x00000010   Code   RO         7450    i.Drv_Mcc4StrikeExtiIrqHandler  drv_motion_control_components.o
    0x08001380   0x08001380   0x0000006c   Code   RO         7451    i.Drv_Mcc5CodeDiskExtiIrqHandler  drv_motion_control_components.o
    0x080013ec   0x080013ec   0x00000010   Code   RO         7452    i.Drv_Mcc5ResetExtiIrqHandler  drv_motion_control_components.o
    0x080013fc   0x080013fc   0x00000010   Code   RO         7453    i.Drv_Mcc5StrikeExtiIrqHandler  drv_motion_control_components.o
    0x0800140c   0x0800140c   0x0000006c   Code   RO         7454    i.Drv_Mcc6CodeDiskExtiIrqHandler  drv_motion_control_components.o
    0x08001478   0x08001478   0x00000010   Code   RO         7455    i.Drv_Mcc6ResetExtiIrqHandler  drv_motion_control_components.o
    0x08001488   0x08001488   0x00000010   Code   RO         7456    i.Drv_Mcc6StrikeExtiIrqHandler  drv_motion_control_components.o
    0x08001498   0x08001498   0x0000006c   Code   RO         7457    i.Drv_Mcc7CodeDiskExtiIrqHandler  drv_motion_control_components.o
    0x08001504   0x08001504   0x00000010   Code   RO         7458    i.Drv_Mcc7ResetExtiIrqHandler  drv_motion_control_components.o
    0x08001514   0x08001514   0x00000010   Code   RO         7459    i.Drv_Mcc7StrikeExtiIrqHandler  drv_motion_control_components.o
    0x08001524   0x08001524   0x0000006c   Code   RO         7460    i.Drv_Mcc8CodeDiskExtiIrqHandler  drv_motion_control_components.o
    0x08001590   0x08001590   0x00000010   Code   RO         7461    i.Drv_Mcc8ResetExtiIrqHandler  drv_motion_control_components.o
    0x080015a0   0x080015a0   0x00000010   Code   RO         7462    i.Drv_Mcc8StrikeExtiIrqHandler  drv_motion_control_components.o
    0x080015b0   0x080015b0   0x0000006c   Code   RO         7463    i.Drv_Mcc9CodeDiskExtiIrqHandler  drv_motion_control_components.o
    0x0800161c   0x0800161c   0x00000010   Code   RO         7464    i.Drv_Mcc9ResetExtiIrqHandler  drv_motion_control_components.o
    0x0800162c   0x0800162c   0x00000010   Code   RO         7465    i.Drv_Mcc9StrikeExtiIrqHandler  drv_motion_control_components.o
    0x0800163c   0x0800163c   0x00000128   Code   RO         7466    i.Drv_MccCalcSubdivisionStep  drv_motion_control_components.o
    0x08001764   0x08001764   0x000007cc   Code   RO         7467    i.Drv_MccCreate     drv_motion_control_components.o
    0x08001f30   0x08001f30   0x0000003a   Code   RO         7479    i.Drv_MccMoveSynchronizingStep  drv_motion_control_components.o
    0x08001f6a   0x08001f6a   0x0000000a   Code   RO         7481    i.Drv_MccSetCompensation  drv_motion_control_components.o
    0x08001f74   0x08001f74   0x00000114   Code   RO         7482    i.Drv_MccSetPresetLocation  drv_motion_control_components.o
    0x08002088   0x08002088   0x000000c6   Code   RO         7484    i.Drv_MccSetStepmotorLine5  drv_motion_control_components.o
    0x0800214e   0x0800214e   0x00000002   PAD
    0x08002150   0x08002150   0x000000f8   Code   RO         8564    i.Drv_PwmPinCreate  drv_pwm_pin.o
    0x08002248   0x08002248   0x0000002a   Code   RO         7843    i.Drv_PwmTimerDrivenConfig  drv_pwm_timer_driven.o
    0x08002272   0x08002272   0x00000002   PAD
    0x08002274   0x08002274   0x00000134   Code   RO         7844    i.Drv_PwmTimerDrivenCreate  drv_pwm_timer_driven.o
    0x080023a8   0x080023a8   0x00000034   Code   RO         7846    i.Drv_PwmTimerDrivenDisable  drv_pwm_timer_driven.o
    0x080023dc   0x080023dc   0x0000001c   Code   RO         7847    i.Drv_PwmTimerDrivenEnable  drv_pwm_timer_driven.o
    0x080023f8   0x080023f8   0x000001b8   Code   RO         7943    i.Drv_StepmotorCalcMotorFre  drv_stepmotor.o
    0x080025b0   0x080025b0   0x0000132a   Code   RO         7944    i.Drv_StepmotorCalcMotorFre5  drv_stepmotor.o
    0x080038da   0x080038da   0x00000002   PAD
    0x080038dc   0x080038dc   0x00000264   Code   RO         7947    i.Drv_StepmotorCreate  drv_stepmotor.o
    0x08003b40   0x08003b40   0x00000046   Code   RO         7949    i.Drv_StepmotorMoveRlBegin  drv_stepmotor.o
    0x08003b86   0x08003b86   0x00000042   Code   RO         7950    i.Drv_StepmotorMoveSdBegin  drv_stepmotor.o
    0x08003bc8   0x08003bc8   0x0000004a   Code   RO         7951    i.Drv_StepmotorMoveSpBegin  drv_stepmotor.o
    0x08003c12   0x08003c12   0x00000036   Code   RO         7953    i.Drv_StepmotorStop  drv_stepmotor.o
    0x08003c48   0x08003c48   0x00000024   Code   RO         6560    i.EXTI0_IRQHandler  hal_gpio.o
    0x08003c6c   0x08003c6c   0x000000bc   Code   RO         6561    i.EXTI15_10_IRQHandler  hal_gpio.o
    0x08003d28   0x08003d28   0x00000024   Code   RO         6562    i.EXTI1_IRQHandler  hal_gpio.o
    0x08003d4c   0x08003d4c   0x00000024   Code   RO         6563    i.EXTI2_IRQHandler  hal_gpio.o
    0x08003d70   0x08003d70   0x00000024   Code   RO         6564    i.EXTI3_IRQHandler  hal_gpio.o
    0x08003d94   0x08003d94   0x00000024   Code   RO         6565    i.EXTI4_IRQHandler  hal_gpio.o
    0x08003db8   0x08003db8   0x00000094   Code   RO         6566    i.EXTI9_5_IRQHandler  hal_gpio.o
    0x08003e4c   0x08003e4c   0x0000000c   Code   RO         1476    i.EXTI_ClearITPendingBit  stm32f4xx_exti.o
    0x08003e58   0x08003e58   0x00000018   Code   RO         1480    i.EXTI_GetITStatus  stm32f4xx_exti.o
    0x08003e70   0x08003e70   0x00000094   Code   RO         1481    i.EXTI_Init         stm32f4xx_exti.o
    0x08003f04   0x08003f04   0x00000874   Code   RO         9154    i.Func_1_Init       func_1.o
    0x08004778   0x08004778   0x0000000c   Code   RO         9155    i.Func_1_Resident   func_1.o
    0x08004784   0x08004784   0x0000035c   Code   RO         9210    i.Func_2_Init       func_2.o
    0x08004ae0   0x08004ae0   0x0000000c   Code   RO         9211    i.Func_2_Resident   func_2.o
    0x08004aec   0x08004aec   0x0000035c   Code   RO         9263    i.Func_3_Init       func_3.o
    0x08004e48   0x08004e48   0x0000000c   Code   RO         9264    i.Func_3_Resident   func_3.o
    0x08004e54   0x08004e54   0x00000870   Code   RO         9316    i.Func_4_Init       func_4.o
    0x080056c4   0x080056c4   0x0000000c   Code   RO         9317    i.Func_4_Resident   func_4.o
    0x080056d0   0x080056d0   0x00000140   Code   RO         9057    i.Func_Init         func_common.o
    0x08005810   0x08005810   0x00000090   Code   RO         1989    i.GPIO_Init         stm32f4xx_gpio.o
    0x080058a0   0x080058a0   0x00000046   Code   RO         1990    i.GPIO_PinAFConfig  stm32f4xx_gpio.o
    0x080058e6   0x080058e6   0x00000012   Code   RO         1993    i.GPIO_ReadInputDataBit  stm32f4xx_gpio.o
    0x080058f8   0x080058f8   0x00000012   Code   RO         1998    i.GPIO_StructInit   stm32f4xx_gpio.o
    0x0800590a   0x0800590a   0x0000000a   Code   RO         2001    i.GPIO_WriteBit     stm32f4xx_gpio.o
    0x08005914   0x08005914   0x00000134   Code   RO         6799    i.Hal_CanTx         hal_can.o
    0x08005a48   0x08005a48   0x0000018c   Code   RO         6859    i.Hal_DisTimer      hal_timer.o
    0x08005bd4   0x08005bd4   0x000000ac   Code   RO         6860    i.Hal_EnTimer       hal_timer.o
    0x08005c80   0x08005c80   0x00000004   Code   RO         6709    i.Hal_Init          hal_chip.o
    0x08005c84   0x08005c84   0x000005fc   Code   RO         6800    i.Hal_InitCan10ChInterrupt  hal_can.o
    0x08006280   0x08006280   0x000000e4   Code   RO         6569    i.Hal_InitPin       hal_gpio.o
    0x08006364   0x08006364   0x00000204   Code   RO         6570    i.Hal_InitPinInterrupt  hal_gpio.o
    0x08006568   0x08006568   0x000000f0   Code   RO         6572    i.Hal_InitSoftwareInterrupt  hal_gpio.o
    0x08006658   0x08006658   0x00000068   Code   RO         6710    i.Hal_InitSysTick   hal_chip.o
    0x080066c0   0x080066c0   0x000004c0   Code   RO         6861    i.Hal_InitTimerInterrupt  hal_timer.o
    0x08006b80   0x08006b80   0x00000330   Code   RO         6997    i.Hal_InitUartInterrupt  hal_uart.o
    0x08006eb0   0x08006eb0   0x00000038   Code   RO         6573    i.Hal_ReadPin       hal_gpio.o
    0x08006ee8   0x08006ee8   0x00000034   Code   RO         6713    i.Hal_Reboot        hal_chip.o
    0x08006f1c   0x08006f1c   0x000000c0   Code   RO         6864    i.Hal_SetTimer      hal_timer.o
    0x08006fdc   0x08006fdc   0x0000006c   Code   RO         7000    i.Hal_UartGetByte   hal_uart.o
    0x08007048   0x08007048   0x000000c8   Code   RO         7001    i.Hal_UartSendByte  hal_uart.o
    0x08007110   0x08007110   0x00000030   Code   RO         6575    i.Hal_WritePin      hal_gpio.o
    0x08007140   0x08007140   0x00000004   Code   RO         9371    i.MemManage_Handler  stm32f4xx_it.o
    0x08007144   0x08007144   0x00000002   Code   RO         9372    i.NMI_Handler       stm32f4xx_it.o
    0x08007146   0x08007146   0x00000002   PAD
    0x08007148   0x08007148   0x00000078   Code   RO            4    i.NVIC_Init         misc.o
    0x080071c0   0x080071c0   0x00000014   Code   RO            5    i.NVIC_PriorityGroupConfig  misc.o
    0x080071d4   0x080071d4   0x0000000e   Code   RO         7113    i.Osal_Delayms      osal.o
    0x080071e2   0x080071e2   0x00000010   Code   RO         7114    i.Osal_DeleteThread  osal.o
    0x080071f2   0x080071f2   0x00000002   Code   RO         7115    i.Osal_GetIntoThread  osal.o
    0x080071f4   0x080071f4   0x00000002   Code   RO         7116    i.Osal_Init         osal.o
    0x080071f6   0x080071f6   0x0000001c   Code   RO         7117    i.Osal_MailCreate   osal.o
    0x08007212   0x08007212   0x0000002c   Code   RO         7118    i.Osal_MailRecv     osal.o
    0x0800723e   0x0800723e   0x0000001c   Code   RO         7119    i.Osal_MailSend     osal.o
    0x0800725a   0x0800725a   0x0000001c   Code   RO         7126    i.Osal_SemCreate    osal.o
    0x08007276   0x08007276   0x00000024   Code   RO         7128    i.Osal_SemPend      osal.o
    0x0800729a   0x0800729a   0x00000018   Code   RO         7129    i.Osal_SemPost      osal.o
    0x080072b2   0x080072b2   0x00000002   PAD
    0x080072b4   0x080072b4   0x000001a0   Code   RO         7130    i.Osal_ShowVersion  osal.o
    0x08007454   0x08007454   0x00000010   Code   RO         7131    i.Osal_Start        osal.o
    0x08007464   0x08007464   0x00000030   Code   RO         7132    i.Osal_ThreadCreate  osal.o
    0x08007494   0x08007494   0x00000020   Code   RO         2915    i.RCC_AHB1PeriphClockCmd  stm32f4xx_rcc.o
    0x080074b4   0x080074b4   0x00000020   Code   RO         2924    i.RCC_APB1PeriphClockCmd  stm32f4xx_rcc.o
    0x080074d4   0x080074d4   0x00000020   Code   RO         2926    i.RCC_APB1PeriphResetCmd  stm32f4xx_rcc.o
    0x080074f4   0x080074f4   0x00000020   Code   RO         2927    i.RCC_APB2PeriphClockCmd  stm32f4xx_rcc.o
    0x08007514   0x08007514   0x00000020   Code   RO         2929    i.RCC_APB2PeriphResetCmd  stm32f4xx_rcc.o
    0x08007534   0x08007534   0x000000e8   Code   RO         2936    i.RCC_GetClocksFreq  stm32f4xx_rcc.o
    0x0800761c   0x0800761c   0x00000002   Code   RO         9373    i.SVC_Handler       stm32f4xx_it.o
    0x0800761e   0x0800761e   0x00000002   PAD
    0x08007620   0x08007620   0x00000040   Code   RO         4238    i.SYSCFG_EXTILineConfig  stm32f4xx_syscfg.o
    0x08007660   0x08007660   0x000000ec   Code   RO         9452    i.SetSysClock       system_stm32f4xx.o
    0x0800774c   0x0800774c   0x00000010   Code   RO         9501    i.SysTick_Handler   board.o
    0x0800775c   0x0800775c   0x0000002a   Code   RO         8868    i.Sys_CmdRegeditAddNode  sys_cmd_regedit.o
    0x08007786   0x08007786   0x00000002   PAD
    0x08007788   0x08007788   0x00000058   Code   RO         8869    i.Sys_CmdRegeditCreate  sys_cmd_regedit.o
    0x080077e0   0x080077e0   0x00000046   Code   RO         8870    i.Sys_CmdRegeditForeach  sys_cmd_regedit.o
    0x08007826   0x08007826   0x00000002   PAD
    0x08007828   0x08007828   0x00000020   Code   RO         8905    i.Sys_CmdScheduler  sys_cmd_scheduler.o
    0x08007848   0x08007848   0x0000003c   Code   RO         8925    i.Sys_DoubleListCreate  sys_double_list.o
    0x08007884   0x08007884   0x000000b2   Code   RO         8926    i.Sys_DoubleListNodeAdd  sys_double_list.o
    0x08007936   0x08007936   0x00000002   PAD
    0x08007938   0x08007938   0x00000028   Code   RO         8966    i.Sys_Init          sys_tasks.o
    0x08007960   0x08007960   0x000001f0   Code   RO         8967    i.Sys_TaskStart     sys_tasks.o
    0x08007b50   0x08007b50   0x000000c0   Code   RO         9453    i.SystemCoreClockUpdate  system_stm32f4xx.o
    0x08007c10   0x08007c10   0x00000068   Code   RO         9454    i.SystemInit        system_stm32f4xx.o
    0x08007c78   0x08007c78   0x0000002c   Code   RO         6865    i.TIM1_BRK_TIM9_IRQHandler  hal_timer.o
    0x08007ca4   0x08007ca4   0x0000002c   Code   RO         6866    i.TIM1_TRG_COM_TIM11_IRQHandler  hal_timer.o
    0x08007cd0   0x08007cd0   0x0000004c   Code   RO         6867    i.TIM1_UP_TIM10_IRQHandler  hal_timer.o
    0x08007d1c   0x08007d1c   0x00000028   Code   RO         6868    i.TIM2_IRQHandler   hal_timer.o
    0x08007d44   0x08007d44   0x0000002c   Code   RO         6869    i.TIM3_IRQHandler   hal_timer.o
    0x08007d70   0x08007d70   0x0000002c   Code   RO         6870    i.TIM4_IRQHandler   hal_timer.o
    0x08007d9c   0x08007d9c   0x0000002c   Code   RO         6871    i.TIM5_IRQHandler   hal_timer.o
    0x08007dc8   0x08007dc8   0x0000002c   Code   RO         6872    i.TIM6_DAC_IRQHandler  hal_timer.o
    0x08007df4   0x08007df4   0x0000002c   Code   RO         6873    i.TIM7_IRQHandler   hal_timer.o
    0x08007e20   0x08007e20   0x0000002c   Code   RO         6874    i.TIM8_BRK_TIM12_IRQHandler  hal_timer.o
    0x08007e4c   0x08007e4c   0x0000002c   Code   RO         6875    i.TIM8_TRG_COM_TIM14_IRQHandler  hal_timer.o
    0x08007e78   0x08007e78   0x0000004c   Code   RO         6876    i.TIM8_UP_TIM13_IRQHandler  hal_timer.o
    0x08007ec4   0x08007ec4   0x00000018   Code   RO         4299    i.TIM_ARRPreloadConfig  stm32f4xx_tim.o
    0x08007edc   0x08007edc   0x00000006   Code   RO         4305    i.TIM_ClearFlag     stm32f4xx_tim.o
    0x08007ee2   0x08007ee2   0x00000006   Code   RO         4306    i.TIM_ClearITPendingBit  stm32f4xx_tim.o
    0x08007ee8   0x08007ee8   0x00000018   Code   RO         4311    i.TIM_Cmd           stm32f4xx_tim.o
    0x08007f00   0x08007f00   0x00000190   Code   RO         4316    i.TIM_DeInit        stm32f4xx_tim.o
    0x08008090   0x08008090   0x00000022   Code   RO         4332    i.TIM_GetITStatus   stm32f4xx_tim.o
    0x080080b2   0x080080b2   0x00000012   Code   RO         4336    i.TIM_ITConfig      stm32f4xx_tim.o
    0x080080c4   0x080080c4   0x00000012   Code   RO         4369    i.TIM_SelectOutputTrigger  stm32f4xx_tim.o
    0x080080d6   0x080080d6   0x00000004   Code   RO         4371    i.TIM_SetAutoreload  stm32f4xx_tim.o
    0x080080da   0x080080da   0x00000004   Code   RO         4377    i.TIM_SetCounter    stm32f4xx_tim.o
    0x080080de   0x080080de   0x00000002   PAD
    0x080080e0   0x080080e0   0x00000084   Code   RO         4383    i.TIM_TimeBaseInit  stm32f4xx_tim.o
    0x08008164   0x08008164   0x00000012   Code   RO         4384    i.TIM_TimeBaseStructInit  stm32f4xx_tim.o
    0x08008176   0x08008176   0x00000002   PAD
    0x08008178   0x08008178   0x00000058   Code   RO         7002    i.UART4_IRQHandler  hal_uart.o
    0x080081d0   0x080081d0   0x00000058   Code   RO         7003    i.UART5_IRQHandler  hal_uart.o
    0x08008228   0x08008228   0x00000058   Code   RO         7004    i.USART1_IRQHandler  hal_uart.o
    0x08008280   0x08008280   0x00000058   Code   RO         7005    i.USART2_IRQHandler  hal_uart.o
    0x080082d8   0x080082d8   0x00000058   Code   RO         7006    i.USART3_IRQHandler  hal_uart.o
    0x08008330   0x08008330   0x00000058   Code   RO         7007    i.USART6_IRQHandler  hal_uart.o
    0x08008388   0x08008388   0x00000012   Code   RO         4861    i.USART_ClearFlag   stm32f4xx_usart.o
    0x0800839a   0x0800839a   0x0000001e   Code   RO         4862    i.USART_ClearITPendingBit  stm32f4xx_usart.o
    0x080083b8   0x080083b8   0x00000020   Code   RO         4863    i.USART_ClockInit   stm32f4xx_usart.o
    0x080083d8   0x080083d8   0x0000000c   Code   RO         4864    i.USART_ClockStructInit  stm32f4xx_usart.o
    0x080083e4   0x080083e4   0x00000018   Code   RO         4865    i.USART_Cmd         stm32f4xx_usart.o
    0x080083fc   0x080083fc   0x0000001a   Code   RO         4868    i.USART_GetFlagStatus  stm32f4xx_usart.o
    0x08008416   0x08008416   0x00000054   Code   RO         4869    i.USART_GetITStatus  stm32f4xx_usart.o
    0x0800846a   0x0800846a   0x0000004a   Code   RO         4871    i.USART_ITConfig    stm32f4xx_usart.o
    0x080084b4   0x080084b4   0x000000d4   Code   RO         4872    i.USART_Init        stm32f4xx_usart.o
    0x08008588   0x08008588   0x0000000a   Code   RO         4879    i.USART_ReceiveData  stm32f4xx_usart.o
    0x08008592   0x08008592   0x00000008   Code   RO         4882    i.USART_SendData    stm32f4xx_usart.o
    0x0800859a   0x0800859a   0x00000004   Code   RO         9374    i.UsageFault_Handler  stm32f4xx_it.o
    0x0800859e   0x0800859e   0x00000032   Code   RO         7318    i._Drv_CanInterfaceBufferFormatting  drv_can_interface.o
    0x080085d0   0x080085d0   0x00000540   Code   RO         7319    i._Drv_CanInterfaceGetFrame  drv_can_interface.o
    0x08008b10   0x08008b10   0x00000054   Code   RO         7320    i._Drv_CanInterfaceGetMsg  drv_can_interface.o
    0x08008b64   0x08008b64   0x00000034   Code   RO         7321    i._Drv_CanInterfaceModeChoose  drv_can_interface.o
    0x08008b98   0x08008b98   0x00000208   Code   RO         7322    i._Drv_CanInterfacePutFrame  drv_can_interface.o
    0x08008da0   0x08008da0   0x00000078   Code   RO         7323    i._Drv_CanInterfaceRxBufferFree  drv_can_interface.o
    0x08008e18   0x08008e18   0x000000f4   Code   RO         7324    i._Drv_CanInterfaceRxTimeOutCheck  drv_can_interface.o
    0x08008f0c   0x08008f0c   0x00000064   Code   RO         7325    i._Drv_CanInterfaceSendCmdToBuffer  drv_can_interface.o
    0x08008f70   0x08008f70   0x00000064   Code   RO         7326    i._Drv_CanInterfaceSendDoneToBuffer  drv_can_interface.o
    0x08008fd4   0x08008fd4   0x00000030   Code   RO         7327    i._Drv_CanInterfaceSendErrorToBuffer  drv_can_interface.o
    0x08009004   0x08009004   0x00000064   Code   RO         7328    i._Drv_CanInterfaceSendFailedToBuffer  drv_can_interface.o
    0x08009068   0x08009068   0x00000030   Code   RO         7329    i._Drv_CanInterfaceSendResponseToBuffer  drv_can_interface.o
    0x08009098   0x08009098   0x0000056c   Code   RO         7330    i._Drv_CanInterfaceSendToBuffer  drv_can_interface.o
    0x08009604   0x08009604   0x00000068   Code   RO         7331    i._Drv_CanInterfaceTxBufferFree  drv_can_interface.o
    0x0800966c   0x0800966c   0x00000190   Code   RO         7332    i._Drv_CanRxIrqHandler  drv_can_interface.o
    0x080097fc   0x080097fc   0x0000007a   Code   RO         7487    i._Drv_MccCodeDiskExtiIrqHandler  drv_motion_control_components.o
    0x08009876   0x08009876   0x00000002   PAD
    0x08009878   0x08009878   0x00000460   Code   RO         7489    i._Drv_MccMoveSubdivisionStep  drv_motion_control_components.o
    0x08009cd8   0x08009cd8   0x0000006e   Code   RO         7490    i._Drv_MccResetExtiIrqHandler  drv_motion_control_components.o
    0x08009d46   0x08009d46   0x0000012c   Code   RO         7491    i._Drv_MccSingleCodeDiskExtiIrqHandler  drv_motion_control_components.o
    0x08009e72   0x08009e72   0x0000003a   Code   RO         7492    i._Drv_MccStrikeExtiIrqHandler  drv_motion_control_components.o
    0x08009eac   0x08009eac   0x00000088   Code   RO         8566    i._Drv_PwmPinIrqHandler  drv_pwm_pin.o
    0x08009f34   0x08009f34   0x00000016   Code   RO         8567    i._Drv_PwmPinIsOn   drv_pwm_pin.o
    0x08009f4a   0x08009f4a   0x00000010   Code   RO         8568    i._Drv_PwmPinOff    drv_pwm_pin.o
    0x08009f5a   0x08009f5a   0x00000010   Code   RO         8569    i._Drv_PwmPinOn     drv_pwm_pin.o
    0x08009f6a   0x08009f6a   0x0000002e   Code   RO         8570    i._Drv_PwmPinPwm    drv_pwm_pin.o
    0x08009f98   0x08009f98   0x00000024   Code   RO         7848    i._Drv_PwmTimerDriven1IrqHandler  drv_pwm_timer_driven.o
    0x08009fbc   0x08009fbc   0x00000024   Code   RO         7849    i._Drv_PwmTimerDriven2IrqHandler  drv_pwm_timer_driven.o
    0x08009fe0   0x08009fe0   0x00000024   Code   RO         7850    i._Drv_PwmTimerDriven3IrqHandler  drv_pwm_timer_driven.o
    0x0800a004   0x0800a004   0x00000024   Code   RO         7851    i._Drv_PwmTimerDriven4IrqHandler  drv_pwm_timer_driven.o
    0x0800a028   0x0800a028   0x00000024   Code   RO         7852    i._Drv_PwmTimerDriven5IrqHandler  drv_pwm_timer_driven.o
    0x0800a04c   0x0800a04c   0x00000024   Code   RO         7853    i._Drv_PwmTimerDriven6IrqHandler  drv_pwm_timer_driven.o
    0x0800a070   0x0800a070   0x00000024   Code   RO         7854    i._Drv_PwmTimerDriven7IrqHandler  drv_pwm_timer_driven.o
    0x0800a094   0x0800a094   0x00000024   Code   RO         7855    i._Drv_PwmTimerDriven8IrqHandler  drv_pwm_timer_driven.o
    0x0800a0b8   0x0800a0b8   0x00000024   Code   RO         7856    i._Drv_PwmTimerDriven9IrqHandler  drv_pwm_timer_driven.o
    0x0800a0dc   0x0800a0dc   0x0000003c   Code   RO         7857    i._Drv_PwmTimerDrivenUpdate  drv_pwm_timer_driven.o
    0x0800a118   0x0800a118   0x00000044   Code   RO         7954    i._Drv_StepmotorCalcCurStep  drv_stepmotor.o
    0x0800a15c   0x0800a15c   0x00000020   Code   RO         7955    i._Drv_StepmotorCallocLadstep  drv_stepmotor.o
    0x0800a17c   0x0800a17c   0x0000001e   Code   RO         7956    i._Drv_StepmotorCallocMotorFre  drv_stepmotor.o
    0x0800a19a   0x0800a19a   0x00000020   Code   RO         7957    i._Drv_StepmotorConfigSd  drv_stepmotor.o
    0x0800a1ba   0x0800a1ba   0x000000be   Code   RO         7958    i._Drv_StepmotorConfigSp  drv_stepmotor.o
    0x0800a278   0x0800a278   0x000000a8   Code   RO         7959    i._Drv_StepmotorDrv  drv_stepmotor.o
    0x0800a320   0x0800a320   0x00000022   Code   RO         7960    i._Drv_StepmotorLadstepSdConfig  drv_stepmotor.o
    0x0800a342   0x0800a342   0x00000022   Code   RO         7961    i._Drv_StepmotorLadstepSpConfig  drv_stepmotor.o
    0x0800a364   0x0800a364   0x0000005e   Code   RO         7962    i._Drv_StepmotorMoveUpdate  drv_stepmotor.o
    0x0800a3c2   0x0800a3c2   0x00000002   PAD
    0x0800a3c4   0x0800a3c4   0x0000003c   Code   RO         7333    i._Drv_TaskCanIsr   drv_can_interface.o
    0x0800a400   0x0800a400   0x00000034   Code   RO         9156    i._Func_1_Hellow    func_1.o
    0x0800a434   0x0800a434   0x000000d0   Code   RO         9157    i._Func_1_MoveBackward  func_1.o
    0x0800a504   0x0800a504   0x00000006   Code   RO         9158    i._Func_1_MoveByCoordinates  func_1.o
    0x0800a50a   0x0800a50a   0x00000002   PAD
    0x0800a50c   0x0800a50c   0x000000e4   Code   RO         9159    i._Func_1_MoveForward  func_1.o
    0x0800a5f0   0x0800a5f0   0x00000034   Code   RO         9212    i._Func_2_Hellow    func_2.o
    0x0800a624   0x0800a624   0x00000088   Code   RO         9213    i._Func_2_MoveBackward  func_2.o
    0x0800a6ac   0x0800a6ac   0x00000006   Code   RO         9214    i._Func_2_MoveByCoordinates  func_2.o
    0x0800a6b2   0x0800a6b2   0x00000002   PAD
    0x0800a6b4   0x0800a6b4   0x00000094   Code   RO         9215    i._Func_2_MoveForward  func_2.o
    0x0800a748   0x0800a748   0x00000034   Code   RO         9265    i._Func_3_Hellow    func_3.o
    0x0800a77c   0x0800a77c   0x00000088   Code   RO         9266    i._Func_3_MoveBackward  func_3.o
    0x0800a804   0x0800a804   0x00000006   Code   RO         9267    i._Func_3_MoveByCoordinates  func_3.o
    0x0800a80a   0x0800a80a   0x00000002   PAD
    0x0800a80c   0x0800a80c   0x00000094   Code   RO         9268    i._Func_3_MoveForward  func_3.o
    0x0800a8a0   0x0800a8a0   0x00000034   Code   RO         9318    i._Func_4_Hellow    func_4.o
    0x0800a8d4   0x0800a8d4   0x000000d0   Code   RO         9319    i._Func_4_MoveBackward  func_4.o
    0x0800a9a4   0x0800a9a4   0x00000006   Code   RO         9320    i._Func_4_MoveByCoordinates  func_4.o
    0x0800a9aa   0x0800a9aa   0x00000002   PAD
    0x0800a9ac   0x0800a9ac   0x000000e4   Code   RO         9321    i._Func_4_MoveForward  func_4.o
    0x0800aa90   0x0800aa90   0x0000001c   Code   RO         9058    i._Func_FreeMsg     func_common.o
    0x0800aaac   0x0800aaac   0x00000018   Code   RO         9059    i._Func_GatherMsg   func_common.o
    0x0800aac4   0x0800aac4   0x0000001c   Code   RO         9060    i._Func_GetMsg      func_common.o
    0x0800aae0   0x0800aae0   0x00000010   Code   RO         9061    i._Func_Id1RxDone   func_common.o
    0x0800aaf0   0x0800aaf0   0x00000010   Code   RO         9062    i._Func_Id2RxDone   func_common.o
    0x0800ab00   0x0800ab00   0x00000010   Code   RO         9063    i._Func_Id3RxDone   func_common.o
    0x0800ab10   0x0800ab10   0x00000010   Code   RO         9064    i._Func_Id4RxDone   func_common.o
    0x0800ab20   0x0800ab20   0x00000018   Code   RO         9065    i._Func_PutMsg      func_common.o
    0x0800ab38   0x0800ab38   0x00000030   Code   RO         9066    i._Func_TaskCheck   func_common.o
    0x0800ab68   0x0800ab68   0x00000030   Code   RO         9502    i._SysTick_Config   board.o
    0x0800ab98   0x0800ab98   0x00000020   Code   RO         8906    i._Sys_CmdDoFunc    sys_cmd_scheduler.o
    0x0800abb8   0x0800abb8   0x0000001e   Code   RO         8871    i._Sys_CmdRegeditNobeCreate  sys_cmd_regedit.o
    0x0800abd6   0x0800abd6   0x00000012   Code   RO         8927    i._Sys_DoubleListAndDataCheck  sys_double_list.o
    0x0800abe8   0x0800abe8   0x0000001e   Code   RO         8928    i._Sys_DoubleListLen  sys_double_list.o
    0x0800ac06   0x0800ac06   0x00000018   Code   RO         8929    i._Sys_DoubleListNodeCreate  sys_double_list.o
    0x0800ac1e   0x0800ac1e   0x0000001e   Code   RO         8930    i._Sys_DoubleListNodeGet  sys_double_list.o
    0x0800ac3c   0x0800ac3c   0x00000024   Code   RO         8968    i._Sys_TaskCheck    sys_tasks.o
    0x0800ac60   0x0800ac60   0x00000088   Code   RO         8969    i._Sys_TaskCmdScheduler1  sys_tasks.o
    0x0800ace8   0x0800ace8   0x00000088   Code   RO         8970    i._Sys_TaskCmdScheduler2  sys_tasks.o
    0x0800ad70   0x0800ad70   0x00000088   Code   RO         8971    i._Sys_TaskCmdScheduler3  sys_tasks.o
    0x0800adf8   0x0800adf8   0x00000088   Code   RO         8972    i._Sys_TaskCmdScheduler4  sys_tasks.o
    0x0800ae80   0x0800ae80   0x00000040   Code   RO         8973    i._Sys_TaskCmdTransceiver  sys_tasks.o
    0x0800aec0   0x0800aec0   0x00000024   Code   RO         8974    i._Sys_TaskResident1  sys_tasks.o
    0x0800aee4   0x0800aee4   0x00000024   Code   RO         8975    i._Sys_TaskResident2  sys_tasks.o
    0x0800af08   0x0800af08   0x00000024   Code   RO         8976    i._Sys_TaskResident3  sys_tasks.o
    0x0800af2c   0x0800af2c   0x00000024   Code   RO         8977    i._Sys_TaskResident4  sys_tasks.o
    0x0800af50   0x0800af50   0x00000030   Code   RO         9828    i.__ARM_fpclassify  m_wm.l(fpclassify.o)
    0x0800af80   0x0800af80   0x000000e4   Code   RO         7963    i.__Drv_PwmTimerDrivenDone  drv_stepmotor.o
    0x0800b064   0x0800b064   0x00000090   Code   RO         7493    i.__Drv_StepmotorDone  drv_motion_control_components.o
    0x0800b0f4   0x0800b0f4   0x00000004   PAD
    0x0800b0f8   0x0800b0f8   0x00000358   Code   RO         9699    i.__hardfp_acos     m_wm.l(acos.o)
    0x0800b450   0x0800b450   0x000000c8   Code   RO         9713    i.__hardfp_cos      m_wm.l(cos.o)
    0x0800b518   0x0800b518   0x00000358   Code   RO         9725    i.__hardfp_exp      m_wm.l(exp.o)
    0x0800b870   0x0800b870   0x00000c50   Code   RO         9759    i.__hardfp_pow      m_wm.l(pow.o)
    0x0800c4c0   0x0800c4c0   0x000000e0   Code   RO         9773    i.__hardfp_round    m_wm.l(round.o)
    0x0800c5a0   0x0800c5a0   0x0000007a   Code   RO         9777    i.__hardfp_sqrt     m_wm.l(sqrt.o)
    0x0800c61a   0x0800c61a   0x00000006   PAD
    0x0800c620   0x0800c620   0x00000438   Code   RO         9833    i.__ieee754_rem_pio2  m_wm.l(rred.o)
    0x0800ca58   0x0800ca58   0x00000170   Code   RO         9811    i.__kernel_cos      m_wm.l(cos_i.o)
    0x0800cbc8   0x0800cbc8   0x000000f8   Code   RO         9830    i.__kernel_poly     m_wm.l(poly.o)
    0x0800ccc0   0x0800ccc0   0x00000130   Code   RO         9838    i.__kernel_sin      m_wm.l(sin_i.o)
    0x0800cdf0   0x0800cdf0   0x00000030   Code   RO         9814    i.__mathlib_dbl_divzero  m_wm.l(dunder.o)
    0x0800ce20   0x0800ce20   0x00000014   Code   RO         9815    i.__mathlib_dbl_infnan  m_wm.l(dunder.o)
    0x0800ce34   0x0800ce34   0x00000014   Code   RO         9816    i.__mathlib_dbl_infnan2  m_wm.l(dunder.o)
    0x0800ce48   0x0800ce48   0x00000020   Code   RO         9817    i.__mathlib_dbl_invalid  m_wm.l(dunder.o)
    0x0800ce68   0x0800ce68   0x00000020   Code   RO         9818    i.__mathlib_dbl_overflow  m_wm.l(dunder.o)
    0x0800ce88   0x0800ce88   0x00000020   Code   RO         9820    i.__mathlib_dbl_underflow  m_wm.l(dunder.o)
    0x0800cea8   0x0800cea8   0x0000004c   Code   RO         5596    i.__rt_ffs          kservice.o
    0x0800cef4   0x0800cef4   0x0000006a   Code   RO         6374    i._msh_exec_cmd     msh.o
    0x0800cf5e   0x0800cf5e   0x00000002   PAD
    0x0800cf60   0x0800cf60   0x000000a4   Code   RO         5948    i._rt_scheduler_stack_check  scheduler.o
    0x0800d004   0x0800d004   0x00000084   Code   RO         6026    i._rt_thread_init   thread.o
    0x0800d088   0x0800d088   0x00000042   Code   RO         6158    i._rt_timer_init    timer.o
    0x0800d0ca   0x0800d0ca   0x0000001c   Code   RO         6159    i._rt_timer_remove  timer.o
    0x0800d0e6   0x0800d0e6   0x00000002   PAD
    0x0800d0e8   0x0800d0e8   0x0000004c   Code   RO         7133    i._shell_get        osal.o
    0x0800d134   0x0800d134   0x00000020   Code   RO         6027    i._thread_cleanup_execute  thread.o
    0x0800d154   0x0800d154   0x000000fc   Code   RO         9551    i.bus_fault_track   cpuport.o
    0x0800d250   0x0800d250   0x00000010   Code   RO         7134    i.calloc            osal.o
    0x0800d260   0x0800d260   0x00000044   Code   RO         9067    i.cd_Osal_ShowVersion  func_common.o
    0x0800d2a4   0x0800d2a4   0x0000000e   Code   RO         6375    i.cmd_free          msh.o
    0x0800d2b2   0x0800d2b2   0x0000000e   Code   RO         6376    i.cmd_ps            msh.o
    0x0800d2c0   0x0800d2c0   0x0000000a   Code   RO         9068    i.cmd_reboot        func_common.o
    0x0800d2ca   0x0800d2ca   0x00000002   PAD
    0x0800d2cc   0x0800d2cc   0x000003dc   Code   RO         9069    i.cmd_show_can      func_common.o
    0x0800d6a8   0x0800d6a8   0x00000018   Code   RO         9741    i.fabs              m_wm.l(fabs.o)
    0x0800d6c0   0x0800d6c0   0x00000074   Code   RO         6447    i.finsh_get_prompt  shell.o
    0x0800d734   0x0800d734   0x00000008   Code   RO         6449    i.finsh_getchar     shell.o
    0x0800d73c   0x0800d73c   0x0000001c   Code   RO         6452    i.finsh_set_prompt_mode  shell.o
    0x0800d758   0x0800d758   0x00000014   Code   RO         6453    i.finsh_system_function_init  shell.o
    0x0800d76c   0x0800d76c   0x0000009c   Code   RO         6454    i.finsh_system_init  shell.o
    0x0800d808   0x0800d808   0x000004ec   Code   RO         6456    i.finsh_thread_entry  shell.o
    0x0800dcf4   0x0800dcf4   0x0000000c   Code   RO         7136    i.free              osal.o
    0x0800dd00   0x0800dd00   0x00000080   Code   RO         9552    i.hard_fault_track  cpuport.o
    0x0800dd80   0x0800dd80   0x00000020   Code   RO         6270    i.hello             cmd.o
    0x0800dda0   0x0800dda0   0x00000068   Code   RO         6271    i.list              cmd.o
    0x0800de08   0x0800de08   0x00000144   Code   RO         6272    i.list_event        cmd.o
    0x0800df4c   0x0800df4c   0x0000002a   Code   RO         6273    i.list_find_init    cmd.o
    0x0800df76   0x0800df76   0x00000088   Code   RO         6274    i.list_get_next     cmd.o
    0x0800dffe   0x0800dffe   0x00000002   PAD
    0x0800e000   0x0800e000   0x0000015c   Code   RO         6275    i.list_mailbox      cmd.o
    0x0800e15c   0x0800e15c   0x00000078   Code   RO         5773    i.list_mem          mem.o
    0x0800e1d4   0x0800e1d4   0x00000144   Code   RO         6276    i.list_msgqueue     cmd.o
    0x0800e318   0x0800e318   0x00000110   Code   RO         6277    i.list_mutex        cmd.o
    0x0800e428   0x0800e428   0x00000138   Code   RO         6278    i.list_sem          cmd.o
    0x0800e560   0x0800e560   0x000001e4   Code   RO         6279    i.list_thread       cmd.o
    0x0800e744   0x0800e744   0x00000160   Code   RO         6280    i.list_timer        cmd.o
    0x0800e8a4   0x0800e8a4   0x00000022   Code   RO         9613    i.main              main.o
    0x0800e8c6   0x0800e8c6   0x0000000e   Code   RO         5186    i.main_thread_entry  components.o
    0x0800e8d4   0x0800e8d4   0x000000e8   Code   RO         9553    i.mem_manage_fault_track  cpuport.o
    0x0800e9bc   0x0800e9bc   0x000000a0   Code   RO         6377    i.msh_auto_complete  msh.o
    0x0800ea5c   0x0800ea5c   0x0000006c   Code   RO         6378    i.msh_exec          msh.o
    0x0800eac8   0x0800eac8   0x0000005c   Code   RO         6379    i.msh_get_cmd       msh.o
    0x0800eb24   0x0800eb24   0x00000080   Code   RO         6380    i.msh_help          msh.o
    0x0800eba4   0x0800eba4   0x00000004   Code   RO         6381    i.msh_is_used       msh.o
    0x0800eba8   0x0800eba8   0x000000f0   Code   RO         6382    i.msh_split         msh.o
    0x0800ec98   0x0800ec98   0x0000001c   Code   RO         6281    i.object_split      cmd.o
    0x0800ecb4   0x0800ecb4   0x00000078   Code   RO         5774    i.plug_holes        mem.o
    0x0800ed2c   0x0800ed2c   0x00000198   Code   RO         5598    i.print_number      kservice.o
    0x0800eec4   0x0800eec4   0x00000030   Code   RO         5187    i.rt_application_init  components.o
    0x0800eef4   0x0800eef4   0x00000022   Code   RO         5775    i.rt_calloc         mem.o
    0x0800ef16   0x0800ef16   0x00000002   PAD
    0x0800ef18   0x0800ef18   0x0000001c   Code   RO         5188    i.rt_components_board_init  components.o
    0x0800ef34   0x0800ef34   0x0000001c   Code   RO         5189    i.rt_components_init  components.o
    0x0800ef50   0x0800ef50   0x00000020   Code   RO         5950    i.rt_enter_critical  scheduler.o
    0x0800ef70   0x0800ef70   0x00000044   Code   RO         5951    i.rt_exit_critical  scheduler.o
    0x0800efb4   0x0800efb4   0x000000e0   Code   RO         5776    i.rt_free           mem.o
    0x0800f094   0x0800f094   0x00000008   Code   RO         9503    i.rt_heap_begin_get  board.o
    0x0800f09c   0x0800f09c   0x00000008   Code   RO         9504    i.rt_heap_end_get   board.o
    0x0800f0a4   0x0800f0a4   0x00000034   Code   RO         9505    i.rt_hw_board_init  board.o
    0x0800f0d8   0x0800f0d8   0x00000048   Code   RO         7138    i.rt_hw_console_getchar  osal.o
    0x0800f120   0x0800f120   0x00000046   Code   RO         7139    i.rt_hw_console_output  osal.o
    0x0800f166   0x0800f166   0x00000002   PAD
    0x0800f168   0x0800f168   0x0000022c   Code   RO         9557    i.rt_hw_hard_fault_exception  cpuport.o
    0x0800f394   0x0800f394   0x00000050   Code   RO         9558    i.rt_hw_stack_init  cpuport.o
    0x0800f3e4   0x0800f3e4   0x00000020   Code   RO         5569    i.rt_interrupt_enter  irq.o
    0x0800f404   0x0800f404   0x00000020   Code   RO         5571    i.rt_interrupt_leave  irq.o
    0x0800f424   0x0800f424   0x00000014   Code   RO         5298    i.rt_ipc_list_resume  ipc.o
    0x0800f438   0x0800f438   0x0000006e   Code   RO         5300    i.rt_ipc_list_suspend  ipc.o
    0x0800f4a6   0x0800f4a6   0x00000010   Code   RO         5301    i.rt_ipc_object_init  ipc.o
    0x0800f4b6   0x0800f4b6   0x00000002   PAD
    0x0800f4b8   0x0800f4b8   0x00000030   Code   RO         5602    i.rt_kprintf        kservice.o
    0x0800f4e8   0x0800f4e8   0x00000006   Code   RO         5302    i.rt_list_init      ipc.o
    0x0800f4ee   0x0800f4ee   0x00000006   Code   RO         5952    i.rt_list_init      scheduler.o
    0x0800f4f4   0x0800f4f4   0x00000006   Code   RO         6160    i.rt_list_init      timer.o
    0x0800f4fa   0x0800f4fa   0x0000000e   Code   RO         5861    i.rt_list_insert_after  object.o
    0x0800f508   0x0800f508   0x0000000e   Code   RO         6028    i.rt_list_insert_after  thread.o
    0x0800f516   0x0800f516   0x0000000e   Code   RO         6161    i.rt_list_insert_after  timer.o
    0x0800f524   0x0800f524   0x0000000e   Code   RO         5303    i.rt_list_insert_before  ipc.o
    0x0800f532   0x0800f532   0x00000010   Code   RO         5304    i.rt_list_isempty   ipc.o
    0x0800f542   0x0800f542   0x00000010   Code   RO         6162    i.rt_list_isempty   timer.o
    0x0800f552   0x0800f552   0x00000010   Code   RO         6282    i.rt_list_isempty   cmd.o
    0x0800f562   0x0800f562   0x00000014   Code   RO         6283    i.rt_list_len       cmd.o
    0x0800f576   0x0800f576   0x00000012   Code   RO         5862    i.rt_list_remove    object.o
    0x0800f588   0x0800f588   0x00000012   Code   RO         6029    i.rt_list_remove    thread.o
    0x0800f59a   0x0800f59a   0x00000012   Code   RO         6163    i.rt_list_remove    timer.o
    0x0800f5ac   0x0800f5ac   0x0000016c   Code   RO         5777    i.rt_malloc         mem.o
    0x0800f718   0x0800f718   0x00000052   Code   RO         5306    i.rt_mb_create      ipc.o
    0x0800f76a   0x0800f76a   0x000000fa   Code   RO         5310    i.rt_mb_recv        ipc.o
    0x0800f864   0x0800f864   0x00000012   Code   RO         5311    i.rt_mb_send        ipc.o
    0x0800f876   0x0800f876   0x0000010e   Code   RO         5312    i.rt_mb_send_wait   ipc.o
    0x0800f984   0x0800f984   0x00000042   Code   RO         5607    i.rt_memmove        kservice.o
    0x0800f9c6   0x0800f9c6   0x00000048   Code   RO         5608    i.rt_memset         kservice.o
    0x0800fa0e   0x0800fa0e   0x00000054   Code   RO         5863    i.rt_object_allocate  object.o
    0x0800fa62   0x0800fa62   0x00000024   Code   RO         5864    i.rt_object_delete  object.o
    0x0800fa86   0x0800fa86   0x0000001e   Code   RO         5865    i.rt_object_detach  object.o
    0x0800faa4   0x0800faa4   0x00000028   Code   RO         5867    i.rt_object_get_information  object.o
    0x0800facc   0x0800facc   0x00000056   Code   RO         5871    i.rt_object_init    object.o
    0x0800fb22   0x0800fb22   0x00000012   Code   RO         5872    i.rt_object_is_systemobject  object.o
    0x0800fb34   0x0800fb34   0x00000088   Code   RO         5953    i.rt_schedule       scheduler.o
    0x0800fbbc   0x0800fbbc   0x00000050   Code   RO         5954    i.rt_schedule_insert_thread  scheduler.o
    0x0800fc0c   0x0800fc0c   0x00000054   Code   RO         5955    i.rt_schedule_remove_thread  scheduler.o
    0x0800fc60   0x0800fc60   0x0000002a   Code   RO         5330    i.rt_sem_create     ipc.o
    0x0800fc8a   0x0800fc8a   0x00000026   Code   RO         5333    i.rt_sem_init       ipc.o
    0x0800fcb0   0x0800fcb0   0x00000052   Code   RO         5334    i.rt_sem_release    ipc.o
    0x0800fd02   0x0800fd02   0x00000074   Code   RO         5335    i.rt_sem_take       ipc.o
    0x0800fd76   0x0800fd76   0x00000002   PAD
    0x0800fd78   0x0800fd78   0x000000b0   Code   RO         5610    i.rt_show_version   kservice.o
    0x0800fe28   0x0800fe28   0x00000022   Code   RO         5612    i.rt_sprintf        kservice.o
    0x0800fe4a   0x0800fe4a   0x00000034   Code   RO         5618    i.rt_strncpy        kservice.o
    0x0800fe7e   0x0800fe7e   0x00000002   PAD
    0x0800fe80   0x0800fe80   0x000000f8   Code   RO         5780    i.rt_system_heap_init  mem.o
    0x0800ff78   0x0800ff78   0x0000004c   Code   RO         5956    i.rt_system_scheduler_init  scheduler.o
    0x0800ffc4   0x0800ffc4   0x00000030   Code   RO         5957    i.rt_system_scheduler_start  scheduler.o
    0x0800fff4   0x0800fff4   0x0000001c   Code   RO         6164    i.rt_system_timer_init  timer.o
    0x08010010   0x08010010   0x00000002   Code   RO         6165    i.rt_system_timer_thread_init  timer.o
    0x08010012   0x08010012   0x00000050   Code   RO         6031    i.rt_thread_create  thread.o
    0x08010062   0x08010062   0x00000002   PAD
    0x08010064   0x08010064   0x00000058   Code   RO         6034    i.rt_thread_delete  thread.o
    0x080100bc   0x080100bc   0x00000058   Code   RO         6036    i.rt_thread_exit    thread.o
    0x08010114   0x08010114   0x00000018   Code   RO         5254    i.rt_thread_idle_entry  idle.o
    0x0801012c   0x0801012c   0x00000060   Code   RO         5255    i.rt_thread_idle_excute  idle.o
    0x0801018c   0x0801018c   0x0000003c   Code   RO         5257    i.rt_thread_idle_init  idle.o
    0x080101c8   0x080101c8   0x00000034   Code   RO         6038    i.rt_thread_init    thread.o
    0x080101fc   0x080101fc   0x00000014   Code   RO         6039    i.rt_thread_mdelay  thread.o
    0x08010210   0x08010210   0x0000003c   Code   RO         6040    i.rt_thread_resume  thread.o
    0x0801024c   0x0801024c   0x0000000c   Code   RO         6041    i.rt_thread_self    thread.o
    0x08010258   0x08010258   0x00000044   Code   RO         6042    i.rt_thread_sleep   thread.o
    0x0801029c   0x0801029c   0x0000002c   Code   RO         6043    i.rt_thread_startup  thread.o
    0x080102c8   0x080102c8   0x00000044   Code   RO         6044    i.rt_thread_suspend  thread.o
    0x0801030c   0x0801030c   0x00000020   Code   RO         6045    i.rt_thread_timeout  thread.o
    0x0801032c   0x0801032c   0x00000064   Code   RO         6046    i.rt_thread_yield   thread.o
    0x08010390   0x08010390   0x00000038   Code   RO         5117    i.rt_tick_from_millisecond  clock.o
    0x080103c8   0x080103c8   0x0000000c   Code   RO         5118    i.rt_tick_get       clock.o
    0x080103d4   0x080103d4   0x00000030   Code   RO         5119    i.rt_tick_increase  clock.o
    0x08010404   0x08010404   0x000000a4   Code   RO         6166    i.rt_timer_check    timer.o
    0x080104a8   0x080104a8   0x00000062   Code   RO         6167    i.rt_timer_control  timer.o
    0x0801050a   0x0801050a   0x00000028   Code   RO         6170    i.rt_timer_detach   timer.o
    0x08010532   0x08010532   0x0000002e   Code   RO         6171    i.rt_timer_init     timer.o
    0x08010560   0x08010560   0x000000ec   Code   RO         6174    i.rt_timer_start    timer.o
    0x0801064c   0x0801064c   0x00000030   Code   RO         6175    i.rt_timer_stop     timer.o
    0x0801067c   0x0801067c   0x00000340   Code   RO         5621    i.rt_vsnprintf      kservice.o
    0x080109bc   0x080109bc   0x00000016   Code   RO         5622    i.rt_vsprintf       kservice.o
    0x080109d2   0x080109d2   0x00000004   Code   RO         5190    i.rti_board_end     components.o
    0x080109d6   0x080109d6   0x00000002   PAD
    0x080109d8   0x080109d8   0x0000002c   Code   RO         7140    i.rti_board_start   osal.o
    0x08010a04   0x08010a04   0x00000004   Code   RO         5191    i.rti_end           components.o
    0x08010a08   0x08010a08   0x00000004   Code   RO         5192    i.rti_start         components.o
    0x08010a0c   0x08010a0c   0x0000002a   Code   RO         5193    i.rtthread_startup  components.o
    0x08010a36   0x08010a36   0x00000002   PAD
    0x08010a38   0x08010a38   0x00000038   Code   RO         6457    i.shell_auto_complete  shell.o
    0x08010a70   0x08010a70   0x00000030   Code   RO         6458    i.shell_handle_history  shell.o
    0x08010aa0   0x08010aa0   0x000000d8   Code   RO         6459    i.shell_push_history  shell.o
    0x08010b78   0x08010b78   0x00000030   Code   RO         6284    i.show_wait_queue   cmd.o
    0x08010ba8   0x08010ba8   0x00000026   Code   RO         5623    i.skip_atoi         kservice.o
    0x08010bce   0x08010bce   0x0000006e   Code   RO         9779    i.sqrt              m_wm.l(sqrt.o)
    0x08010c3c   0x08010c3c   0x00000020   Code   RO         6383    i.str_common        msh.o
    0x08010c5c   0x08010c5c   0x000000e8   Code   RO         9559    i.usage_fault_track  cpuport.o
    0x08010d44   0x08010d44   0x0000000a   Code   RO         6285    i.version           cmd.o
    0x08010d4e   0x08010d4e   0x00000018   Code   RO         9663    x$fpl$basic         fz_wm.l(basic.o)
    0x08010d66   0x08010d66   0x00000002   PAD
    0x08010d68   0x08010d68   0x00000150   Code   RO         9667    x$fpl$dadd          fz_wm.l(daddsub_clz.o)
    0x08010eb8   0x08010eb8   0x00000010   Code   RO         9864    x$fpl$dcheck1       fz_wm.l(dcheck1.o)
    0x08010ec8   0x08010ec8   0x00000018   Code   RO         9792    x$fpl$dcmpinf       fz_wm.l(dcmpi.o)
    0x08010ee0   0x08010ee0   0x000002b0   Code   RO         9674    x$fpl$ddiv          fz_wm.l(ddiv.o)
    0x08011190   0x08011190   0x0000005e   Code   RO         9677    x$fpl$dfix          fz_wm.l(dfix.o)
    0x080111ee   0x080111ee   0x00000002   PAD
    0x080111f0   0x080111f0   0x0000005a   Code   RO         9681    x$fpl$dfixu         fz_wm.l(dfixu.o)
    0x0801124a   0x0801124a   0x0000002e   Code   RO         9686    x$fpl$dflt          fz_wm.l(dflt_clz.o)
    0x08011278   0x08011278   0x00000026   Code   RO         9685    x$fpl$dfltu         fz_wm.l(dflt_clz.o)
    0x0801129e   0x0801129e   0x00000002   PAD
    0x080112a0   0x080112a0   0x00000078   Code   RO         9691    x$fpl$dleqf         fz_wm.l(dleqf.o)
    0x08011318   0x08011318   0x00000154   Code   RO         9693    x$fpl$dmul          fz_wm.l(dmul.o)
    0x0801146c   0x0801146c   0x0000009c   Code   RO         9796    x$fpl$dnaninf       fz_wm.l(dnaninf.o)
    0x08011508   0x08011508   0x0000000c   Code   RO         9798    x$fpl$dretinf       fz_wm.l(dretinf.o)
    0x08011514   0x08011514   0x0000006c   Code   RO         9695    x$fpl$drleqf        fz_wm.l(drleqf.o)
    0x08011580   0x08011580   0x000000b4   Code   RO         9800    x$fpl$drnd          fz_wm.l(drnd.o)
    0x08011634   0x08011634   0x00000016   Code   RO         9668    x$fpl$drsb          fz_wm.l(daddsub_clz.o)
    0x0801164a   0x0801164a   0x00000002   PAD
    0x0801164c   0x0801164c   0x00000198   Code   RO         9802    x$fpl$dsqrt         fz_wm.l(dsqrt_umaal.o)
    0x080117e4   0x080117e4   0x000001d4   Code   RO         9669    x$fpl$dsub          fz_wm.l(daddsub_clz.o)
    0x080119b8   0x080119b8   0x00000056   Code   RO         9697    x$fpl$f2d           fz_wm.l(f2d.o)
    0x08011a0e   0x08011a0e   0x0000008c   Code   RO         9804    x$fpl$fnaninf       fz_wm.l(fnaninf.o)
    0x08011a9a   0x08011a9a   0x0000000a   Code   RO         9939    x$fpl$fpinit        fz_wm.l(fpinit.o)
    0x08011aa4   0x08011aa4   0x00000064   Code   RO         9879    x$fpl$retnan        fz_wm.l(retnan.o)
    0x08011b08   0x08011b08   0x0000005c   Code   RO         9808    x$fpl$scalbn        fz_wm.l(scalbn.o)
    0x08011b64   0x08011b64   0x00000030   Code   RO         9928    x$fpl$trapveneer    fz_wm.l(trapv.o)
    0x08011b94   0x08011b94   0x00000000   Code   RO         9810    x$fpl$usenofp       fz_wm.l(usenofp.o)
    0x08011b94   0x08011b94   0x00000122   Data   RO         5625    .constdata          kservice.o
    0x08011cb6   0x08011cb6   0x00000010   Data   RO         9455    .constdata          system_stm32f4xx.o
    0x08011cc6   0x08011cc6   0x00000002   PAD
    0x08011cc8   0x08011cc8   0x00000050   Data   RO         9702    .constdata          m_wm.l(acos.o)
    0x08011d18   0x08011d18   0x00000058   Data   RO         9728    .constdata          m_wm.l(exp.o)
    0x08011d70   0x08011d70   0x00000088   Data   RO         9762    .constdata          m_wm.l(pow.o)
    0x08011df8   0x08011df8   0x00000030   Data   RO         9812    .constdata          m_wm.l(cos_i.o)
    0x08011e28   0x08011e28   0x00000008   Data   RO         9832    .constdata          m_wm.l(qnan.o)
    0x08011e30   0x08011e30   0x000000c8   Data   RO         9835    .constdata          m_wm.l(rred.o)
    0x08011ef8   0x08011ef8   0x00000028   Data   RO         9839    .constdata          m_wm.l(sin_i.o)
    0x08011f20   0x08011f20   0x00000044   Data   RO         6286    .conststring        cmd.o
    0x08011f64   0x08011f64   0x00000027   Data   RO         5783    .rodata.name        mem.o
    0x08011f8b   0x08011f8b   0x0000028f   Data   RO         6287    .rodata.name        cmd.o
    0x0801221a   0x0801221a   0x00000076   Data   RO         6384    .rodata.name        msh.o
    0x08012290   0x08012290   0x00000044   Data   RO         9071    .rodata.name        func_common.o
    0x080122d4   0x080122d4   0x00000004   Data   RO         5194    .rti_fn.0           components.o
    0x080122d8   0x080122d8   0x00000004   Data   RO         5195    .rti_fn.0.end       components.o
    0x080122dc   0x080122dc   0x00000004   Data   RO         5196    .rti_fn.1.end       components.o
    0x080122e0   0x080122e0   0x00000004   Data   RO         6462    .rti_fn.6           shell.o
    0x080122e4   0x080122e4   0x00000004   Data   RO         5197    .rti_fn.6.end       components.o
    0x080122e8   0x080122e8   0x0000000c   Data   RO         5784    FSymTab             mem.o
    0x080122f4   0x080122f4   0x000000d8   Data   RO         6288    FSymTab             cmd.o
    0x080123cc   0x080123cc   0x00000024   Data   RO         6385    FSymTab             msh.o
    0x080123f0   0x080123f0   0x00000018   Data   RO         9072    FSymTab             func_common.o
    0x08012408   0x08012408   0x00000020   Data   RO        10007    Region$$Table       anon$$obj.o


    Execution Region RW_IRAM1 (Exec base: 0x20000000, Load base: 0x08012428, Size: 0x0001bed0, Max: 0x00020000, ABSOLUTE, COMPRESSED[0x000000d4])

    Exec Addr    Load Addr    Size         Type   Attr      Idx    E Section Name        Object

    0x20000000   COMPRESSED   0x00000010   Data   RW         2968    .data               stm32f4xx_rcc.o
    0x20000010   COMPRESSED   0x00000004   Data   RW         5121    .data               clock.o
    0x20000014   COMPRESSED   0x00000004   Data   RW         5259    .data               idle.o
    0x20000018   COMPRESSED   0x00000001   Data   RW         5572    .data               irq.o
    0x20000019   COMPRESSED   0x00000003   PAD
    0x2000001c   COMPRESSED   0x00000018   Data   RW         5782    .data               mem.o
    0x20000034   COMPRESSED   0x00000070   Data   RW         5874    .data               object.o
    0x200000a4   COMPRESSED   0x00000018   Data   RW         5959    .data               scheduler.o
    0x200000bc   COMPRESSED   0x0000000c   Data   RW         6176    .data               timer.o
    0x200000c8   COMPRESSED   0x00000018   Data   RW         6461    .data               shell.o
    0x200000e0   COMPRESSED   0x0000000c   Data   RW         6802    .data               hal_can.o
    0x200000ec   COMPRESSED   0x00000002   Data   RW         7142    .data               osal.o
    0x200000ee   COMPRESSED   0x00000002   PAD
    0x200000f0   COMPRESSED   0x00000010   Data   RW         7335    .data               drv_can_interface.o
    0x20000100   COMPRESSED   0x00000898   Data   RW         7495    .data               drv_motion_control_components.o
    0x20000998   COMPRESSED   0x0000021c   Data   RW         7965    .data               drv_stepmotor.o
    0x20000bb4   COMPRESSED   0x00000005   Data   RW         8571    .data               drv_pwm_pin.o
    0x20000bb9   COMPRESSED   0x00000003   PAD
    0x20000bbc   COMPRESSED   0x00000035   Data   RW         8979    .data               sys_tasks.o
    0x20000bf1   COMPRESSED   0x00000003   PAD
    0x20000bf4   COMPRESSED   0x00000008   Data   RW         9070    .data               func_common.o
    0x20000bfc   COMPRESSED   0x000000e0   Data   RW         9160    .data               func_1.o
    0x20000cdc   COMPRESSED   0x00000070   Data   RW         9216    .data               func_2.o
    0x20000d4c   COMPRESSED   0x00000070   Data   RW         9269    .data               func_3.o
    0x20000dbc   COMPRESSED   0x000000e0   Data   RW         9322    .data               func_4.o
    0x20000e9c   COMPRESSED   0x00000004   Data   RW         9456    .data               system_stm32f4xx.o
    0x20000ea0   COMPRESSED   0x00000010   Data   RW         9560    .data               cpuport.o
    0x20000eb0        -       0x00000190   Zero   RW         5258    .bss                idle.o
    0x20001040        -       0x00000080   Zero   RW         5624    .bss                kservice.o
    0x200010c0        -       0x00000028   Zero   RW         5781    .bss                mem.o
    0x200010e8        -       0x00000100   Zero   RW         5958    .bss                scheduler.o
    0x200011e8        -       0x00000081   Zero   RW         6460    .bss                shell.o
    0x20001269   COMPRESSED   0x00000003   PAD
    0x2000126c        -       0x00000040   Zero   RW         6580    .bss                hal_gpio.o
    0x200012ac        -       0x00000050   Zero   RW         6801    .bss                hal_can.o
    0x200012fc        -       0x00000038   Zero   RW         6877    .bss                hal_timer.o
    0x20001334        -       0x00000618   Zero   RW         7010    .bss                hal_uart.o
    0x2000194c        -       0x00000014   Zero   RW         7141    .bss                osal.o
    0x20001960        -       0x00000384   Zero   RW         7334    .bss                drv_can_interface.o
    0x20001ce4        -       0x00000024   Zero   RW         7494    .bss                drv_motion_control_components.o
    0x20001d08        -       0x00000024   Zero   RW         7858    .bss                drv_pwm_timer_driven.o
    0x20001d2c        -       0x00000024   Zero   RW         7964    .bss                drv_stepmotor.o
    0x20001d50        -       0x00000010   Zero   RW         8872    .bss                sys_cmd_regedit.o
    0x20001d60        -       0x00000010   Zero   RW         8978    .bss                sys_tasks.o
    0x20001d70        -       0x00017000   Zero   RW         9506    .bss                board.o
    0x20018d70        -       0x00000060   Zero   RW         9867    .bss                c_w.l(libspace.o)
    0x20018dd0        -       0x00000100   Zero   RW         9492    HEAP                startup_stm32f40xx.o
    0x20018ed0        -       0x00003000   Zero   RW         9491    STACK               startup_stm32f40xx.o


==============================================================================

Image component sizes


      Code (inc. data)   RO Data    RW Data    ZI Data      Debug   Object Name

       132         16          0          0      94208       3835   board.o
       116         12          0          4          0       9694   clock.o
      2852        986        939          0          0      20735   cmd.o
       182         30         16          0          0       6416   components.o
       308         28          0          0          0        856   context_rvds.o
      1480        738          0         16          0       6626   cpuport.o
      5618        186          0         16        900      19633   drv_can_interface.o
        68          0          0          0          0       2260   drv_led.o
      5948        362          0       2200         36      38039   drv_motion_control_components.o
       484         36          0          5          0       4823   drv_pwm_pin.o
       814        106          0          0         36       9921   drv_pwm_timer_driven.o
      7132        266          0        540         36      15643   drv_stepmotor.o
      2670        114          0        224          0       6395   func_1.o
      1214         92          0        112          0       4647   func_2.o
      1214         92          0        112          0       4647   func_3.o
      2666        112          0        224          0       4819   func_4.o
      1602        808         92          8          0       8263   func_common.o
      1968         98          0         12         80       7715   hal_can.o
       160         22          0          0          0      37617   hal_chip.o
      1604        122          0          0         64      11905   hal_gpio.o
      2564        386          0          0         56      13294   hal_timer.o
      1652        174          0          0       1560       8563   hal_uart.o
       180         32          0          4        400       5684   idle.o
      1080          0          0          0          0      13880   ipc.o
        64         12          0          1          0       1910   irq.o
      1824        164        290          0        128      11472   kservice.o
        34          0          0          0          0        523   main.o
      1110        310         51         24         40       5983   mem.o
       140         24          0          0          0     304515   misc.o
       898        162        154          0          0      10356   msh.o
       326          4          0        112          0       9296   object.o
      1008        360          0          2         20      15008   osal.o
       694        174          0         24        256      10182   scheduler.o
      1908        172          4         24        129      12564   shell.o
        64         26        392          0      12544        900   startup_stm32f40xx.o
      1340         34          0          0          0       7187   stm32f4xx_can.o
       184         16          0          0          0       2524   stm32f4xx_exti.o
       260          0          0          0          0       4177   stm32f4xx_gpio.o
        18          0          0          0          0       3119   stm32f4xx_it.o
       392         48          0         16          0       6605   stm32f4xx_rcc.o
        64          4          0          0          0        748   stm32f4xx_syscfg.o
       688         82          0          0          0       9122   stm32f4xx_tim.o
       530          8          0          0          0       9115   stm32f4xx_usart.o
       230          6          0          0         16       5955   sys_cmd_regedit.o
        64          4          0          0          0       2055   sys_cmd_scheduler.o
       340          0          0          0          0       5419   sys_double_list.o
      1324        326          0         53         16       9788   sys_tasks.o
       532         54         16          4          0       2761   system_stm32f4xx.o
       908         44          0          0          0      14735   thread.o
       810         24          0         12          0      13168   timer.o

    ----------------------------------------------------------------------
     59526       6880       1988       3760     110528     745097   Object Totals
         0          0         32          0          0          0   (incl. Generated)
        64          4          2         11          3          0   (incl. Padding)

    ----------------------------------------------------------------------

      Code (inc. data)   RO Data    RW Data    ZI Data      Debug   Library Member Name

        90          0          0          0          0          0   __dczerorl2.o
         8          0          0          0          0         68   __main.o
         0          0          0          0          0          0   __rtentry.o
        12          0          0          0          0          0   __rtentry2.o
         6          0          0          0          0          0   __rtentry4.o
        52          8          0          0          0          0   __scatter.o
        28          0          0          0          0          0   __scatter_zi.o
        22          0          0          0          0        100   _rserrno.o
        18          0          0          0          0         80   exit.o
         6          0          0          0          0        152   heapauxi.o
         0          0          0          0          0          0   indicate_semi.o
         2          0          0          0          0          0   libinit.o
         6          0          0          0          0          0   libinit2.o
         2          0          0          0          0          0   libshutdown.o
         2          0          0          0          0          0   libshutdown2.o
         8          4          0          0         96         68   libspace.o
        88          0          0          0          0         76   memcmp.o
         8          4          0          0          0         68   rt_errno_addr_intlibspace.o
        68          0          0          0          0         68   rt_memclr.o
        78          0          0          0          0         80   rt_memclr_w.o
       138          0          0          0          0         68   rt_memcpy_v6.o
       100          0          0          0          0         80   rt_memcpy_w.o
         2          0          0          0          0          0   rtexit.o
        10          0          0          0          0          0   rtexit2.o
        24          0          0          0          0         68   strcat.o
        72          0          0          0          0         80   strcpy.o
        62          0          0          0          0         76   strlen.o
       150          0          0          0          0         80   strncmp.o
        86          0          0          0          0         76   strncpy.o
        12          4          0          0          0         68   sys_exit.o
        74          0          0          0          0         80   sys_stackheap_outer.o
         2          0          0          0          0         68   use_no_semi.o
        24          0          0          0          0        164   basic.o
       826         16          0          0          0        492   daddsub_clz.o
        16          4          0          0          0        116   dcheck1.o
        24          0          0          0          0        116   dcmpi.o
       688        140          0          0          0        256   ddiv.o
        94          4          0          0          0        140   dfix.o
        90          4          0          0          0        140   dfixu.o
        84          0          0          0          0        232   dflt_clz.o
       120          4          0          0          0        140   dleqf.o
       340         12          0          0          0        152   dmul.o
       156          4          0          0          0        140   dnaninf.o
        12          0          0          0          0        116   dretinf.o
       108          0          0          0          0        128   drleqf.o
       180          4          0          0          0        128   drnd.o
       408         56          0          0          0        168   dsqrt_umaal.o
        86          4          0          0          0        132   f2d.o
       140          4          0          0          0        132   fnaninf.o
        10          0          0          0          0        116   fpinit.o
       100          0          0          0          0        116   retnan.o
        92          0          0          0          0        116   scalbn.o
        48          0          0          0          0        116   trapv.o
         0          0          0          0          0          0   usenofp.o
       856        118         80          0          0        288   acos.o
       200         20          0          0          0        164   cos.o
       368         46         48          0          0        200   cos_i.o
       184         44          0          0          0        744   dunder.o
       856        142         88          0          0        288   exp.o
        24          0          0          0          0        124   fabs.o
        48          0          0          0          0        124   fpclassify.o
       248          0          0          0          0        152   poly.o
      3152        296        136          0          0        352   pow.o
         0          0          8          0          0          0   qnan.o
       224         30          0          0          0        172   round.o
      1080        142        200          0          0        188   rred.o
       304         24         40          0          0        208   sin_i.o
       232          0          0          0          0        296   sqrt.o

    ----------------------------------------------------------------------
     12678       1138        600          0         96       8160   Library Totals
        20          0          0          0          0          0   (incl. Padding)

    ----------------------------------------------------------------------

      Code (inc. data)   RO Data    RW Data    ZI Data      Debug   Library Name

      1236         20          0          0         96       1504   c_w.l
      3646        256          0          0          0       3356   fz_wm.l
      7776        862        600          0          0       3300   m_wm.l

    ----------------------------------------------------------------------
     12678       1138        600          0         96       8160   Library Totals

    ----------------------------------------------------------------------

==============================================================================


      Code (inc. data)   RO Data    RW Data    ZI Data      Debug   

     72204       8018       2588       3760     110624     706977   Grand Totals
     72204       8018       2588        212     110624     706977   ELF Image Totals (compressed)
     72204       8018       2588        212          0          0   ROM Totals

==============================================================================

    Total RO  Size (Code + RO Data)                74792 (  73.04kB)
    Total RW  Size (RW Data + ZI Data)            114384 ( 111.70kB)
    Total ROM Size (Code + RO Data + RW Data)      75004 (  73.25kB)

==============================================================================

